157.55.39.104 - - [06/Apr/2020:19:19:25 +0200] "GET /06v6jw1prh08ikla1sp.at HTTP/1.1" 404 1108 "-" "Mozilla/5.0 (compatible; bingbot/2.0; +http://www.bing.com/bingbot.htm)"
46.229.168.133 - - [06/Apr/2020:19:19:27 +0200] "GET /index.php/l68dw.tax HTTP/1.1" 200 4618 "-" "Mozilla/5.0 (compatible; SemrushBot/6~bl; +http://www.semrush.com/bot.html)"
46.229.168.136 - - [06/Apr/2020:19:19:47 +0200] "GET /index.php/ouwkqbax2wf3xogrdwr7qolsbbyg0cdxiq6ihw.lu HTTP/1.1" 200 4618 "-" "Mozilla/5.0 (compatible; SemrushBot/6~bl; +http://www.semrush.com/bot.html)"
157.55.39.104 - - [06/Apr/2020:19:19:59 +0200] "GET /x3iz4xrazmry7hnyl.site HTTP/1.1" 404 1108 "-" "msnbot/2.0b (+http://search.msn.com/msnbot.htm)"
114.119.160.29 - - [06/Apr/2020:19:20:05 +0200] "GET /panier?add&id_product=56&token=776a2fe02a430bf9f41f77c159252009 HTTP/1.1" 404 1108 "-" "Mozilla/5.0 (Linux; Android 7.0;) AppleWebKit/537.36 (KHTML, like Gecko) Mobile Safari/537.36 (compatible; AspiegelBot)"
46.229.168.135 - - [06/Apr/2020:19:20:20 +0200] "GET /index.php/poobvn6p1rxsywxw328jhd527ojs35ualxke98ky4jw8r.fi HTTP/1.1" 200 4618 "-" "Mozilla/5.0 (compatible; SemrushBot/6~bl; +http://www.semrush.com/bot.html)"
176.123.6.10 - - [06/Apr/2020:19:20:32 +0200] "POST /modules/smartprestashopthemeadmin/upload/26.php HTTP/1.1" 404 1077 "-" "curl/7.19.7 (x86_64-redhat-linux-gnu) libcurl/7.19.7 NSS/3.44 zlib/1.2.3 libidn/1.18 libssh2/1.4.2"
40.77.167.99 - - [06/Apr/2020:19:21:23 +0200] "GET /four-terrorists-killed-in-an-encounter-at-panjran-in-jammu-kashmir/respond HTTP/1.1" 404 1108 "-" "Mozilla/5.0 (compatible; bingbot/2.0; +http://www.bing.com/bingbot.htm)"
40.77.167.164 - - [06/Apr/2020:19:21:41 +0200] "GET /2011/03/003c-f2.jpg HTTP/1.1" 404 1108 "-" "Mozilla/5.0 (compatible; bingbot/2.0; +http://www.bing.com/bingbot.htm)"
40.77.167.164 - - [06/Apr/2020:19:21:41 +0200] "GET /2010/04/morsecodeletters.jpg HTTP/1.1" 404 1107 "-" "Mozilla/5.0 (compatible; bingbot/2.0; +http://www.bing.com/bingbot.htm)"
77.75.77.17 - - [06/Apr/2020:19:21:48 +0200] "GET /robots.txt HTTP/1.1" 404 1108 "-" "Mozilla/5.0 (compatible; SeznamBot/3.2; +http://napoveda.seznam.cz/en/seznambot-intro/)"
77.75.77.17 - - [06/Apr/2020:19:21:48 +0200] "GET /index.php/sitemap213.xml HTTP/1.1" 200 4655 "-" "Mozilla/5.0 (compatible; SeznamBot/3.2; +http://napoveda.seznam.cz/en/seznambot-intro/)"
185.220.101.27 - - [06/Apr/2020:19:22:34 +0200] "POST /modules/smartprestashopthemeadmin/upload/26.php HTTP/1.1" 404 1077 "-" "curl/7.19.7 (x86_64-redhat-linux-gnu) libcurl/7.19.7 NSS/3.44 zlib/1.2.3 libidn/1.18 libssh2/1.4.2"
157.55.39.104 - - [06/Apr/2020:19:23:20 +0200] "GET /x3jcig.vu HTTP/1.1" 404 1108 "-" "Mozilla/5.0 (compatible; bingbot/2.0; +http://www.bing.com/bingbot.htm)"
46.229.168.138 - - [06/Apr/2020:19:23:20 +0200] "GET /index.php/vw81.pt HTTP/1.1" 200 4618 "-" "Mozilla/5.0 (compatible; SemrushBot/6~bl; +http://www.semrush.com/bot.html)"
18.178.251.24 - - [06/Apr/2020:19:23:35 +0200] "GET /?sadhjahsjdkx HTTP/1.1" 200 17615 "https://www.google.com" "Mozilla/5.0 (X11; OpenBSD i386) AppleWebKit/537.36 (KHTML, like Gecko) Chrome/36.0.1985.125 Safari/537.36"
40.77.167.36 - - [06/Apr/2020:19:23:54 +0200] "GET /yk5l5.mom HTTP/1.1" 404 1108 "-" "msnbot/2.0b (+http://search.msn.com/msnbot.htm)"
51.68.201.118 - - [06/Apr/2020:19:24:36 +0200] "POST /modules/smartprestashopthemeadmin/upload/26.php HTTP/1.1" 404 1077 "-" "curl/7.19.7 (x86_64-redhat-linux-gnu) libcurl/7.19.7 NSS/3.44 zlib/1.2.3 libidn/1.18 libssh2/1.4.2"
13.66.139.0 - - [06/Apr/2020:19:24:36 +0200] "GET /4_ldyoubpsatexg21199lb/ HTTP/1.1" 404 1108 "-" "Mozilla/5.0 (compatible; bingbot/2.0; +http://www.bing.com/bingbot.htm)"
192.184.46.243 - - [06/Apr/2020:19:24:45 +0200] "GET //modules/smartprestashopthemeadmin/upload/hx.php?gc=2397&dm=jppr2.xyz&fl=index.php&rn=637218192785293750&id=2397 HTTP/1.1" 404 1108 "-" "Mozilla/5.0 (compatible; MSIE 9.0; Windows NT 6.1; Trident/5.0)"
192.184.46.243 - - [06/Apr/2020:19:24:45 +0200] "GET //modules/smartprestashopthemeadmin/upload/hx.php?gc=2397&dm=jppr2.xyz&fl=index.php&rn=637218192788887500&id=2397 HTTP/1.1" 404 1052 "-" "Mozilla/5.0 (compatible; MSIE 9.0; Windows NT 6.1; Trident/5.0)"
192.184.46.243 - - [06/Apr/2020:19:24:46 +0200] "GET //modules/smartprestashopthemeadmin/upload/hx.php?gc=2397&dm=jppr2.xyz&fl=index.php&rn=637218192790762500&id=2397 HTTP/1.1" 404 1052 "-" "Mozilla/5.0 (compatible; MSIE 9.0; Windows NT 6.1; Trident/5.0)"
46.229.168.133 - - [06/Apr/2020:19:25:09 +0200] "GET /index.php/oq6b1knzyzd.jo HTTP/1.1" 200 4618 "-" "Mozilla/5.0 (compatible; SemrushBot/6~bl; +http://www.semrush.com/bot.html)"
40.77.167.36 - - [06/Apr/2020:19:25:59 +0200] "GET /j86n95sj.yoga HTTP/1.1" 404 1108 "-" "Mozilla/5.0 (compatible; bingbot/2.0; +http://www.bing.com/bingbot.htm)"
40.77.167.99 - - [06/Apr/2020:19:26:03 +0200] "GET /z8xfsxy0mbt.wtf HTTP/1.1" 404 1108 "-" "Mozilla/5.0 (compatible; bingbot/2.0; +http://www.bing.com/bingbot.htm)"
46.229.168.143 - - [06/Apr/2020:19:26:18 +0200] "GET /index.php/fe6rqaljtyboaoc4zfm1pquc2o3s88k.tp HTTP/1.1" 200 4618 "-" "Mozilla/5.0 (compatible; SemrushBot/6~bl; +http://www.semrush.com/bot.html)"
40.77.167.99 - - [06/Apr/2020:19:26:21 +0200] "GET /x89rv.bt HTTP/1.1" 404 1108 "-" "Mozilla/5.0 (compatible; bingbot/2.0; +http://www.bing.com/bingbot.htm)"
51.68.201.118 - - [06/Apr/2020:19:26:37 +0200] "POST /modules/smartprestashopthemeadmin/upload/26.php HTTP/1.1" 404 1077 "-" "curl/7.19.7 (x86_64-redhat-linux-gnu) libcurl/7.19.7 NSS/3.44 zlib/1.2.3 libidn/1.18 libssh2/1.4.2"
17.58.102.79 - - [06/Apr/2020:19:27:08 +0200] "GET /commande-rapide HTTP/1.1" 404 1052 "-" "Mozilla/5.0 (Macintosh; Intel Mac OS X 10_10_1) AppleWebKit/600.2.5 (KHTML, like Gecko) Version/8.0.2 Safari/600.2.5 (Applebot/0.1; +http://www.apple.com/go/applebot)"
23.100.232.233 - - [06/Apr/2020:19:27:17 +0200] "GET /jt3r6an.sj HTTP/1.1" 404 1108 "-" "Mozilla/5.0 (compatible; MSIE 9.0; Windows NT 6.0; Trident/5.0;  Trident/5.0)"
23.100.232.233 - - [06/Apr/2020:19:27:19 +0200] "GET /error_docs/styles.css HTTP/1.1" 200 1291 "http://www.materiel-esthetique.fr/jt3r6an.sj" "Mozilla/5.0 (compatible; MSIE 9.0; Windows NT 6.0; Trident/5.0;  Trident/5.0)"
23.100.232.233 - - [06/Apr/2020:19:27:20 +0200] "GET /error_docs/server.svg HTTP/1.1" 200 7714 "http://www.materiel-esthetique.fr/jt3r6an.sj" "Mozilla/5.0 (compatible; MSIE 9.0; Windows NT 6.0; Trident/5.0;  Trident/5.0)"
40.77.167.37 - - [06/Apr/2020:19:27:53 +0200] "GET /6eflqs.bd HTTP/1.1" 404 1108 "-" "Mozilla/5.0 (compatible; bingbot/2.0; +http://www.bing.com/bingbot.htm)"
46.229.168.154 - - [06/Apr/2020:19:28:10 +0200] "GET /robots.txt HTTP/1.1" 404 1071 "-" "Mozilla/5.0 (compatible; SemrushBot/6~bl; +http://www.semrush.com/bot.html)"
46.229.168.131 - - [06/Apr/2020:19:28:11 +0200] "GET /index.php/bqxv5rojric.bd HTTP/1.1" 200 4618 "-" "Mozilla/5.0 (compatible; SemrushBot/6~bl; +http://www.semrush.com/bot.html)"
51.68.201.118 - - [06/Apr/2020:19:28:39 +0200] "POST /modules/smartprestashopthemeadmin/upload/26.php HTTP/1.1" 404 1077 "-" "curl/7.19.7 (x86_64-redhat-linux-gnu) libcurl/7.19.7 NSS/3.44 zlib/1.2.3 libidn/1.18 libssh2/1.4.2"
40.77.167.37 - - [06/Apr/2020:19:28:45 +0200] "GET /gvkw0l.comtw HTTP/1.1" 404 1108 "-" "Mozilla/5.0 (compatible; bingbot/2.0; +http://www.bing.com/bingbot.htm)"
40.77.167.99 - - [06/Apr/2020:19:29:07 +0200] "GET /5228969/ HTTP/1.1" 404 1108 "-" "Mozilla/5.0 (compatible; bingbot/2.0; +http://www.bing.com/bingbot.htm)"
40.77.167.36 - - [06/Apr/2020:19:29:52 +0200] "GET /592e7nq.pt HTTP/1.1" 404 1108 "-" "Mozilla/5.0 (compatible; bingbot/2.0; +http://www.bing.com/bingbot.htm)"
40.77.167.99 - - [06/Apr/2020:19:30:29 +0200] "GET /ua07.ke HTTP/1.1" 404 1108 "-" "Mozilla/5.0 (compatible; bingbot/2.0; +http://www.bing.com/bingbot.htm)"
51.68.201.118 - - [06/Apr/2020:19:30:41 +0200] "POST /modules/smartprestashopthemeadmin/upload/26.php HTTP/1.1" 404 1077 "-" "curl/7.19.7 (x86_64-redhat-linux-gnu) libcurl/7.19.7 NSS/3.44 zlib/1.2.3 libidn/1.18 libssh2/1.4.2"
192.184.46.243 - - [06/Apr/2020:19:30:46 +0200] "GET //modules/smartprestashopthemeadmin/upload/hx.php?gc=2397&dm=jppr2.xyz&fl=index.php&rn=637218196397325000&id=2397 HTTP/1.1" 404 1108 "-" "Mozilla/5.0 (compatible; MSIE 9.0; Windows NT 6.1; Trident/5.0)"
192.184.46.243 - - [06/Apr/2020:19:30:47 +0200] "GET //modules/smartprestashopthemeadmin/upload/hx.php?gc=2397&dm=jppr2.xyz&fl=index.php&rn=637218196401075000&id=2397 HTTP/1.1" 404 1052 "-" "Mozilla/5.0 (compatible; MSIE 9.0; Windows NT 6.1; Trident/5.0)"
192.184.46.243 - - [06/Apr/2020:19:30:47 +0200] "GET //modules/smartprestashopthemeadmin/upload/hx.php?gc=2397&dm=jppr2.xyz&fl=index.php&rn=637218196402950000&id=2397 HTTP/1.1" 404 1052 "-" "Mozilla/5.0 (compatible; MSIE 9.0; Windows NT 6.1; Trident/5.0)"
46.229.168.162 - - [06/Apr/2020:19:31:13 +0200] "GET /index.php/rb5qchncpbfd4ovyguc7tkezgpf4wwvmdekz.science HTTP/1.1" 200 4618 "-" "Mozilla/5.0 (compatible; SemrushBot/6~bl; +http://www.semrush.com/bot.html)"
66.249.79.232 - - [06/Apr/2020:19:31:29 +0200] "GET /fwl HTTP/1.1" 404 1108 "-" "Mozilla/5.0 (Linux; Android 6.0.1; Nexus 5X Build/MMB29P) AppleWebKit/537.36 (KHTML, like Gecko) Chrome/41.0.2272.96 Mobile Safari/537.36 (compatible; Googlebot/2.1; +http://www.google.com/bot.html)"
40.77.167.36 - - [06/Apr/2020:19:31:57 +0200] "GET /y83wgvqkwknbvvb.site HTTP/1.1" 404 1108 "-" "Mozilla/5.0 (compatible; bingbot/2.0; +http://www.bing.com/bingbot.htm)"
46.229.168.133 - - [06/Apr/2020:19:32:02 +0200] "GET /index.php/i69uyaevale04.watch HTTP/1.1" 200 4618 "-" "Mozilla/5.0 (compatible; SemrushBot/6~bl; +http://www.semrush.com/bot.html)"
51.68.201.118 - - [06/Apr/2020:19:32:42 +0200] "POST /modules/smartprestashopthemeadmin/upload/26.php HTTP/1.1" 404 1077 "-" "curl/7.19.7 (x86_64-redhat-linux-gnu) libcurl/7.19.7 NSS/3.44 zlib/1.2.3 libidn/1.18 libssh2/1.4.2"
40.77.167.36 - - [06/Apr/2020:19:32:47 +0200] "GET /ughgihg.pm HTTP/1.1" 404 1108 "-" "Mozilla/5.0 (compatible; bingbot/2.0; +http://www.bing.com/bingbot.htm)"
40.77.167.99 - - [06/Apr/2020:19:32:52 +0200] "GET /15k7f HTTP/1.1" 404 1108 "-" "Mozilla/5.0 (compatible; bingbot/2.0; +http://www.bing.com/bingbot.htm)"
46.229.168.154 - - [06/Apr/2020:19:34:03 +0200] "GET /index.php/g11pas6qhuyf HTTP/1.1" 200 4618 "-" "Mozilla/5.0 (compatible; SemrushBot/6~bl; +http://www.semrush.com/bot.html)"
185.220.103.7 - - [06/Apr/2020:19:34:45 +0200] "POST /modules/smartprestashopthemeadmin/upload/26.php HTTP/1.1" 404 1077 "-" "curl/7.19.7 (x86_64-redhat-linux-gnu) libcurl/7.19.7 NSS/3.44 zlib/1.2.3 libidn/1.18 libssh2/1.4.2"
46.229.168.137 - - [06/Apr/2020:19:34:45 +0200] "GET /index.php/6ebag5qqznnhjgar HTTP/1.1" 200 4618 "-" "Mozilla/5.0 (compatible; SemrushBot/6~bl; +http://www.semrush.com/bot.html)"
46.229.168.140 - - [06/Apr/2020:19:34:47 +0200] "GET /index.php/hdbnyof8ylnhw.sg HTTP/1.1" 200 4618 "-" "Mozilla/5.0 (compatible; SemrushBot/6~bl; +http://www.semrush.com/bot.html)"
192.184.46.243 - - [06/Apr/2020:19:36:34 +0200] "GET //modules/smartprestashopthemeadmin/upload/hx.php?gc=2397&dm=jppr2.xyz&fl=index.php&rn=637218199875606250&id=2397 HTTP/1.1" 404 1108 "-" "Mozilla/5.0 (compatible; MSIE 9.0; Windows NT 6.1; Trident/5.0)"
192.184.46.243 - - [06/Apr/2020:19:36:34 +0200] "GET //modules/smartprestashopthemeadmin/upload/hx.php?gc=2397&dm=jppr2.xyz&fl=index.php&rn=637218199879200000&id=2397 HTTP/1.1" 404 1052 "-" "Mozilla/5.0 (compatible; MSIE 9.0; Windows NT 6.1; Trident/5.0)"
192.184.46.243 - - [06/Apr/2020:19:36:35 +0200] "GET //modules/smartprestashopthemeadmin/upload/hx.php?gc=2397&dm=jppr2.xyz&fl=index.php&rn=637218199881231250&id=2397 HTTP/1.1" 404 1052 "-" "Mozilla/5.0 (compatible; MSIE 9.0; Windows NT 6.1; Trident/5.0)"
198.50.158.140 - - [06/Apr/2020:19:36:47 +0200] "POST /modules/smartprestashopthemeadmin/upload/26.php HTTP/1.1" 404 1077 "-" "curl/7.19.7 (x86_64-redhat-linux-gnu) libcurl/7.19.7 NSS/3.44 zlib/1.2.3 libidn/1.18 libssh2/1.4.2"
46.229.168.141 - - [06/Apr/2020:19:37:54 +0200] "GET /index.php/73xof8yxwdcli0bujicdy7iebhoqlhugv7qvmmg.br HTTP/1.1" 200 4618 "-" "Mozilla/5.0 (compatible; SemrushBot/6~bl; +http://www.semrush.com/bot.html)"
134.249.233.205 - - [06/Apr/2020:19:38:44 +0200] "GET /55rtr HTTP/1.0" 404 1071 "http://www.materiel-esthetique.fr/55rtr" "Mozilla/5.0 (Windows NT 6.1; Win64; x64) AppleWebKit/537.36 (KHTML, like Gecko) Chrome/67.0.3396.87 Safari/537.36 OPR/54.0.2952.71"
134.249.233.205 - - [06/Apr/2020:19:38:44 +0200] "GET / HTTP/1.0" 200 17578 "http://www.materiel-esthetique.fr/" "Mozilla/5.0 (Windows NT 6.1; Win64; x64) AppleWebKit/537.36 (KHTML, like Gecko) Chrome/67.0.3396.87 Safari/537.36 OPR/54.0.2952.71"
198.50.158.140 - - [06/Apr/2020:19:38:50 +0200] "POST /modules/smartprestashopthemeadmin/upload/26.php HTTP/1.1" 404 1077 "-" "curl/7.19.7 (x86_64-redhat-linux-gnu) libcurl/7.19.7 NSS/3.44 zlib/1.2.3 libidn/1.18 libssh2/1.4.2"
17.58.102.79 - - [06/Apr/2020:19:38:55 +0200] "GET /materiel-neuf/100-turbine-riviera-tan-.html HTTP/1.1" 404 1052 "-" "Mozilla/5.0 (Macintosh; Intel Mac OS X 10_10_1) AppleWebKit/600.2.5 (KHTML, like Gecko) Version/8.0.2 Safari/600.2.5 (Applebot/0.1; +http://www.apple.com/go/applebot)"
134.249.233.205 - - [06/Apr/2020:19:39:25 +0200] "GET /55rtr HTTP/1.1" 404 1108 "-" "Mozilla/5.0 (Windows NT 10.0; Win64; x64) AppleWebKit/537.36 (KHTML, like Gecko) Chrome/78.0.3904.108 Safari/537.36"
46.229.168.139 - - [06/Apr/2020:19:39:53 +0200] "GET /index.php/qgcdk7w.photos HTTP/1.1" 200 4618 "-" "Mozilla/5.0 (compatible; SemrushBot/6~bl; +http://www.semrush.com/bot.html)"
46.229.168.151 - - [06/Apr/2020:19:40:02 +0200] "GET /index.php/7n6pl4hzs3u485fprcg22l02641lvp29rzhojm.gu HTTP/1.1" 200 4618 "-" "Mozilla/5.0 (compatible; SemrushBot/6~bl; +http://www.semrush.com/bot.html)"
198.50.158.140 - - [06/Apr/2020:19:40:53 +0200] "POST /modules/smartprestashopthemeadmin/upload/26.php HTTP/1.1" 404 1077 "-" "curl/7.19.7 (x86_64-redhat-linux-gnu) libcurl/7.19.7 NSS/3.44 zlib/1.2.3 libidn/1.18 libssh2/1.4.2"
192.184.46.243 - - [06/Apr/2020:19:41:19 +0200] "GET //modules/smartprestashopthemeadmin/upload/hx.php?gc=2397&dm=jppr2.xyz&fl=index.php&rn=637218202722325000&id=2397 HTTP/1.1" 404 1108 "-" "Mozilla/5.0 (compatible; MSIE 9.0; Windows NT 6.1; Trident/5.0)"
192.184.46.243 - - [06/Apr/2020:19:41:19 +0200] "GET //modules/smartprestashopthemeadmin/upload/hx.php?gc=2397&dm=jppr2.xyz&fl=index.php&rn=637218202725762500&id=2397 HTTP/1.1" 404 1052 "-" "Mozilla/5.0 (compatible; MSIE 9.0; Windows NT 6.1; Trident/5.0)"
192.184.46.243 - - [06/Apr/2020:19:41:19 +0200] "GET //modules/smartprestashopthemeadmin/upload/hx.php?gc=2397&dm=jppr2.xyz&fl=index.php&rn=637218202727793750&id=2397 HTTP/1.1" 404 1052 "-" "Mozilla/5.0 (compatible; MSIE 9.0; Windows NT 6.1; Trident/5.0)"
46.229.168.129 - - [06/Apr/2020:19:42:53 +0200] "GET /index.php/39g0rt865dteon8qp3apph195jblm5kw0r06u.lv HTTP/1.1" 200 4618 "-" "Mozilla/5.0 (compatible; SemrushBot/6~bl; +http://www.semrush.com/bot.html)"
198.50.158.140 - - [06/Apr/2020:19:42:56 +0200] "POST /modules/smartprestashopthemeadmin/upload/26.php HTTP/1.1" 404 1077 "-" "curl/7.19.7 (x86_64-redhat-linux-gnu) libcurl/7.19.7 NSS/3.44 zlib/1.2.3 libidn/1.18 libssh2/1.4.2"
46.229.168.148 - - [06/Apr/2020:19:43:05 +0200] "GET /index.php/g5z59ful.kp HTTP/1.1" 200 4618 "-" "Mozilla/5.0 (compatible; SemrushBot/6~bl; +http://www.semrush.com/bot.html)"
46.229.168.162 - - [06/Apr/2020:19:43:11 +0200] "GET /index.php/dp59phn30t.lu HTTP/1.1" 200 4618 "-" "Mozilla/5.0 (compatible; SemrushBot/6~bl; +http://www.semrush.com/bot.html)"
46.229.168.134 - - [06/Apr/2020:19:43:42 +0200] "GET /index.php/4nmv.jo HTTP/1.1" 200 4618 "-" "Mozilla/5.0 (compatible; SemrushBot/6~bl; +http://www.semrush.com/bot.html)"
198.50.158.140 - - [06/Apr/2020:19:44:58 +0200] "POST /modules/smartprestashopthemeadmin/upload/26.php HTTP/1.1" 404 1077 "-" "curl/7.19.7 (x86_64-redhat-linux-gnu) libcurl/7.19.7 NSS/3.44 zlib/1.2.3 libidn/1.18 libssh2/1.4.2"
46.229.168.151 - - [06/Apr/2020:19:46:51 +0200] "GET /index.php/5ehvnl3 HTTP/1.1" 200 4618 "-" "Mozilla/5.0 (compatible; SemrushBot/6~bl; +http://www.semrush.com/bot.html)"
178.175.138.59 - - [06/Apr/2020:19:47:00 +0200] "POST /modules/smartprestashopthemeadmin/upload/26.php HTTP/1.1" 404 1077 "-" "curl/7.19.7 (x86_64-redhat-linux-gnu) libcurl/7.19.7 NSS/3.44 zlib/1.2.3 libidn/1.18 libssh2/1.4.2"
46.229.168.131 - - [06/Apr/2020:19:47:07 +0200] "GET /index.php/lrp0cnk008q.life HTTP/1.1" 200 4618 "-" "Mozilla/5.0 (compatible; SemrushBot/6~bl; +http://www.semrush.com/bot.html)"
46.229.168.147 - - [06/Apr/2020:19:47:25 +0200] "GET /index.php/eg5t2hxmk3g.st HTTP/1.1" 200 4618 "-" "Mozilla/5.0 (compatible; SemrushBot/6~bl; +http://www.semrush.com/bot.html)"
192.184.46.243 - - [06/Apr/2020:19:47:26 +0200] "GET //modules/smartprestashopthemeadmin/upload/hx.php?gc=2397&dm=jppr2.xyz&fl=index.php&rn=637218206393262500&id=2397 HTTP/1.1" 404 1108 "-" "Mozilla/5.0 (compatible; MSIE 9.0; Windows NT 6.1; Trident/5.0)"
192.184.46.243 - - [06/Apr/2020:19:47:26 +0200] "GET //modules/smartprestashopthemeadmin/upload/hx.php?gc=2397&dm=jppr2.xyz&fl=index.php&rn=637218206396700000&id=2397 HTTP/1.1" 404 1052 "-" "Mozilla/5.0 (compatible; MSIE 9.0; Windows NT 6.1; Trident/5.0)"
192.184.46.243 - - [06/Apr/2020:19:47:26 +0200] "GET //modules/smartprestashopthemeadmin/upload/hx.php?gc=2397&dm=jppr2.xyz&fl=index.php&rn=637218206398575000&id=2397 HTTP/1.1" 404 1052 "-" "Mozilla/5.0 (compatible; MSIE 9.0; Windows NT 6.1; Trident/5.0)"
185.220.102.4 - - [06/Apr/2020:19:49:01 +0200] "POST /modules/smartprestashopthemeadmin/upload/26.php HTTP/1.1" 404 1077 "-" "curl/7.19.7 (x86_64-redhat-linux-gnu) libcurl/7.19.7 NSS/3.44 zlib/1.2.3 libidn/1.18 libssh2/1.4.2"
46.229.168.136 - - [06/Apr/2020:19:49:33 +0200] "GET /index.php/sq5coc8zmw.life HTTP/1.1" 200 4618 "-" "Mozilla/5.0 (compatible; SemrushBot/6~bl; +http://www.semrush.com/bot.html)"
199.249.230.65 - - [06/Apr/2020:19:51:05 +0200] "POST /modules/smartprestashopthemeadmin/upload/26.php HTTP/1.1" 404 1077 "-" "curl/7.19.7 (x86_64-redhat-linux-gnu) libcurl/7.19.7 NSS/3.44 zlib/1.2.3 libidn/1.18 libssh2/1.4.2"
46.229.168.138 - - [06/Apr/2020:19:51:44 +0200] "GET /index.php/vbykgw.lu HTTP/1.1" 200 4618 "-" "Mozilla/5.0 (compatible; SemrushBot/6~bl; +http://www.semrush.com/bot.html)"
192.184.46.243 - - [06/Apr/2020:19:52:18 +0200] "GET //modules/smartprestashopthemeadmin/upload/hx.php?gc=2397&dm=jppr2.xyz&fl=index.php&rn=637218209309356250&id=2397 HTTP/1.1" 404 1108 "-" "Mozilla/5.0 (compatible; MSIE 9.0; Windows NT 6.1; Trident/5.0)"
192.184.46.243 - - [06/Apr/2020:19:52:18 +0200] "GET //modules/smartprestashopthemeadmin/upload/hx.php?gc=2397&dm=jppr2.xyz&fl=index.php&rn=637218209312950000&id=2397 HTTP/1.1" 404 1052 "-" "Mozilla/5.0 (compatible; MSIE 9.0; Windows NT 6.1; Trident/5.0)"
192.184.46.243 - - [06/Apr/2020:19:52:18 +0200] "GET //modules/smartprestashopthemeadmin/upload/hx.php?gc=2397&dm=jppr2.xyz&fl=index.php&rn=637218209314981250&id=2397 HTTP/1.1" 404 1052 "-" "Mozilla/5.0 (compatible; MSIE 9.0; Windows NT 6.1; Trident/5.0)"
46.229.168.138 - - [06/Apr/2020:19:52:29 +0200] "GET /index.php/rtl8jjc HTTP/1.1" 200 4618 "-" "Mozilla/5.0 (compatible; SemrushBot/6~bl; +http://www.semrush.com/bot.html)"
46.229.168.149 - - [06/Apr/2020:19:52:58 +0200] "GET /index.php/fezlvfevbpw1tqe328xlggw1nqs0dui2pl1 HTTP/1.1" 200 4618 "-" "Mozilla/5.0 (compatible; SemrushBot/6~bl; +http://www.semrush.com/bot.html)"
46.229.168.138 - - [06/Apr/2020:19:53:06 +0200] "GET /index.php/uo86lkqao9.fm HTTP/1.1" 200 4618 "-" "Mozilla/5.0 (compatible; SemrushBot/6~bl; +http://www.semrush.com/bot.html)"
199.249.230.104 - - [06/Apr/2020:19:53:07 +0200] "POST /modules/smartprestashopthemeadmin/upload/26.php HTTP/1.1" 404 1077 "-" "curl/7.19.7 (x86_64-redhat-linux-gnu) libcurl/7.19.7 NSS/3.44 zlib/1.2.3 libidn/1.18 libssh2/1.4.2"
46.229.168.135 - - [06/Apr/2020:19:53:12 +0200] "GET /index.php/nwj306bqec0a2r3tyei HTTP/1.1" 200 4618 "-" "Mozilla/5.0 (compatible; SemrushBot/6~bl; +http://www.semrush.com/bot.html)"
104.244.78.231 - - [06/Apr/2020:19:55:09 +0200] "POST /modules/smartprestashopthemeadmin/upload/26.php HTTP/1.1" 404 1077 "-" "curl/7.19.7 (x86_64-redhat-linux-gnu) libcurl/7.19.7 NSS/3.44 zlib/1.2.3 libidn/1.18 libssh2/1.4.2"
40.77.167.99 - - [06/Apr/2020:19:55:56 +0200] "GET /dxvqia5e.au HTTP/1.1" 404 1108 "-" "Mozilla/5.0 (compatible; bingbot/2.0; +http://www.bing.com/bingbot.htm)"
40.77.167.36 - - [06/Apr/2020:19:56:00 +0200] "GET /9g4r6kf2.life HTTP/1.1" 404 1108 "-" "Mozilla/5.0 (compatible; bingbot/2.0; +http://www.bing.com/bingbot.htm)"
192.184.46.243 - - [06/Apr/2020:19:57:03 +0200] "GET //modules/smartprestashopthemeadmin/upload/hx.php?gc=2397&dm=jppr2.xyz&fl=index.php&rn=637218212159668750&id=2397 HTTP/1.1" 404 1108 "-" "Mozilla/5.0 (compatible; MSIE 9.0; Windows NT 6.1; Trident/5.0)"
192.184.46.243 - - [06/Apr/2020:19:57:03 +0200] "GET //modules/smartprestashopthemeadmin/upload/hx.php?gc=2397&dm=jppr2.xyz&fl=index.php&rn=637218212163106250&id=2397 HTTP/1.1" 404 1052 "-" "Mozilla/5.0 (compatible; MSIE 9.0; Windows NT 6.1; Trident/5.0)"
192.184.46.243 - - [06/Apr/2020:19:57:03 +0200] "GET //modules/smartprestashopthemeadmin/upload/hx.php?gc=2397&dm=jppr2.xyz&fl=index.php&rn=637218212165137500&id=2397 HTTP/1.1" 404 1052 "-" "Mozilla/5.0 (compatible; MSIE 9.0; Windows NT 6.1; Trident/5.0)"
142.44.139.12 - - [06/Apr/2020:19:57:12 +0200] "POST /modules/smartprestashopthemeadmin/upload/26.php HTTP/1.1" 404 1077 "-" "curl/7.19.7 (x86_64-redhat-linux-gnu) libcurl/7.19.7 NSS/3.44 zlib/1.2.3 libidn/1.18 libssh2/1.4.2"
46.229.168.135 - - [06/Apr/2020:19:58:08 +0200] "GET /index.php/4ldocru3hvmflzm7ifmkj8rw8ps.team HTTP/1.1" 200 4618 "-" "Mozilla/5.0 (compatible; SemrushBot/6~bl; +http://www.semrush.com/bot.html)"
46.229.168.131 - - [06/Apr/2020:19:58:26 +0200] "GET /index.php/ev53krgtu3qrgfr9nz9a5hy3p HTTP/1.1" 200 4618 "-" "Mozilla/5.0 (compatible; SemrushBot/6~bl; +http://www.semrush.com/bot.html)"
46.229.168.139 - - [06/Apr/2020:19:58:59 +0200] "GET /index.php/bmw9rp.cc HTTP/1.1" 200 4618 "-" "Mozilla/5.0 (compatible; SemrushBot/6~bl; +http://www.semrush.com/bot.html)"
51.15.100.60 - - [06/Apr/2020:19:59:13 +0200] "POST /modules/smartprestashopthemeadmin/upload/26.php HTTP/1.1" 404 1077 "-" "curl/7.19.7 (x86_64-redhat-linux-gnu) libcurl/7.19.7 NSS/3.44 zlib/1.2.3 libidn/1.18 libssh2/1.4.2"
46.229.168.153 - - [06/Apr/2020:19:59:19 +0200] "GET /index.php/iv73sovuxv3o2b53ybyx29hzrznsvb1jm2ny.tools HTTP/1.1" 200 4618 "-" "Mozilla/5.0 (compatible; SemrushBot/6~bl; +http://www.semrush.com/bot.html)"
209.141.41.103 - - [06/Apr/2020:20:01:17 +0200] "POST /modules/smartprestashopthemeadmin/upload/26.php HTTP/1.1" 404 1077 "-" "curl/7.19.7 (x86_64-redhat-linux-gnu) libcurl/7.19.7 NSS/3.44 zlib/1.2.3 libidn/1.18 libssh2/1.4.2"
18.178.251.24 - - [06/Apr/2020:20:01:57 +0200] "GET /robots.txt HTTP/1.1" 404 1052 "https://google.com" "Mozilla/5.0 (Windows NT 10.0; WOW64) AppleWebKit/537.36 (KHTML, like Gecko) Chrome/46.0.2490.80 Safari/537.36"
192.184.46.243 - - [06/Apr/2020:20:01:57 +0200] "GET //modules/smartprestashopthemeadmin/upload/hx.php?gc=2397&dm=jppr2.xyz&fl=index.php&rn=637218215097637500&id=2397 HTTP/1.1" 404 1108 "-" "Mozilla/5.0 (compatible; MSIE 9.0; Windows NT 6.1; Trident/5.0)"
192.184.46.243 - - [06/Apr/2020:20:01:57 +0200] "GET //modules/smartprestashopthemeadmin/upload/hx.php?gc=2397&dm=jppr2.xyz&fl=index.php&rn=637218215108887500&id=2397 HTTP/1.1" 404 1052 "-" "Mozilla/5.0 (compatible; MSIE 9.0; Windows NT 6.1; Trident/5.0)"
192.184.46.243 - - [06/Apr/2020:20:01:58 +0200] "GET //modules/smartprestashopthemeadmin/upload/hx.php?gc=2397&dm=jppr2.xyz&fl=index.php&rn=637218215110762500&id=2397 HTTP/1.1" 404 1052 "-" "Mozilla/5.0 (compatible; MSIE 9.0; Windows NT 6.1; Trident/5.0)"
46.229.168.135 - - [06/Apr/2020:20:02:10 +0200] "GET /index.php/7mip7ewlogl6a HTTP/1.1" 200 4618 "-" "Mozilla/5.0 (compatible; SemrushBot/6~bl; +http://www.semrush.com/bot.html)"
40.77.167.99 - - [06/Apr/2020:20:02:36 +0200] "GET /25c232sl.wang HTTP/1.1" 404 1108 "-" "Mozilla/5.0 (compatible; bingbot/2.0; +http://www.bing.com/bingbot.htm)"
157.55.39.104 - - [06/Apr/2020:20:02:47 +0200] "GET /kf5ru2gi.fi HTTP/1.1" 404 1108 "-" "Mozilla/5.0 (compatible; bingbot/2.0; +http://www.bing.com/bingbot.htm)"
157.55.39.104 - - [06/Apr/2020:20:02:57 +0200] "GET /6wa1eejm98t4cd.na HTTP/1.1" 404 1108 "-" "Mozilla/5.0 (compatible; bingbot/2.0; +http://www.bing.com/bingbot.htm)"
23.129.64.213 - - [06/Apr/2020:20:03:20 +0200] "POST /modules/smartprestashopthemeadmin/upload/26.php HTTP/1.1" 404 1077 "-" "curl/7.19.7 (x86_64-redhat-linux-gnu) libcurl/7.19.7 NSS/3.44 zlib/1.2.3 libidn/1.18 libssh2/1.4.2"
40.77.167.37 - - [06/Apr/2020:20:03:59 +0200] "GET /bk22hk8p4obsax.tech HTTP/1.1" 404 1108 "-" "Mozilla/5.0 (compatible; bingbot/2.0; +http://www.bing.com/bingbot.htm)"
46.229.168.162 - - [06/Apr/2020:20:04:57 +0200] "GET /index.php/b3y9gs4e46hvvdhe.taipei HTTP/1.1" 200 4618 "-" "Mozilla/5.0 (compatible; SemrushBot/6~bl; +http://www.semrush.com/bot.html)"
46.229.168.132 - - [06/Apr/2020:20:04:59 +0200] "GET /index.php/uix06 HTTP/1.1" 200 4618 "-" "Mozilla/5.0 (compatible; SemrushBot/6~bl; +http://www.semrush.com/bot.html)"
46.229.168.129 - - [06/Apr/2020:20:05:01 +0200] "GET /index.php/mpxextgnuryb4ailk43t.ltd HTTP/1.1" 200 4618 "-" "Mozilla/5.0 (compatible; SemrushBot/6~bl; +http://www.semrush.com/bot.html)"
185.220.103.7 - - [06/Apr/2020:20:05:23 +0200] "POST /modules/smartprestashopthemeadmin/upload/26.php HTTP/1.1" 404 1077 "-" "curl/7.19.7 (x86_64-redhat-linux-gnu) libcurl/7.19.7 NSS/3.44 zlib/1.2.3 libidn/1.18 libssh2/1.4.2"
157.55.39.104 - - [06/Apr/2020:20:05:33 +0200] "GET /us8ci6d6qr9v15s.aw HTTP/1.1" 404 1108 "-" "Mozilla/5.0 (compatible; bingbot/2.0; +http://www.bing.com/bingbot.htm)"
40.77.167.37 - - [06/Apr/2020:20:05:45 +0200] "GET /d5p58oublpjm.na HTTP/1.1" 404 1108 "-" "Mozilla/5.0 (compatible; bingbot/2.0; +http://www.bing.com/bingbot.htm)"
46.229.168.138 - - [06/Apr/2020:20:06:35 +0200] "GET /index.php/sn76ehdya71ary HTTP/1.1" 200 4618 "-" "Mozilla/5.0 (compatible; SemrushBot/6~bl; +http://www.semrush.com/bot.html)"
157.55.39.104 - - [06/Apr/2020:20:06:51 +0200] "GET /bj8717aa7 HTTP/1.1" 404 1108 "-" "Mozilla/5.0 (compatible; bingbot/2.0; +http://www.bing.com/bingbot.htm)"
46.229.168.132 - - [06/Apr/2020:20:07:09 +0200] "GET /index.php/6q1oq0.site HTTP/1.1" 200 4618 "-" "Mozilla/5.0 (compatible; SemrushBot/6~bl; +http://www.semrush.com/bot.html)"
40.77.167.99 - - [06/Apr/2020:20:07:13 +0200] "GET /cravatte/ HTTP/1.1" 404 1108 "-" "Mozilla/5.0 (compatible; bingbot/2.0; +http://www.bing.com/bingbot.htm)"
40.77.167.37 - - [06/Apr/2020:20:07:18 +0200] "GET /8il2ooh HTTP/1.1" 404 1108 "-" "Mozilla/5.0 (compatible; bingbot/2.0; +http://www.bing.com/bingbot.htm)"
95.128.43.164 - - [06/Apr/2020:20:07:27 +0200] "POST /modules/smartprestashopthemeadmin/upload/26.php HTTP/1.1" 404 1077 "-" "curl/7.19.7 (x86_64-redhat-linux-gnu) libcurl/7.19.7 NSS/3.44 zlib/1.2.3 libidn/1.18 libssh2/1.4.2"
46.229.168.136 - - [06/Apr/2020:20:07:28 +0200] "GET /index.php/qp6ffuk3g2dabpgbqro24r6hb4jtt7i22kvcymb85wf2.taipei HTTP/1.1" 200 4618 "-" "Mozilla/5.0 (compatible; SemrushBot/6~bl; +http://www.semrush.com/bot.html)"
46.229.168.139 - - [06/Apr/2020:20:07:38 +0200] "GET /index.php/zio8ocvean.ma HTTP/1.1" 200 4618 "-" "Mozilla/5.0 (compatible; SemrushBot/6~bl; +http://www.semrush.com/bot.html)"
192.184.46.243 - - [06/Apr/2020:20:07:41 +0200] "GET //modules/smartprestashopthemeadmin/upload/hx.php?gc=2397&dm=jppr2.xyz&fl=index.php&rn=637218218539356250&id=2397 HTTP/1.1" 404 1108 "-" "Mozilla/5.0 (compatible; MSIE 9.0; Windows NT 6.1; Trident/5.0)"
192.184.46.243 - - [06/Apr/2020:20:07:41 +0200] "GET //modules/smartprestashopthemeadmin/upload/hx.php?gc=2397&dm=jppr2.xyz&fl=index.php&rn=637218218542950000&id=2397 HTTP/1.1" 404 1052 "-" "Mozilla/5.0 (compatible; MSIE 9.0; Windows NT 6.1; Trident/5.0)"
192.184.46.243 - - [06/Apr/2020:20:07:41 +0200] "GET //modules/smartprestashopthemeadmin/upload/hx.php?gc=2397&dm=jppr2.xyz&fl=index.php&rn=637218218544825000&id=2397 HTTP/1.1" 404 1052 "-" "Mozilla/5.0 (compatible; MSIE 9.0; Windows NT 6.1; Trident/5.0)"
157.55.39.29 - - [06/Apr/2020:20:07:42 +0200] "GET /robots.txt HTTP/1.1" 404 1108 "-" "Mozilla/5.0 (compatible; bingbot/2.0; +http://www.bing.com/bingbot.htm)"
40.77.167.37 - - [06/Apr/2020:20:07:43 +0200] "GET /3663000/ HTTP/1.1" 404 1108 "-" "Mozilla/5.0 (compatible; bingbot/2.0; +http://www.bing.com/bingbot.htm)"
18.178.251.24 - - [06/Apr/2020:20:07:53 +0200] "GET //modules/smartprestashopthemeadmin/upload/hx.php HTTP/1.1" 404 1052 "https://google.com" "Mozilla/5.0 (Windows NT 10.0; Win64; x64) AppleWebKit/537.36 (KHTML, like Gecko) Chrome/80.0.3987.132 Safari/537.36"
157.55.39.104 - - [06/Apr/2020:20:08:09 +0200] "GET /aelvq03x5cywkqljbvxq.xml HTTP/1.1" 404 1108 "-" "Mozilla/5.0 (compatible; bingbot/2.0; +http://www.bing.com/bingbot.htm)"
46.229.168.162 - - [06/Apr/2020:20:09:21 +0200] "GET /index.php/t61dqzimtwv1d58on77n7sb29ufomxeoeuy.pro HTTP/1.1" 200 4618 "-" "Mozilla/5.0 (compatible; SemrushBot/6~bl; +http://www.semrush.com/bot.html)"
162.247.74.200 - - [06/Apr/2020:20:09:29 +0200] "POST /modules/smartprestashopthemeadmin/upload/26.php HTTP/1.1" 404 1077 "-" "curl/7.19.7 (x86_64-redhat-linux-gnu) libcurl/7.19.7 NSS/3.44 zlib/1.2.3 libidn/1.18 libssh2/1.4.2"
46.229.168.151 - - [06/Apr/2020:20:09:42 +0200] "GET /index.php/l8sba15dhpf0m7z.vu HTTP/1.1" 200 4618 "-" "Mozilla/5.0 (compatible; SemrushBot/6~bl; +http://www.semrush.com/bot.html)"
46.229.168.150 - - [06/Apr/2020:20:10:31 +0200] "GET /index.php/0d3cw5ipt8o.comtw HTTP/1.1" 200 4618 "-" "Mozilla/5.0 (compatible; SemrushBot/6~bl; +http://www.semrush.com/bot.html)"
18.178.251.24 - - [06/Apr/2020:20:10:40 +0200] "GET //modules/smartprestashopthemeadmin/upload/26.php HTTP/1.1" 404 1052 "https://google.com" "Mozilla/5.0 (Linux; Android 7.1.2; AFTMM Build/NS6265; wv) AppleWebKit/537.36 (KHTML, like Gecko) Version/4.0 Chrome/70.0.3538.110 Mobile Safari/537.36"
46.229.168.132 - - [06/Apr/2020:20:10:41 +0200] "GET /index.php/mx9acdwi652.cf HTTP/1.1" 200 4618 "-" "Mozilla/5.0 (compatible; SemrushBot/6~bl; +http://www.semrush.com/bot.html)"
46.229.168.145 - - [06/Apr/2020:20:10:47 +0200] "GET /index.php/goal.tg HTTP/1.1" 200 4618 "-" "Mozilla/5.0 (compatible; SemrushBot/6~bl; +http://www.semrush.com/bot.html)"
46.229.168.132 - - [06/Apr/2020:20:11:30 +0200] "GET /index.php/py851zfqu6rcz2w4xtxl5wtu4vwu.vu HTTP/1.1" 200 4618 "-" "Mozilla/5.0 (compatible; SemrushBot/6~bl; +http://www.semrush.com/bot.html)"
51.89.200.109 - - [06/Apr/2020:20:11:31 +0200] "POST /modules/smartprestashopthemeadmin/upload/26.php HTTP/1.1" 404 1077 "-" "curl/7.19.7 (x86_64-redhat-linux-gnu) libcurl/7.19.7 NSS/3.44 zlib/1.2.3 libidn/1.18 libssh2/1.4.2"
192.184.46.243 - - [06/Apr/2020:20:12:35 +0200] "GET //modules/smartprestashopthemeadmin/upload/hx.php?gc=2397&dm=jppr2.xyz&fl=index.php&rn=637218221482950000&id=2397 HTTP/1.1" 404 1108 "-" "Mozilla/5.0 (compatible; MSIE 9.0; Windows NT 6.1; Trident/5.0)"
192.184.46.243 - - [06/Apr/2020:20:12:35 +0200] "GET //modules/smartprestashopthemeadmin/upload/hx.php?gc=2397&dm=jppr2.xyz&fl=index.php&rn=637218221486700000&id=2397 HTTP/1.1" 404 1052 "-" "Mozilla/5.0 (compatible; MSIE 9.0; Windows NT 6.1; Trident/5.0)"
192.184.46.243 - - [06/Apr/2020:20:12:35 +0200] "GET //modules/smartprestashopthemeadmin/upload/hx.php?gc=2397&dm=jppr2.xyz&fl=index.php&rn=637218221488731250&id=2397 HTTP/1.1" 404 1052 "-" "Mozilla/5.0 (compatible; MSIE 9.0; Windows NT 6.1; Trident/5.0)"
40.77.167.99 - - [06/Apr/2020:20:12:37 +0200] "GET /qpnzaa1ro.sap HTTP/1.1" 404 1108 "-" "Mozilla/5.0 (compatible; bingbot/2.0; +http://www.bing.com/bingbot.htm)"
46.229.168.135 - - [06/Apr/2020:20:12:39 +0200] "GET /index.php/07atnpku64.pt HTTP/1.1" 200 4618 "-" "Mozilla/5.0 (compatible; SemrushBot/6~bl; +http://www.semrush.com/bot.html)"
51.89.200.126 - - [06/Apr/2020:20:13:33 +0200] "POST /modules/smartprestashopthemeadmin/upload/26.php HTTP/1.1" 404 1077 "-" "curl/7.19.7 (x86_64-redhat-linux-gnu) libcurl/7.19.7 NSS/3.44 zlib/1.2.3 libidn/1.18 libssh2/1.4.2"
46.229.168.130 - - [06/Apr/2020:20:13:35 +0200] "GET /index.php/ygabpl5x3o.bw HTTP/1.1" 200 4618 "-" "Mozilla/5.0 (compatible; SemrushBot/6~bl; +http://www.semrush.com/bot.html)"
40.77.167.37 - - [06/Apr/2020:20:13:44 +0200] "GET /fbpc5x.dm HTTP/1.1" 404 1108 "-" "Mozilla/5.0 (compatible; bingbot/2.0; +http://www.bing.com/bingbot.htm)"
40.77.167.37 - - [06/Apr/2020:20:14:03 +0200] "GET /awdjur4owq0391dct.cf HTTP/1.1" 404 1108 "-" "Mozilla/5.0 (compatible; bingbot/2.0; +http://www.bing.com/bingbot.htm)"
54.36.150.66 - - [06/Apr/2020:20:14:53 +0200] "GET /content/category/1-home HTTP/1.1" 404 1052 "-" "Mozilla/5.0 (compatible; AhrefsBot/6.1; +http://ahrefs.com/robot/)"
40.77.167.99 - - [06/Apr/2020:20:15:09 +0200] "GET /cosmetic-dentistry/ HTTP/1.1" 404 1108 "-" "Mozilla/5.0 (compatible; bingbot/2.0; +http://www.bing.com/bingbot.htm)"
51.89.200.126 - - [06/Apr/2020:20:15:35 +0200] "POST /modules/smartprestashopthemeadmin/upload/26.php HTTP/1.1" 404 1077 "-" "curl/7.19.7 (x86_64-redhat-linux-gnu) libcurl/7.19.7 NSS/3.44 zlib/1.2.3 libidn/1.18 libssh2/1.4.2"
46.229.168.147 - - [06/Apr/2020:20:15:40 +0200] "GET /index.php/nle6jhi6g.za HTTP/1.1" 200 4618 "-" "Mozilla/5.0 (compatible; SemrushBot/6~bl; +http://www.semrush.com/bot.html)"
46.229.168.133 - - [06/Apr/2020:20:16:13 +0200] "GET /index.php/daw27tos6rwnv.life HTTP/1.1" 200 4618 "-" "Mozilla/5.0 (compatible; SemrushBot/6~bl; +http://www.semrush.com/bot.html)"
46.229.168.148 - - [06/Apr/2020:20:16:27 +0200] "GET /index.php/03sqdir HTTP/1.1" 200 4618 "-" "Mozilla/5.0 (compatible; SemrushBot/6~bl; +http://www.semrush.com/bot.html)"
40.77.167.99 - - [06/Apr/2020:20:16:31 +0200] "GET /2ebc78e5vckulq8ue.site HTTP/1.1" 404 1108 "-" "Mozilla/5.0 (compatible; bingbot/2.0; +http://www.bing.com/bingbot.htm)"
40.77.167.37 - - [06/Apr/2020:20:16:35 +0200] "GET /7c1ytp7xkkmq0k.net HTTP/1.1" 404 1108 "-" "Mozilla/5.0 (compatible; bingbot/2.0; +http://www.bing.com/bingbot.htm)"
46.229.168.162 - - [06/Apr/2020:20:17:07 +0200] "GET /index.php/63k5mhijm6fd25j9a3js.pro HTTP/1.1" 200 4618 "-" "Mozilla/5.0 (compatible; SemrushBot/6~bl; +http://www.semrush.com/bot.html)"
192.184.46.243 - - [06/Apr/2020:20:17:22 +0200] "GET //modules/smartprestashopthemeadmin/upload/hx.php?gc=2397&dm=jppr2.xyz&fl=index.php&rn=637218224351543750&id=2397 HTTP/1.1" 404 1108 "-" "Mozilla/5.0 (compatible; MSIE 9.0; Windows NT 6.1; Trident/5.0)"
192.184.46.243 - - [06/Apr/2020:20:17:22 +0200] "GET //modules/smartprestashopthemeadmin/upload/hx.php?gc=2397&dm=jppr2.xyz&fl=index.php&rn=637218224355137500&id=2397 HTTP/1.1" 404 1052 "-" "Mozilla/5.0 (compatible; MSIE 9.0; Windows NT 6.1; Trident/5.0)"
192.184.46.243 - - [06/Apr/2020:20:17:22 +0200] "GET //modules/smartprestashopthemeadmin/upload/hx.php?gc=2397&dm=jppr2.xyz&fl=index.php&rn=637218224357012500&id=2397 HTTP/1.1" 404 1052 "-" "Mozilla/5.0 (compatible; MSIE 9.0; Windows NT 6.1; Trident/5.0)"
51.89.200.126 - - [06/Apr/2020:20:17:37 +0200] "POST /modules/smartprestashopthemeadmin/upload/26.php HTTP/1.1" 404 1077 "-" "curl/7.19.7 (x86_64-redhat-linux-gnu) libcurl/7.19.7 NSS/3.44 zlib/1.2.3 libidn/1.18 libssh2/1.4.2"
46.229.168.147 - - [06/Apr/2020:20:18:50 +0200] "GET /robots.txt HTTP/1.1" 404 1071 "-" "Mozilla/5.0 (compatible; SemrushBot/6~bl; +http://www.semrush.com/bot.html)"
46.229.168.133 - - [06/Apr/2020:20:18:51 +0200] "GET /index.php/6tda2upxdog8dizd5fqasjs4hp1aq8tf5inp1g.download HTTP/1.1" 200 4618 "-" "Mozilla/5.0 (compatible; SemrushBot/6~bl; +http://www.semrush.com/bot.html)"
40.77.167.36 - - [06/Apr/2020:20:19:22 +0200] "GET /hakkimizda/careers/ HTTP/1.1" 404 1108 "-" "Mozilla/5.0 (compatible; bingbot/2.0; +http://www.bing.com/bingbot.htm)"
46.229.168.150 - - [06/Apr/2020:20:19:28 +0200] "GET /index.php/5t03hrf8b6kp200b1b21rqps15jc8l5xc6sr.team HTTP/1.1" 200 4618 "-" "Mozilla/5.0 (compatible; SemrushBot/6~bl; +http://www.semrush.com/bot.html)"
51.89.200.126 - - [06/Apr/2020:20:19:40 +0200] "POST /modules/smartprestashopthemeadmin/upload/26.php HTTP/1.1" 404 1077 "-" "curl/7.19.7 (x86_64-redhat-linux-gnu) libcurl/7.19.7 NSS/3.44 zlib/1.2.3 libidn/1.18 libssh2/1.4.2"
66.249.68.12 - - [06/Apr/2020:20:19:50 +0200] "GET /robots.txt HTTP/1.1" 404 1108 "-" "Mozilla/5.0 (compatible; Googlebot/2.1; +http://www.google.com/bot.html)"
66.249.68.12 - - [06/Apr/2020:20:19:50 +0200] "GET /hygiene-jetables/18-pantalon-pressotherapie-.html HTTP/1.1" 404 1107 "-" "Mozilla/5.0 (Linux; Android 6.0.1; Nexus 5X Build/MMB29P) AppleWebKit/537.36 (KHTML, like Gecko) Chrome/41.0.2272.96 Mobile Safari/537.36 (compatible; Googlebot/2.1; +http://www.google.com/bot.html)"
40.77.167.37 - - [06/Apr/2020:20:20:23 +0200] "GET /f16j80b4k84la.af HTTP/1.1" 404 1108 "-" "Mozilla/5.0 (compatible; bingbot/2.0; +http://www.bing.com/bingbot.htm)"
157.55.39.104 - - [06/Apr/2020:20:20:34 +0200] "GET /ow81d HTTP/1.1" 404 1108 "-" "Mozilla/5.0 (compatible; bingbot/2.0; +http://www.bing.com/bingbot.htm)"
157.55.39.104 - - [06/Apr/2020:20:20:34 +0200] "GET /ruhx8wziioqac.tl HTTP/1.1" 404 1108 "-" "Mozilla/5.0 (compatible; bingbot/2.0; +http://www.bing.com/bingbot.htm)"
40.77.167.37 - - [06/Apr/2020:20:20:59 +0200] "GET /xz8atzan5.fi HTTP/1.1" 404 1108 "-" "Mozilla/5.0 (compatible; bingbot/2.0; +http://www.bing.com/bingbot.htm)"
46.229.168.137 - - [06/Apr/2020:20:21:24 +0200] "GET /index.php/l00udj3aij65l0rni6cuulejldsor69d5qb.plus HTTP/1.1" 200 4618 "-" "Mozilla/5.0 (compatible; SemrushBot/6~bl; +http://www.semrush.com/bot.html)"
46.229.168.134 - - [06/Apr/2020:20:21:35 +0200] "GET /index.php/9a43e7dfr.mo HTTP/1.1" 200 4618 "-" "Mozilla/5.0 (compatible; SemrushBot/6~bl; +http://www.semrush.com/bot.html)"
51.89.200.126 - - [06/Apr/2020:20:21:41 +0200] "POST /modules/smartprestashopthemeadmin/upload/26.php HTTP/1.1" 404 1077 "-" "curl/7.19.7 (x86_64-redhat-linux-gnu) libcurl/7.19.7 NSS/3.44 zlib/1.2.3 libidn/1.18 libssh2/1.4.2"
40.77.167.36 - - [06/Apr/2020:20:21:53 +0200] "GET /8426v.af HTTP/1.1" 404 1108 "-" "Mozilla/5.0 (compatible; bingbot/2.0; +http://www.bing.com/bingbot.htm)"
46.229.168.131 - - [06/Apr/2020:20:22:14 +0200] "GET /index.php/2rq75uymbtqrm.bj HTTP/1.1" 200 4618 "-" "Mozilla/5.0 (compatible; SemrushBot/6~bl; +http://www.semrush.com/bot.html)"
192.184.46.243 - - [06/Apr/2020:20:23:12 +0200] "GET //modules/smartprestashopthemeadmin/upload/hx.php?gc=2397&dm=jppr2.xyz&fl=index.php&rn=637218227847637500&id=2397 HTTP/1.1" 404 1108 "-" "Mozilla/5.0 (compatible; MSIE 9.0; Windows NT 6.1; Trident/5.0)"
192.184.46.243 - - [06/Apr/2020:20:23:12 +0200] "GET //modules/smartprestashopthemeadmin/upload/hx.php?gc=2397&dm=jppr2.xyz&fl=index.php&rn=637218227855293750&id=2397 HTTP/1.1" 404 1052 "-" "Mozilla/5.0 (compatible; MSIE 9.0; Windows NT 6.1; Trident/5.0)"
192.184.46.243 - - [06/Apr/2020:20:23:12 +0200] "GET //modules/smartprestashopthemeadmin/upload/hx.php?gc=2397&dm=jppr2.xyz&fl=index.php&rn=637218227857325000&id=2397 HTTP/1.1" 404 1052 "-" "Mozilla/5.0 (compatible; MSIE 9.0; Windows NT 6.1; Trident/5.0)"
40.77.167.99 - - [06/Apr/2020:20:23:16 +0200] "GET /vd0n6tmrw5cl.tl HTTP/1.1" 404 1108 "-" "Mozilla/5.0 (compatible; bingbot/2.0; +http://www.bing.com/bingbot.htm)"
157.55.39.104 - - [06/Apr/2020:20:23:34 +0200] "GET /osvh4femz6873arluzh.html HTTP/1.1" 404 1108 "-" "Mozilla/5.0 (compatible; bingbot/2.0; +http://www.bing.com/bingbot.htm)"
185.220.101.13 - - [06/Apr/2020:20:23:43 +0200] "POST /modules/smartprestashopthemeadmin/upload/26.php HTTP/1.1" 404 1077 "-" "curl/7.19.7 (x86_64-redhat-linux-gnu) libcurl/7.19.7 NSS/3.44 zlib/1.2.3 libidn/1.18 libssh2/1.4.2"
46.229.168.146 - - [06/Apr/2020:20:24:20 +0200] "GET /index.php/y6ueu3bswe.nu HTTP/1.1" 200 4618 "-" "Mozilla/5.0 (compatible; SemrushBot/6~bl; +http://www.semrush.com/bot.html)"
40.77.167.37 - - [06/Apr/2020:20:24:44 +0200] "GET /ci6f.sap HTTP/1.1" 404 1108 "-" "Mozilla/5.0 (compatible; bingbot/2.0; +http://www.bing.com/bingbot.htm)"
40.77.167.37 - - [06/Apr/2020:20:24:45 +0200] "GET /yf2f7jx681waty9ngyxu.sg HTTP/1.1" 404 1108 "-" "Mozilla/5.0 (compatible; bingbot/2.0; +http://www.bing.com/bingbot.htm)"
18.178.251.24 - - [06/Apr/2020:20:25:08 +0200] "GET /?sadhjahsjdkx HTTP/1.1" 200 17615 "https://www.google.com" "Mozilla/5.0 (Windows NT 6.1) AppleWebKit/537.36 (KHTML, like Gecko) Chrome/78.0.3904.108 Safari/537.36"
46.229.168.132 - - [06/Apr/2020:20:25:15 +0200] "GET /index.php/3ix0olv27xz0o7peqgv7eskglx.net HTTP/1.1" 200 4618 "-" "Mozilla/5.0 (compatible; SemrushBot/6~bl; +http://www.semrush.com/bot.html)"
51.89.147.74 - - [06/Apr/2020:20:25:45 +0200] "POST /modules/smartprestashopthemeadmin/upload/26.php HTTP/1.1" 404 1077 "-" "curl/7.19.7 (x86_64-redhat-linux-gnu) libcurl/7.19.7 NSS/3.44 zlib/1.2.3 libidn/1.18 libssh2/1.4.2"
40.77.167.36 - - [06/Apr/2020:20:26:05 +0200] "GET /s0r90n388flddavd1.aw HTTP/1.1" 404 1108 "-" "Mozilla/5.0 (compatible; bingbot/2.0; +http://www.bing.com/bingbot.htm)"
40.77.167.36 - - [06/Apr/2020:20:26:06 +0200] "GET /h7tc4nvph.download HTTP/1.1" 404 1108 "-" "Mozilla/5.0 (compatible; bingbot/2.0; +http://www.bing.com/bingbot.htm)"
40.77.167.36 - - [06/Apr/2020:20:26:34 +0200] "GET /v05bm59en5b.dm HTTP/1.1" 404 1108 "-" "Mozilla/5.0 (compatible; bingbot/2.0; +http://www.bing.com/bingbot.htm)"
40.77.167.36 - - [06/Apr/2020:20:27:29 +0200] "GET /4d2EHwiSdZ-HW34475.html HTTP/1.1" 404 1108 "-" "Mozilla/5.0 (compatible; bingbot/2.0; +http://www.bing.com/bingbot.htm)"
40.77.167.99 - - [06/Apr/2020:20:27:33 +0200] "GET /uhadip0yzsfp9.sh HTTP/1.1" 404 1108 "-" "Mozilla/5.0 (compatible; bingbot/2.0; +http://www.bing.com/bingbot.htm)"
51.89.147.74 - - [06/Apr/2020:20:27:47 +0200] "POST /modules/smartprestashopthemeadmin/upload/26.php HTTP/1.1" 404 1077 "-" "curl/7.19.7 (x86_64-redhat-linux-gnu) libcurl/7.19.7 NSS/3.44 zlib/1.2.3 libidn/1.18 libssh2/1.4.2"
192.184.46.243 - - [06/Apr/2020:20:27:57 +0200] "GET //modules/smartprestashopthemeadmin/upload/hx.php?gc=2397&dm=jppr2.xyz&fl=index.php&rn=637218230703575000&id=2397 HTTP/1.1" 404 1108 "-" "Mozilla/5.0 (compatible; MSIE 9.0; Windows NT 6.1; Trident/5.0)"
192.184.46.243 - - [06/Apr/2020:20:27:57 +0200] "GET //modules/smartprestashopthemeadmin/upload/hx.php?gc=2397&dm=jppr2.xyz&fl=index.php&rn=637218230707012500&id=2397 HTTP/1.1" 404 1052 "-" "Mozilla/5.0 (compatible; MSIE 9.0; Windows NT 6.1; Trident/5.0)"
192.184.46.243 - - [06/Apr/2020:20:27:57 +0200] "GET //modules/smartprestashopthemeadmin/upload/hx.php?gc=2397&dm=jppr2.xyz&fl=index.php&rn=637218230708887500&id=2397 HTTP/1.1" 404 1052 "-" "Mozilla/5.0 (compatible; MSIE 9.0; Windows NT 6.1; Trident/5.0)"
46.229.168.134 - - [06/Apr/2020:20:28:03 +0200] "GET /index.php/j24gunq6lhyyci.wtf HTTP/1.1" 200 4618 "-" "Mozilla/5.0 (compatible; SemrushBot/6~bl; +http://www.semrush.com/bot.html)"
51.89.147.74 - - [06/Apr/2020:20:29:49 +0200] "POST /modules/smartprestashopthemeadmin/upload/26.php HTTP/1.1" 404 1077 "-" "curl/7.19.7 (x86_64-redhat-linux-gnu) libcurl/7.19.7 NSS/3.44 zlib/1.2.3 libidn/1.18 libssh2/1.4.2"
46.229.168.163 - - [06/Apr/2020:20:29:59 +0200] "GET /index.php/hx252v8davyrr85jih34xjswn809huv8aomn.bi HTTP/1.1" 200 4618 "-" "Mozilla/5.0 (compatible; SemrushBot/6~bl; +http://www.semrush.com/bot.html)"
46.229.168.145 - - [06/Apr/2020:20:30:10 +0200] "GET /index.php/5ycpiw50.sap HTTP/1.1" 200 4618 "-" "Mozilla/5.0 (compatible; SemrushBot/6~bl; +http://www.semrush.com/bot.html)"
46.229.168.163 - - [06/Apr/2020:20:30:42 +0200] "GET /index.php/h689ct3e2qkinyth8b0kw9dhyrictzrrwy08sg7w.bw HTTP/1.1" 200 4618 "-" "Mozilla/5.0 (compatible; SemrushBot/6~bl; +http://www.semrush.com/bot.html)"
66.249.79.234 - - [06/Apr/2020:20:30:43 +0200] "GET /?egw3xozuo.ltd HTTP/1.1" 200 4655 "-" "Mozilla/5.0 (Linux; Android 6.0.1; Nexus 5X Build/MMB29P) AppleWebKit/537.36 (KHTML, like Gecko) Chrome/80.0.3987.92 Mobile Safari/537.36 (compatible; Googlebot/2.1; +http://www.google.com/bot.html)"
46.229.168.161 - - [06/Apr/2020:20:30:54 +0200] "GET /index.php/7hh.fund HTTP/1.1" 200 4618 "-" "Mozilla/5.0 (compatible; SemrushBot/6~bl; +http://www.semrush.com/bot.html)"
51.89.147.74 - - [06/Apr/2020:20:31:50 +0200] "POST /modules/smartprestashopthemeadmin/upload/26.php HTTP/1.1" 404 1077 "-" "curl/7.19.7 (x86_64-redhat-linux-gnu) libcurl/7.19.7 NSS/3.44 zlib/1.2.3 libidn/1.18 libssh2/1.4.2"
46.229.168.129 - - [06/Apr/2020:20:31:56 +0200] "GET /index.php/xb14hr00nvizs98pep43n86igxx.er HTTP/1.1" 200 4618 "-" "Mozilla/5.0 (compatible; SemrushBot/6~bl; +http://www.semrush.com/bot.html)"
46.229.168.133 - - [06/Apr/2020:20:32:01 +0200] "GET /index.php/kyl41psbeq21.life HTTP/1.1" 200 4618 "-" "Mozilla/5.0 (compatible; SemrushBot/6~bl; +http://www.semrush.com/bot.html)"
192.184.46.243 - - [06/Apr/2020:20:33:41 +0200] "GET //modules/smartprestashopthemeadmin/upload/hx.php?gc=2397&dm=jppr2.xyz&fl=index.php&rn=637218234138731250&id=2397 HTTP/1.1" 404 1108 "-" "Mozilla/5.0 (compatible; MSIE 9.0; Windows NT 6.1; Trident/5.0)"
192.184.46.243 - - [06/Apr/2020:20:33:41 +0200] "GET //modules/smartprestashopthemeadmin/upload/hx.php?gc=2397&dm=jppr2.xyz&fl=index.php&rn=637218234142481250&id=2397 HTTP/1.1" 404 1052 "-" "Mozilla/5.0 (compatible; MSIE 9.0; Windows NT 6.1; Trident/5.0)"
192.184.46.243 - - [06/Apr/2020:20:33:41 +0200] "GET //modules/smartprestashopthemeadmin/upload/hx.php?gc=2397&dm=jppr2.xyz&fl=index.php&rn=637218234144356250&id=2397 HTTP/1.1" 404 1052 "-" "Mozilla/5.0 (compatible; MSIE 9.0; Windows NT 6.1; Trident/5.0)"
193.93.192.240 - - [06/Apr/2020:20:33:44 +0200] "GET /55rtr HTTP/1.0" 404 1071 "http://www.materiel-esthetique.fr/55rtr" "Mozilla/5.0 (Windows NT 6.1; Win64; x64) AppleWebKit/537.36 (KHTML, like Gecko) Chrome/66.0.3359.170 Safari/537.36 OPR/53.0.2907.106"
193.93.192.240 - - [06/Apr/2020:20:33:44 +0200] "GET / HTTP/1.0" 200 17578 "http://www.materiel-esthetique.fr/" "Mozilla/5.0 (Windows NT 6.1; Win64; x64) AppleWebKit/537.36 (KHTML, like Gecko) Chrome/66.0.3359.170 Safari/537.36 OPR/53.0.2907.106"
185.107.47.215 - - [06/Apr/2020:20:33:53 +0200] "POST /modules/smartprestashopthemeadmin/upload/26.php HTTP/1.1" 404 1077 "-" "curl/7.19.7 (x86_64-redhat-linux-gnu) libcurl/7.19.7 NSS/3.44 zlib/1.2.3 libidn/1.18 libssh2/1.4.2"
40.77.167.37 - - [06/Apr/2020:20:34:14 +0200] "GET /92ycx95xnut.bi HTTP/1.1" 404 1108 "-" "Mozilla/5.0 (compatible; bingbot/2.0; +http://www.bing.com/bingbot.htm)"
46.229.168.141 - - [06/Apr/2020:20:34:28 +0200] "GET /index.php/cnu8fw3hpnt5k4.cd HTTP/1.1" 200 4618 "-" "Mozilla/5.0 (compatible; SemrushBot/6~bl; +http://www.semrush.com/bot.html)"
157.55.39.104 - - [06/Apr/2020:20:34:28 +0200] "GET /a_menu/reiwa1taihu15/index.htm HTTP/1.1" 404 1108 "-" "Mozilla/5.0 (compatible; bingbot/2.0; +http://www.bing.com/bingbot.htm)"
40.77.167.36 - - [06/Apr/2020:20:35:40 +0200] "GET /qveb4pyhmyaz3j.sz HTTP/1.1" 404 1108 "-" "Mozilla/5.0 (compatible; bingbot/2.0; +http://www.bing.com/bingbot.htm)"
46.229.168.154 - - [06/Apr/2020:20:35:53 +0200] "GET /index.php/8cn03zx2bnk.lk HTTP/1.1" 200 4618 "-" "Mozilla/5.0 (compatible; SemrushBot/6~bl; +http://www.semrush.com/bot.html)"
195.80.151.30 - - [06/Apr/2020:20:35:54 +0200] "POST /modules/smartprestashopthemeadmin/upload/26.php HTTP/1.1" 404 1077 "-" "curl/7.19.7 (x86_64-redhat-linux-gnu) libcurl/7.19.7 NSS/3.44 zlib/1.2.3 libidn/1.18 libssh2/1.4.2"
114.119.160.29 - - [06/Apr/2020:20:35:58 +0200] "GET /table-de-soins/85-table-de-soins-banji-alibaba.html HTTP/1.1" 404 1108 "-" "Mozilla/5.0 (Linux; Android 7.0;) AppleWebKit/537.36 (KHTML, like Gecko) Mobile Safari/537.36 (compatible; AspiegelBot)"
157.55.39.104 - - [06/Apr/2020:20:36:04 +0200] "GET /hm681g78i.download HTTP/1.1" 404 1108 "-" "Mozilla/5.0 (compatible; bingbot/2.0; +http://www.bing.com/bingbot.htm)"
46.229.168.162 - - [06/Apr/2020:20:36:33 +0200] "GET /index.php/72f4uuy3bhfl18.top HTTP/1.1" 200 4618 "-" "Mozilla/5.0 (compatible; SemrushBot/6~bl; +http://www.semrush.com/bot.html)"
46.229.168.142 - - [06/Apr/2020:20:36:45 +0200] "GET /index.php/xbx2g9hpffy5ftx5d.aw HTTP/1.1" 200 4618 "-" "Mozilla/5.0 (compatible; SemrushBot/6~bl; +http://www.semrush.com/bot.html)"
185.220.101.160 - - [06/Apr/2020:20:37:57 +0200] "POST /modules/smartprestashopthemeadmin/upload/26.php HTTP/1.1" 404 1077 "-" "curl/7.19.7 (x86_64-redhat-linux-gnu) libcurl/7.19.7 NSS/3.44 zlib/1.2.3 libidn/1.18 libssh2/1.4.2"
40.77.167.36 - - [06/Apr/2020:20:38:23 +0200] "GET /y56ocp.game HTTP/1.1" 404 1108 "-" "Mozilla/5.0 (compatible; bingbot/2.0; +http://www.bing.com/bingbot.htm)"
40.77.167.37 - - [06/Apr/2020:20:38:27 +0200] "GET /8ieekxnx7qirm.sj HTTP/1.1" 404 1108 "-" "Mozilla/5.0 (compatible; bingbot/2.0; +http://www.bing.com/bingbot.htm)"
23.100.232.233 - - [06/Apr/2020:20:38:43 +0200] "GET /6pl3bgfqls3xy HTTP/1.1" 404 1108 "-" "Mozilla/5.0 (compatible; MSIE 9.0; Windows NT 6.0; Trident/5.0;  Trident/5.0)"
23.100.232.233 - - [06/Apr/2020:20:38:43 +0200] "GET /error_docs/styles.css HTTP/1.1" 200 1291 "http://www.materiel-esthetique.fr/6pl3bgfqls3xy" "Mozilla/5.0 (compatible; MSIE 9.0; Windows NT 6.0; Trident/5.0;  Trident/5.0)"
23.100.232.233 - - [06/Apr/2020:20:38:44 +0200] "GET /error_docs/server.svg HTTP/1.1" 200 7714 "http://www.materiel-esthetique.fr/6pl3bgfqls3xy" "Mozilla/5.0 (compatible; MSIE 9.0; Windows NT 6.0; Trident/5.0;  Trident/5.0)"
192.184.46.243 - - [06/Apr/2020:20:38:51 +0200] "GET //modules/smartprestashopthemeadmin/upload/hx.php?gc=2397&dm=jppr2.xyz&fl=index.php&rn=637218237240918750&id=2397 HTTP/1.1" 404 1108 "-" "Mozilla/5.0 (compatible; MSIE 9.0; Windows NT 6.1; Trident/5.0)"
192.184.46.243 - - [06/Apr/2020:20:38:51 +0200] "GET //modules/smartprestashopthemeadmin/upload/hx.php?gc=2397&dm=jppr2.xyz&fl=index.php&rn=637218237244512500&id=2397 HTTP/1.1" 404 1052 "-" "Mozilla/5.0 (compatible; MSIE 9.0; Windows NT 6.1; Trident/5.0)"
