207.46.13.0 - - [13/Aug/2022:07:04:34 +0000] "GET /propozitii-cu-oricum-si-ori-cum/ HTTP/1.0" 404 1581 "-" "Mozilla/5.0 (compatible; bingbot/2.0; +http://www.bing.com/bingbot.htm)"
157.55.39.189 - - [13/Aug/2022:07:21:31 +0000] "GET /201804/article_1.html HTTP/1.0" 404 1581 "-" "Mozilla/5.0 (compatible; bingbot/2.0; +http://www.bing.com/bingbot.htm)"
157.55.39.189 - - [13/Aug/2022:07:26:51 +0000] "GET /index.php/site_admin/user/visuels/solarium.jpg HTTP/1.0" 200 9920 "-" "Mozilla/5.0 (compatible; bingbot/2.0; +http://www.bing.com/bingbot.htm)"
157.55.39.93 - - [13/Aug/2022:07:38:20 +0000] "GET /?wah2hnn3hmk3.mp HTTP/1.0" 200 9920 "-" "Mozilla/5.0 (compatible; bingbot/2.0; +http://www.bing.com/bingbot.htm)"
157.55.39.93 - - [13/Aug/2022:07:53:22 +0000] "GET /article/evaluation-management-code-changes-set-for-2021/ HTTP/1.0" 404 1581 "-" "Mozilla/5.0 (compatible; bingbot/2.0; +http://www.bing.com/bingbot.htm)"
66.249.66.17 - - [13/Aug/2022:08:12:18 +0000] "GET /robots.txt HTTP/1.0" 404 1581 "-" "Mozilla/5.0 (compatible; Googlebot/2.1; +http://www.google.com/bot.html)"
207.46.13.0 - - [13/Aug/2022:08:28:40 +0000] "GET / HTTP/1.0" 200 9920 "-" "Mozilla/5.0 (compatible; bingbot/2.0; +http://www.bing.com/bingbot.htm)"
157.55.39.93 - - [13/Aug/2022:09:18:31 +0000] "GET /materiel-neuf/59-microdermabrasion-diamond.html HTTP/1.0" 404 1581 "-" "Mozilla/5.0 (compatible; bingbot/2.0; +http://www.bing.com/bingbot.htm)"
157.55.39.189 - - [13/Aug/2022:09:38:22 +0000] "GET /adaptirovannye-knigi-na-angliyskom/ HTTP/1.0" 404 1581 "-" "Mozilla/5.0 (compatible; bingbot/2.0; +http://www.bing.com/bingbot.htm)"
172.94.13.142 - - [13/Aug/2022:09:48:40 +0000] "GET /contact HTTP/1.0" 404 1581 "http://www.materiel-esthetique.fr/contact" "Mozilla/5.0 (Windows NT 6.1; WOW64) AppleWebKit/537.36 (KHTML, like Gecko) Chrome/53.0.2785.104 Safari/537.36 Core/1.53.4843.400 QQBrowser/9.7.13021.400"
172.94.13.142 - - [13/Aug/2022:09:48:41 +0000] "GET / HTTP/1.0" 200 9920 "https://www.materiel-esthetique.fr/contact" "Mozilla/5.0 (Windows NT 6.1; WOW64) AppleWebKit/537.36 (KHTML, like Gecko) Chrome/53.0.2785.104 Safari/537.36 Core/1.53.4843.400 QQBrowser/9.7.13021.400"
172.94.13.142 - - [13/Aug/2022:09:48:41 +0000] "GET /index.php HTTP/1.0" 200 9920 "http://www.materiel-esthetique.fr/contact" "Mozilla/5.0 (Windows NT 6.1; WOW64) AppleWebKit/537.36 (KHTML, like Gecko) Chrome/53.0.2785.104 Safari/537.36 Core/1.53.4843.400 QQBrowser/9.7.13021.400"
207.46.13.75 - - [13/Aug/2022:09:52:15 +0000] "GET /kubernetes-operator/stable/reference/troubleshooting HTTP/1.0" 404 1581 "-" "Mozilla/5.0 (compatible; bingbot/2.0; +http://www.bing.com/bingbot.htm)"
157.90.181.219 - - [13/Aug/2022:10:09:24 +0000] "GET /robots.txt HTTP/1.0" 404 1581 "-" "Mozilla/5.0 (compatible; BLEXBot/1.0; +http://webmeup-crawler.com/)"
157.90.181.219 - - [13/Aug/2022:10:09:27 +0000] "GET /robots.txt HTTP/1.0" 404 1581 "-" "Mozilla/5.0 (compatible; BLEXBot/1.0; +http://webmeup-crawler.com/)"
157.90.181.219 - - [13/Aug/2022:10:09:28 +0000] "GET /sitemap HTTP/1.0" 404 1581 "-" "Mozilla/5.0 (compatible; BLEXBot/1.0; +http://webmeup-crawler.com/)"
157.90.181.219 - - [13/Aug/2022:10:09:32 +0000] "GET /robots.txt HTTP/1.0" 404 1581 "-" "Mozilla/5.0 (compatible; BLEXBot/1.0; +http://webmeup-crawler.com/)"
157.90.181.219 - - [13/Aug/2022:10:09:34 +0000] "GET /sitemap HTTP/1.0" 404 1581 "-" "Mozilla/5.0 (compatible; BLEXBot/1.0; +http://webmeup-crawler.com/)"
157.90.181.219 - - [13/Aug/2022:10:09:36 +0000] "GET /sitemap HTTP/1.0" 404 1581 "-" "Mozilla/5.0 (compatible; BLEXBot/1.0; +http://webmeup-crawler.com/)"
157.90.181.219 - - [13/Aug/2022:10:09:41 +0000] "GET /sitemap.txt HTTP/1.0" 404 1581 "-" "Mozilla/5.0 (compatible; BLEXBot/1.0; +http://webmeup-crawler.com/)"
157.90.181.219 - - [13/Aug/2022:10:09:46 +0000] "GET /sitemap.txt HTTP/1.0" 404 1581 "-" "Mozilla/5.0 (compatible; BLEXBot/1.0; +http://webmeup-crawler.com/)"
157.90.181.219 - - [13/Aug/2022:10:09:50 +0000] "GET /sitemap.txt HTTP/1.0" 404 1581 "-" "Mozilla/5.0 (compatible; BLEXBot/1.0; +http://webmeup-crawler.com/)"
86.209.156.118 - - [13/Aug/2022:10:19:11 +0000] "GET / HTTP/1.0" 200 9920 "https://www.bing.com/" "Mozilla/5.0 (Windows NT 10.0; Win64; x64) AppleWebKit/537.36 (KHTML, like Gecko) Chrome/104.0.5112.81 Safari/537.36 Edg/104.0.1293.47"
86.209.156.118 - - [13/Aug/2022:10:19:11 +0000] "GET /tarteaucitron/tarteaucitron.js HTTP/1.0" 200 787 "https://www.materiel-esthetique.fr/" "Mozilla/5.0 (Windows NT 10.0; Win64; x64) AppleWebKit/537.36 (KHTML, like Gecko) Chrome/104.0.5112.81 Safari/537.36 Edg/104.0.1293.47"
86.209.156.118 - - [13/Aug/2022:10:19:11 +0000] "GET /assets/style.css HTTP/1.0" 200 759 "https://www.materiel-esthetique.fr/" "Mozilla/5.0 (Windows NT 10.0; Win64; x64) AppleWebKit/537.36 (KHTML, like Gecko) Chrome/104.0.5112.81 Safari/537.36 Edg/104.0.1293.47"
86.209.156.118 - - [13/Aug/2022:10:19:11 +0000] "GET /assets/styles.css HTTP/1.0" 200 760 "https://www.materiel-esthetique.fr/" "Mozilla/5.0 (Windows NT 10.0; Win64; x64) AppleWebKit/537.36 (KHTML, like Gecko) Chrome/104.0.5112.81 Safari/537.36 Edg/104.0.1293.47"
86.209.156.118 - - [13/Aug/2022:10:19:11 +0000] "GET /tarteaucitron/tarteaucitron.js HTTP/2.0" 200 8823 "https://www.materiel-esthetique.fr/" "Mozilla/5.0 (Windows NT 10.0; Win64; x64) AppleWebKit/537.36 (KHTML, like Gecko) Chrome/104.0.5112.81 Safari/537.36 Edg/104.0.1293.47"
86.209.156.118 - - [13/Aug/2022:10:19:11 +0000] "GET /assets/styles.css HTTP/2.0" 200 2521 "https://www.materiel-esthetique.fr/" "Mozilla/5.0 (Windows NT 10.0; Win64; x64) AppleWebKit/537.36 (KHTML, like Gecko) Chrome/104.0.5112.81 Safari/537.36 Edg/104.0.1293.47"
86.209.156.118 - - [13/Aug/2022:10:19:11 +0000] "GET /assets/style.css HTTP/2.0" 200 4307 "https://www.materiel-esthetique.fr/" "Mozilla/5.0 (Windows NT 10.0; Win64; x64) AppleWebKit/537.36 (KHTML, like Gecko) Chrome/104.0.5112.81 Safari/537.36 Edg/104.0.1293.47"
86.209.156.118 - - [13/Aug/2022:10:19:12 +0000] "GET /visuels/pressotherapie.jpg HTTP/2.0" 200 30795 "https://www.materiel-esthetique.fr/" "Mozilla/5.0 (Windows NT 10.0; Win64; x64) AppleWebKit/537.36 (KHTML, like Gecko) Chrome/104.0.5112.81 Safari/537.36 Edg/104.0.1293.47"
86.209.156.118 - - [13/Aug/2022:10:19:12 +0000] "GET /visuels/vagues-top.png HTTP/2.0" 200 18000 "https://www.materiel-esthetique.fr/" "Mozilla/5.0 (Windows NT 10.0; Win64; x64) AppleWebKit/537.36 (KHTML, like Gecko) Chrome/104.0.5112.81 Safari/537.36 Edg/104.0.1293.47"
86.209.156.118 - - [13/Aug/2022:10:19:12 +0000] "GET /visuels/cryolipolyse.jpg HTTP/2.0" 200 28065 "https://www.materiel-esthetique.fr/" "Mozilla/5.0 (Windows NT 10.0; Win64; x64) AppleWebKit/537.36 (KHTML, like Gecko) Chrome/104.0.5112.81 Safari/537.36 Edg/104.0.1293.47"
86.209.156.118 - - [13/Aug/2022:10:19:12 +0000] "GET /visuels/electrostimulation.jpg HTTP/2.0" 200 21111 "https://www.materiel-esthetique.fr/" "Mozilla/5.0 (Windows NT 10.0; Win64; x64) AppleWebKit/537.36 (KHTML, like Gecko) Chrome/104.0.5112.81 Safari/537.36 Edg/104.0.1293.47"
86.209.156.118 - - [13/Aug/2022:10:19:12 +0000] "GET /assets/index.js HTTP/2.0" 200 1541 "https://www.materiel-esthetique.fr/" "Mozilla/5.0 (Windows NT 10.0; Win64; x64) AppleWebKit/537.36 (KHTML, like Gecko) Chrome/104.0.5112.81 Safari/537.36 Edg/104.0.1293.47"
86.209.156.118 - - [13/Aug/2022:10:19:12 +0000] "GET /visuels/logo.png HTTP/2.0" 200 4140 "https://www.materiel-esthetique.fr/" "Mozilla/5.0 (Windows NT 10.0; Win64; x64) AppleWebKit/537.36 (KHTML, like Gecko) Chrome/104.0.5112.81 Safari/537.36 Edg/104.0.1293.47"
86.209.156.118 - - [13/Aug/2022:10:19:12 +0000] "GET /visuels/enveloppement.jpg HTTP/2.0" 200 33912 "https://www.materiel-esthetique.fr/" "Mozilla/5.0 (Windows NT 10.0; Win64; x64) AppleWebKit/537.36 (KHTML, like Gecko) Chrome/104.0.5112.81 Safari/537.36 Edg/104.0.1293.47"
86.209.156.118 - - [13/Aug/2022:10:19:12 +0000] "GET /visuels/ultrason.jpg HTTP/2.0" 200 23424 "https://www.materiel-esthetique.fr/" "Mozilla/5.0 (Windows NT 10.0; Win64; x64) AppleWebKit/537.36 (KHTML, like Gecko) Chrome/104.0.5112.81 Safari/537.36 Edg/104.0.1293.47"
86.209.156.118 - - [13/Aug/2022:10:19:12 +0000] "GET /visuels/electromagnetisme.jpg HTTP/2.0" 200 49634 "https://www.materiel-esthetique.fr/" "Mozilla/5.0 (Windows NT 10.0; Win64; x64) AppleWebKit/537.36 (KHTML, like Gecko) Chrome/104.0.5112.81 Safari/537.36 Edg/104.0.1293.47"
86.209.156.118 - - [13/Aug/2022:10:19:12 +0000] "GET /visuels/logo-esthetiquepro.png HTTP/2.0" 200 5415 "https://www.materiel-esthetique.fr/" "Mozilla/5.0 (Windows NT 10.0; Win64; x64) AppleWebKit/537.36 (KHTML, like Gecko) Chrome/104.0.5112.81 Safari/537.36 Edg/104.0.1293.47"
86.209.156.118 - - [13/Aug/2022:10:19:12 +0000] "GET /visuels/bilan-minceur.jpg HTTP/2.0" 200 46660 "https://www.materiel-esthetique.fr/" "Mozilla/5.0 (Windows NT 10.0; Win64; x64) AppleWebKit/537.36 (KHTML, like Gecko) Chrome/104.0.5112.81 Safari/537.36 Edg/104.0.1293.47"
86.209.156.118 - - [13/Aug/2022:10:19:12 +0000] "GET /visuels/thermotherapie.jpg HTTP/2.0" 200 17204 "https://www.materiel-esthetique.fr/" "Mozilla/5.0 (Windows NT 10.0; Win64; x64) AppleWebKit/537.36 (KHTML, like Gecko) Chrome/104.0.5112.81 Safari/537.36 Edg/104.0.1293.47"
86.209.156.118 - - [13/Aug/2022:10:19:12 +0000] "GET /visuels/modelage.jpg HTTP/2.0" 200 39040 "https://www.materiel-esthetique.fr/" "Mozilla/5.0 (Windows NT 10.0; Win64; x64) AppleWebKit/537.36 (KHTML, like Gecko) Chrome/104.0.5112.81 Safari/537.36 Edg/104.0.1293.47"
86.209.156.118 - - [13/Aug/2022:10:19:12 +0000] "GET /visuels/massage.jpg HTTP/2.0" 200 26172 "https://www.materiel-esthetique.fr/" "Mozilla/5.0 (Windows NT 10.0; Win64; x64) AppleWebKit/537.36 (KHTML, like Gecko) Chrome/104.0.5112.81 Safari/537.36 Edg/104.0.1293.47"
86.209.156.118 - - [13/Aug/2022:10:19:12 +0000] "GET /visuels//depresso-modelage.jpg HTTP/2.0" 200 27732 "https://www.materiel-esthetique.fr/" "Mozilla/5.0 (Windows NT 10.0; Win64; x64) AppleWebKit/537.36 (KHTML, like Gecko) Chrome/104.0.5112.81 Safari/537.36 Edg/104.0.1293.47"
86.209.156.118 - - [13/Aug/2022:10:19:12 +0000] "GET /visuels/solarium.jpg HTTP/2.0" 200 30823 "https://www.materiel-esthetique.fr/" "Mozilla/5.0 (Windows NT 10.0; Win64; x64) AppleWebKit/537.36 (KHTML, like Gecko) Chrome/104.0.5112.81 Safari/537.36 Edg/104.0.1293.47"
86.209.156.118 - - [13/Aug/2022:10:19:12 +0000] "GET /visuels/radiofrequence.jpg HTTP/2.0" 200 26179 "https://www.materiel-esthetique.fr/" "Mozilla/5.0 (Windows NT 10.0; Win64; x64) AppleWebKit/537.36 (KHTML, like Gecko) Chrome/104.0.5112.81 Safari/537.36 Edg/104.0.1293.47"
86.209.156.118 - - [13/Aug/2022:10:19:12 +0000] "GET /visuels/epilation-lumiere-pulsee.jpg HTTP/2.0" 200 27402 "https://www.materiel-esthetique.fr/" "Mozilla/5.0 (Windows NT 10.0; Win64; x64) AppleWebKit/537.36 (KHTML, like Gecko) Chrome/104.0.5112.81 Safari/537.36 Edg/104.0.1293.47"
86.209.156.118 - - [13/Aug/2022:10:19:12 +0000] "GET /visuels/vagues-bottom.png HTTP/2.0" 200 18132 "https://www.materiel-esthetique.fr/" "Mozilla/5.0 (Windows NT 10.0; Win64; x64) AppleWebKit/537.36 (KHTML, like Gecko) Chrome/104.0.5112.81 Safari/537.36 Edg/104.0.1293.47"
86.209.156.118 - - [13/Aug/2022:10:19:12 +0000] "GET /visuels/slide.jpg HTTP/2.0" 200 66137 "https://www.materiel-esthetique.fr/assets/style.css" "Mozilla/5.0 (Windows NT 10.0; Win64; x64) AppleWebKit/537.36 (KHTML, like Gecko) Chrome/104.0.5112.81 Safari/537.36 Edg/104.0.1293.47"
86.209.156.118 - - [13/Aug/2022:10:19:12 +0000] "GET /visuels/bg-qui-sommes-nous.jpg HTTP/2.0" 200 161122 "https://www.materiel-esthetique.fr/assets/style.css" "Mozilla/5.0 (Windows NT 10.0; Win64; x64) AppleWebKit/537.36 (KHTML, like Gecko) Chrome/104.0.5112.81 Safari/537.36 Edg/104.0.1293.47"
86.209.156.118 - - [13/Aug/2022:10:19:12 +0000] "GET /visuels/vagues-top.png HTTP/1.0" 200 766 "https://www.materiel-esthetique.fr/" "Mozilla/5.0 (Windows NT 10.0; Win64; x64) AppleWebKit/537.36 (KHTML, like Gecko) Chrome/104.0.5112.81 Safari/537.36 Edg/104.0.1293.47"
86.209.156.118 - - [13/Aug/2022:10:19:12 +0000] "GET /visuels/cryolipolyse.jpg HTTP/1.0" 200 769 "https://www.materiel-esthetique.fr/" "Mozilla/5.0 (Windows NT 10.0; Win64; x64) AppleWebKit/537.36 (KHTML, like Gecko) Chrome/104.0.5112.81 Safari/537.36 Edg/104.0.1293.47"
86.209.156.118 - - [13/Aug/2022:10:19:12 +0000] "GET /assets/index.js HTTP/1.0" 200 772 "https://www.materiel-esthetique.fr/" "Mozilla/5.0 (Windows NT 10.0; Win64; x64) AppleWebKit/537.36 (KHTML, like Gecko) Chrome/104.0.5112.81 Safari/537.36 Edg/104.0.1293.47"
86.209.156.118 - - [13/Aug/2022:10:19:12 +0000] "GET /visuels/pressotherapie.jpg HTTP/1.0" 200 771 "https://www.materiel-esthetique.fr/" "Mozilla/5.0 (Windows NT 10.0; Win64; x64) AppleWebKit/537.36 (KHTML, like Gecko) Chrome/104.0.5112.81 Safari/537.36 Edg/104.0.1293.47"
86.209.156.118 - - [13/Aug/2022:10:19:12 +0000] "GET /visuels/logo.png HTTP/1.0" 200 760 "https://www.materiel-esthetique.fr/" "Mozilla/5.0 (Windows NT 10.0; Win64; x64) AppleWebKit/537.36 (KHTML, like Gecko) Chrome/104.0.5112.81 Safari/537.36 Edg/104.0.1293.47"
86.209.156.118 - - [13/Aug/2022:10:19:12 +0000] "GET /visuels/enveloppement.jpg HTTP/1.0" 200 770 "https://www.materiel-esthetique.fr/" "Mozilla/5.0 (Windows NT 10.0; Win64; x64) AppleWebKit/537.36 (KHTML, like Gecko) Chrome/104.0.5112.81 Safari/537.36 Edg/104.0.1293.47"
86.209.156.118 - - [13/Aug/2022:10:19:12 +0000] "GET /visuels/electrostimulation.jpg HTTP/1.0" 200 775 "https://www.materiel-esthetique.fr/" "Mozilla/5.0 (Windows NT 10.0; Win64; x64) AppleWebKit/537.36 (KHTML, like Gecko) Chrome/104.0.5112.81 Safari/537.36 Edg/104.0.1293.47"
86.209.156.118 - - [13/Aug/2022:10:19:12 +0000] "GET /visuels/electromagnetisme.jpg HTTP/1.0" 200 774 "https://www.materiel-esthetique.fr/" "Mozilla/5.0 (Windows NT 10.0; Win64; x64) AppleWebKit/537.36 (KHTML, like Gecko) Chrome/104.0.5112.81 Safari/537.36 Edg/104.0.1293.47"
86.209.156.118 - - [13/Aug/2022:10:19:12 +0000] "GET /visuels/logo-esthetiquepro.png HTTP/1.0" 200 2223 "https://www.materiel-esthetique.fr/" "Mozilla/5.0 (Windows NT 10.0; Win64; x64) AppleWebKit/537.36 (KHTML, like Gecko) Chrome/104.0.5112.81 Safari/537.36 Edg/104.0.1293.47"
86.209.156.118 - - [13/Aug/2022:10:19:12 +0000] "GET /visuels/ultrason.jpg HTTP/1.0" 200 765 "https://www.materiel-esthetique.fr/" "Mozilla/5.0 (Windows NT 10.0; Win64; x64) AppleWebKit/537.36 (KHTML, like Gecko) Chrome/104.0.5112.81 Safari/537.36 Edg/104.0.1293.47"
86.209.156.118 - - [13/Aug/2022:10:19:12 +0000] "GET /visuels/bilan-minceur.jpg HTTP/1.0" 200 770 "https://www.materiel-esthetique.fr/" "Mozilla/5.0 (Windows NT 10.0; Win64; x64) AppleWebKit/537.36 (KHTML, like Gecko) Chrome/104.0.5112.81 Safari/537.36 Edg/104.0.1293.47"
86.209.156.118 - - [13/Aug/2022:10:19:12 +0000] "GET /visuels/modelage.jpg HTTP/1.0" 200 765 "https://www.materiel-esthetique.fr/" "Mozilla/5.0 (Windows NT 10.0; Win64; x64) AppleWebKit/537.36 (KHTML, like Gecko) Chrome/104.0.5112.81 Safari/537.36 Edg/104.0.1293.47"
86.209.156.118 - - [13/Aug/2022:10:19:12 +0000] "GET /visuels//depresso-modelage.jpg HTTP/1.0" 200 774 "https://www.materiel-esthetique.fr/" "Mozilla/5.0 (Windows NT 10.0; Win64; x64) AppleWebKit/537.36 (KHTML, like Gecko) Chrome/104.0.5112.81 Safari/537.36 Edg/104.0.1293.47"
86.209.156.118 - - [13/Aug/2022:10:19:12 +0000] "GET /visuels/thermotherapie.jpg HTTP/1.0" 200 771 "https://www.materiel-esthetique.fr/" "Mozilla/5.0 (Windows NT 10.0; Win64; x64) AppleWebKit/537.36 (KHTML, like Gecko) Chrome/104.0.5112.81 Safari/537.36 Edg/104.0.1293.47"
86.209.156.118 - - [13/Aug/2022:10:19:12 +0000] "GET /visuels/solarium.jpg HTTP/1.0" 200 765 "https://www.materiel-esthetique.fr/" "Mozilla/5.0 (Windows NT 10.0; Win64; x64) AppleWebKit/537.36 (KHTML, like Gecko) Chrome/104.0.5112.81 Safari/537.36 Edg/104.0.1293.47"
86.209.156.118 - - [13/Aug/2022:10:19:12 +0000] "GET /visuels/massage.jpg HTTP/1.0" 200 764 "https://www.materiel-esthetique.fr/" "Mozilla/5.0 (Windows NT 10.0; Win64; x64) AppleWebKit/537.36 (KHTML, like Gecko) Chrome/104.0.5112.81 Safari/537.36 Edg/104.0.1293.47"
86.209.156.118 - - [13/Aug/2022:10:19:12 +0000] "GET /visuels/radiofrequence.jpg HTTP/1.0" 200 771 "https://www.materiel-esthetique.fr/" "Mozilla/5.0 (Windows NT 10.0; Win64; x64) AppleWebKit/537.36 (KHTML, like Gecko) Chrome/104.0.5112.81 Safari/537.36 Edg/104.0.1293.47"
86.209.156.118 - - [13/Aug/2022:10:19:12 +0000] "GET /visuels/slide.jpg HTTP/1.0" 200 762 "https://www.materiel-esthetique.fr/assets/style.css" "Mozilla/5.0 (Windows NT 10.0; Win64; x64) AppleWebKit/537.36 (KHTML, like Gecko) Chrome/104.0.5112.81 Safari/537.36 Edg/104.0.1293.47"
86.209.156.118 - - [13/Aug/2022:10:19:12 +0000] "GET /visuels/epilation-lumiere-pulsee.jpg HTTP/1.0" 200 781 "https://www.materiel-esthetique.fr/" "Mozilla/5.0 (Windows NT 10.0; Win64; x64) AppleWebKit/537.36 (KHTML, like Gecko) Chrome/104.0.5112.81 Safari/537.36 Edg/104.0.1293.47"
86.209.156.118 - - [13/Aug/2022:10:19:12 +0000] "GET /visuels/vagues-bottom.png HTTP/1.0" 200 769 "https://www.materiel-esthetique.fr/" "Mozilla/5.0 (Windows NT 10.0; Win64; x64) AppleWebKit/537.36 (KHTML, like Gecko) Chrome/104.0.5112.81 Safari/537.36 Edg/104.0.1293.47"
86.209.156.118 - - [13/Aug/2022:10:19:12 +0000] "GET /visuels/bg-qui-sommes-nous.jpg HTTP/1.0" 200 775 "https://www.materiel-esthetique.fr/assets/style.css" "Mozilla/5.0 (Windows NT 10.0; Win64; x64) AppleWebKit/537.36 (KHTML, like Gecko) Chrome/104.0.5112.81 Safari/537.36 Edg/104.0.1293.47"
86.209.156.118 - - [13/Aug/2022:10:19:13 +0000] "GET /visuels/favicon.png HTTP/1.0" 200 763 "https://www.materiel-esthetique.fr/" "Mozilla/5.0 (Windows NT 10.0; Win64; x64) AppleWebKit/537.36 (KHTML, like Gecko) Chrome/104.0.5112.81 Safari/537.36 Edg/104.0.1293.47"
86.209.156.118 - - [13/Aug/2022:10:19:13 +0000] "GET /tarteaucitron/lang/tarteaucitron.fr.js?v=323 HTTP/1.0" 200 817 "https://www.materiel-esthetique.fr/" "Mozilla/5.0 (Windows NT 10.0; Win64; x64) AppleWebKit/537.36 (KHTML, like Gecko) Chrome/104.0.5112.81 Safari/537.36 Edg/104.0.1293.47"
86.209.156.118 - - [13/Aug/2022:10:19:13 +0000] "GET /tarteaucitron/css/tarteaucitron.css?v=323 HTTP/1.0" 200 778 "https://www.materiel-esthetique.fr/" "Mozilla/5.0 (Windows NT 10.0; Win64; x64) AppleWebKit/537.36 (KHTML, like Gecko) Chrome/104.0.5112.81 Safari/537.36 Edg/104.0.1293.47"
86.209.156.118 - - [13/Aug/2022:10:19:13 +0000] "GET /tarteaucitron/tarteaucitron.services.js?v=323 HTTP/1.0" 200 796 "https://www.materiel-esthetique.fr/" "Mozilla/5.0 (Windows NT 10.0; Win64; x64) AppleWebKit/537.36 (KHTML, like Gecko) Chrome/104.0.5112.81 Safari/537.36 Edg/104.0.1293.47"
86.209.156.118 - - [13/Aug/2022:10:19:13 +0000] "GET /visuels/favicon.png HTTP/2.0" 200 2160 "https://www.materiel-esthetique.fr/" "Mozilla/5.0 (Windows NT 10.0; Win64; x64) AppleWebKit/537.36 (KHTML, like Gecko) Chrome/104.0.5112.81 Safari/537.36 Edg/104.0.1293.47"
86.209.156.118 - - [13/Aug/2022:10:19:13 +0000] "GET /tarteaucitron/css/tarteaucitron.css?v=323 HTTP/2.0" 200 1977 "https://www.materiel-esthetique.fr/" "Mozilla/5.0 (Windows NT 10.0; Win64; x64) AppleWebKit/537.36 (KHTML, like Gecko) Chrome/104.0.5112.81 Safari/537.36 Edg/104.0.1293.47"
86.209.156.118 - - [13/Aug/2022:10:19:13 +0000] "GET /tarteaucitron/lang/tarteaucitron.fr.js?v=323 HTTP/2.0" 200 1068 "https://www.materiel-esthetique.fr/" "Mozilla/5.0 (Windows NT 10.0; Win64; x64) AppleWebKit/537.36 (KHTML, like Gecko) Chrome/104.0.5112.81 Safari/537.36 Edg/104.0.1293.47"
86.209.156.118 - - [13/Aug/2022:10:19:13 +0000] "GET /tarteaucitron/tarteaucitron.services.js?v=323 HTTP/2.0" 200 9417 "https://www.materiel-esthetique.fr/" "Mozilla/5.0 (Windows NT 10.0; Win64; x64) AppleWebKit/537.36 (KHTML, like Gecko) Chrome/104.0.5112.81 Safari/537.36 Edg/104.0.1293.47"
86.209.156.118 - - [13/Aug/2022:10:19:17 +0000] "GET /images/cookie.png HTTP/1.0" 404 1581 "https://www.materiel-esthetique.fr/assets/styles.css" "Mozilla/5.0 (Windows NT 10.0; Win64; x64) AppleWebKit/537.36 (KHTML, like Gecko) Chrome/104.0.5112.81 Safari/537.36 Edg/104.0.1293.47"
157.55.39.189 - - [13/Aug/2022:10:38:59 +0000] "GET /pertes-blanches-faut-il-vraiment-sinquieter/ HTTP/1.0" 404 1581 "-" "Mozilla/5.0 (compatible; bingbot/2.0; +http://www.bing.com/bingbot.htm)"
207.46.13.75 - - [13/Aug/2022:10:46:32 +0000] "GET /conheca-dezenove-fontes-de-informacao-seguras-sobre-africa-e-africanidades/ HTTP/1.0" 404 1581 "-" "Mozilla/5.0 (compatible; bingbot/2.0; +http://www.bing.com/bingbot.htm)"
207.46.13.0 - - [13/Aug/2022:10:54:54 +0000] "GET /hiroyuki.takakura.75?fref=search&__tn__=%2Cd%2CP-R&eid=ARC3PE0qDpbEnmUImQZiFHbo8gwsHWdNKlE9gzbSjtWB9Xsn4BSKDcgPmz1-jgQPADm44-fRr92wtFwn HTTP/1.0" 404 1581 "-" "Mozilla/5.0 (compatible; bingbot/2.0; +http://www.bing.com/bingbot.htm)"
157.55.39.111 - - [13/Aug/2022:10:55:28 +0000] "GET /index.php/parametric-search/visuels/vagues-bottom.png HTTP/1.0" 200 9920 "-" "Mozilla/5.0 (compatible; bingbot/2.0; +http://www.bing.com/bingbot.htm)"
157.55.39.111 - - [13/Aug/2022:11:06:59 +0000] "GET /articles/five-trends-in-business-analysis-project-management-and-agile.html HTTP/1.0" 404 1581 "-" "Mozilla/5.0 (compatible; bingbot/2.0; +http://www.bing.com/bingbot.htm)"
88.147.173.41 - - [13/Aug/2022:11:17:08 +0000] "GET /contact/ HTTP/1.0" 404 1581 "https://www.materiel-esthetique.fr/contact/" "Mozilla/5.0 (Windows NT 10.0; WOW64) AppleWebKit/537.36 (KHTML, like Gecko) Chrome/90.0.4430.85 Safari/537.36"
88.147.173.41 - - [13/Aug/2022:11:17:12 +0000] "GET / HTTP/1.0" 200 53087 "https://www.materiel-esthetique.fr/" "Mozilla/5.0 (Windows NT 10.0; WOW64) AppleWebKit/537.36 (KHTML, like Gecko) Chrome/90.0.4430.85 Safari/537.36"
88.147.173.41 - - [13/Aug/2022:11:17:13 +0000] "GET /index.php HTTP/1.0" 200 53064 "https://www.materiel-esthetique.fr/index.php" "Mozilla/5.0 (Windows NT 10.0; WOW64) AppleWebKit/537.36 (KHTML, like Gecko) Chrome/90.0.4430.85 Safari/537.36"
157.55.39.111 - - [13/Aug/2022:11:30:41 +0000] "GET /content.php?content_title=EVA_TITLE&content=EVA_CONTENT HTTP/1.0" 404 714 "-" "Mozilla/5.0 (compatible; bingbot/2.0; +http://www.bing.com/bingbot.htm)"
216.244.66.248 - - [13/Aug/2022:11:49:56 +0000] "GET /robots.txt HTTP/1.0" 404 1581 "-" "Mozilla/5.0 (compatible; DotBot/1.2; +https://opensiteexplorer.org/dotbot; help@moz.com)"
216.244.66.248 - - [13/Aug/2022:11:58:39 +0000] "GET /187-thickbox_default/fauteuil-de-soins-3-plans-fixes.jpg HTTP/1.0" 404 1581 "-" "Mozilla/5.0 (compatible; DotBot/1.2; +https://opensiteexplorer.org/dotbot; help@moz.com)"
152.44.34.36 - - [13/Aug/2022:12:01:09 +0000] "GET / HTTP/1.0" 200 9920 "https://www.materiel-esthetique.fr/" "Opera/9.80 (Windows NT 6.1; U; Distribution 00; ru) Presto/2.10.229 Version/11.60"
152.44.34.36 - - [13/Aug/2022:12:01:09 +0000] "GET /tarteaucitron/tarteaucitron.js HTTP/1.0" 200 787 "https://www.materiel-esthetique.fr/checkout/onepage/" "Opera/9.80 (Windows NT 6.1; U; Distribution 00; ru) Presto/2.10.229 Version/11.60"
152.44.34.36 - - [13/Aug/2022:12:01:09 +0000] "GET /tarteaucitron/tarteaucitron.js HTTP/2.0" 200 60753 "https://www.materiel-esthetique.fr/checkout/onepage/" "Opera/9.80 (Windows NT 6.1; U; Distribution 00; ru) Presto/2.10.229 Version/11.60"
152.44.34.36 - - [13/Aug/2022:12:01:10 +0000] "GET /assets/index.js HTTP/2.0" 200 6639 "https://www.materiel-esthetique.fr/checkout/onepage/" "Opera/9.80 (Windows NT 6.1; U; Distribution 00; ru) Presto/2.10.229 Version/11.60"
152.44.34.36 - - [13/Aug/2022:12:01:10 +0000] "GET /assets/index.js HTTP/1.0" 200 772 "https://www.materiel-esthetique.fr/checkout/onepage/" "Opera/9.80 (Windows NT 6.1; U; Distribution 00; ru) Presto/2.10.229 Version/11.60"
157.55.39.93 - - [13/Aug/2022:12:09:25 +0000] "GET /protaras-in-cyprus/ HTTP/1.0" 404 1581 "-" "Mozilla/5.0 (compatible; bingbot/2.0; +http://www.bing.com/bingbot.htm)"
40.90.228.48 - - [13/Aug/2022:12:15:27 +0000] "GET / HTTP/1.0" 200 9920 "-" "Mozilla/5.0 (Windows NT 10.0; Win64; x64; rv:64.0) Gecko/20100101 Firefox/64.0"
157.55.39.93 - - [13/Aug/2022:12:22:46 +0000] "GET /protaras-in-cyprus/ HTTP/1.0" 404 1581 "-" "Mozilla/5.0 (compatible; bingbot/2.0; +http://www.bing.com/bingbot.htm)"
157.55.39.93 - - [13/Aug/2022:12:45:09 +0000] "GET /speaker/natasha-srdoc/ HTTP/1.0" 404 1581 "-" "Mozilla/5.0 (compatible; bingbot/2.0; +http://www.bing.com/bingbot.htm)"
173.231.60.198 - - [13/Aug/2022:13:23:49 +0000] "GET / HTTP/1.0" 200 9920 "-" "Mozilla/5.0 (compatible; Adsbot/3.1; +https://seostar.co/robot/)"
173.231.60.198 - - [13/Aug/2022:13:24:00 +0000] "GET /index.php HTTP/1.0" 200 9920 "https://www.materiel-esthetique.fr/" "Mozilla/5.0 (compatible; Adsbot/3.1; +https://seostar.co/robot/)"
173.231.60.198 - - [13/Aug/2022:13:24:09 +0000] "GET /mentions-legales.php HTTP/1.0" 200 4330 "https://www.materiel-esthetique.fr/" "Mozilla/5.0 (compatible; Adsbot/3.1; +https://seostar.co/robot/)"
207.46.13.75 - - [13/Aug/2022:13:29:28 +0000] "GET /12-materiel-neuf HTTP/1.0" 404 1581 "-" "Mozilla/5.0 (iPhone; CPU iPhone OS 7_0 like Mac OS X) AppleWebKit/537.51.1 (KHTML, like Gecko) Version/7.0 Mobile/11A465 Safari/9537.53 (compatible; bingbot/2.0; +http://www.bing.com/bingbot.htm)"
157.55.39.93 - - [13/Aug/2022:13:40:14 +0000] "GET /speaker/natasha-srdoc/ HTTP/1.0" 404 1581 "-" "Mozilla/5.0 AppleWebKit/537.36 (KHTML, like Gecko; compatible; bingbot/2.0; +http://www.bing.com/bingbot.htm) Chrome/103.0.5060.134 Safari/537.36"
207.46.13.0 - - [13/Aug/2022:14:17:15 +0000] "GET /17-enveloppement HTTP/1.0" 404 1581 "-" "Mozilla/5.0 (iPhone; CPU iPhone OS 7_0 like Mac OS X) AppleWebKit/537.51.1 (KHTML, like Gecko) Version/7.0 Mobile/11A465 Safari/9537.53 (compatible; bingbot/2.0; +http://www.bing.com/bingbot.htm)"
1.192.242.250 - - [13/Aug/2022:14:48:40 +0000] "GET /robots.txt HTTP/1.0" 404 1581 "-" "Mozilla/5.0 (Windows NT 10.0; Win64; x64) AppleWebKit/537.36 (KHTML, like Gecko) Chrome/92.0.4515.159 Safari/537.36"
157.55.39.189 - - [13/Aug/2022:14:59:55 +0000] "GET /trieste/cronaca HTTP/1.0" 404 1581 "-" "Mozilla/5.0 (compatible; bingbot/2.0; +http://www.bing.com/bingbot.htm)"
54.36.148.197 - - [13/Aug/2022:15:12:08 +0000] "GET /robots.txt HTTP/1.0" 404 3030 "-" "Mozilla/5.0 (compatible; AhrefsBot/7.0; +http://ahrefs.com/robot/)"
157.55.39.189 - - [13/Aug/2022:15:19:16 +0000] "GET /2020/01/casa-1-importante-centro-de-acolhida-lgbtq-tem-sua-historia-contada-em-livro/ HTTP/1.0" 404 1581 "-" "Mozilla/5.0 (compatible; bingbot/2.0; +http://www.bing.com/bingbot.htm)"
104.28.210.57 - - [13/Aug/2022:15:45:16 +0000] "GET / HTTP/1.0" 200 9920 "https://materiel-esthetique.fr" "Mozilla/5.0 (Macintosh; Intel Mac OS X 10_15_7) AppleWebKit/537.36 (KHTML, like Gecko) Chrome/96.0.4664.110 Safari/537.36"
104.28.210.57 - - [13/Aug/2022:15:45:17 +0000] "GET /favicon.ico HTTP/1.0" 404 1581 "https://materiel-esthetique.fr/favicon.ico" "Mozilla/5.0 (Macintosh; Intel Mac OS X 10_15_7) AppleWebKit/537.36 (KHTML, like Gecko) Chrome/96.0.4664.110 Safari/537.36"
54.36.148.111 - - [13/Aug/2022:15:45:22 +0000] "GET / HTTP/1.0" 200 9920 "-" "Mozilla/5.0 (compatible; AhrefsBot/7.0; +http://ahrefs.com/robot/)"
168.119.65.51 - - [13/Aug/2022:15:45:22 +0000] "GET /assets/styles.css HTTP/1.0" 200 760 "https://www.materiel-esthetique.fr/" "Mozilla/5.0 (compatible; AhrefsBot/7.0; +http://ahrefs.com/robot/)"
168.119.65.51 - - [13/Aug/2022:15:45:22 +0000] "GET /assets/style.css HTTP/1.0" 200 759 "https://www.materiel-esthetique.fr/" "Mozilla/5.0 (compatible; AhrefsBot/7.0; +http://ahrefs.com/robot/)"
168.119.65.51 - - [13/Aug/2022:15:45:22 +0000] "GET /tarteaucitron/tarteaucitron.js HTTP/1.0" 200 787 "https://www.materiel-esthetique.fr/" "Mozilla/5.0 (compatible; AhrefsBot/7.0; +http://ahrefs.com/robot/)"
168.119.65.51 - - [13/Aug/2022:15:45:22 +0000] "GET /assets/styles.css HTTP/2.0" 200 2521 "https://www.materiel-esthetique.fr/" "Mozilla/5.0 (compatible; AhrefsBot/7.0; +http://ahrefs.com/robot/)"
168.119.65.51 - - [13/Aug/2022:15:45:22 +0000] "GET /assets/style.css HTTP/2.0" 200 4307 "https://www.materiel-esthetique.fr/" "Mozilla/5.0 (compatible; AhrefsBot/7.0; +http://ahrefs.com/robot/)"
168.119.65.51 - - [13/Aug/2022:15:45:23 +0000] "GET /tarteaucitron/tarteaucitron.js HTTP/2.0" 200 8823 "https://www.materiel-esthetique.fr/" "Mozilla/5.0 (compatible; AhrefsBot/7.0; +http://ahrefs.com/robot/)"
168.119.65.51 - - [13/Aug/2022:15:45:23 +0000] "GET /assets/index.js HTTP/2.0" 200 1541 "https://www.materiel-esthetique.fr/" "Mozilla/5.0 (compatible; AhrefsBot/7.0; +http://ahrefs.com/robot/)"
168.119.65.51 - - [13/Aug/2022:15:45:23 +0000] "GET /tarteaucitron/lang/tarteaucitron.en.js?v=323 HTTP/2.0" 200 893 "https://www.materiel-esthetique.fr/" "Mozilla/5.0 (compatible; AhrefsBot/7.0; +http://ahrefs.com/robot/)"
168.119.65.51 - - [13/Aug/2022:15:45:23 +0000] "GET /tarteaucitron/css/tarteaucitron.css?v=323 HTTP/2.0" 200 1977 "https://www.materiel-esthetique.fr/" "Mozilla/5.0 (compatible; AhrefsBot/7.0; +http://ahrefs.com/robot/)"
168.119.65.51 - - [13/Aug/2022:15:45:23 +0000] "GET /tarteaucitron/tarteaucitron.services.js?v=323 HTTP/2.0" 200 9417 "https://www.materiel-esthetique.fr/" "Mozilla/5.0 (compatible; AhrefsBot/7.0; +http://ahrefs.com/robot/)"
168.119.65.51 - - [13/Aug/2022:15:45:23 +0000] "GET /assets/index.js HTTP/1.0" 200 772 "https://www.materiel-esthetique.fr/" "Mozilla/5.0 (compatible; AhrefsBot/7.0; +http://ahrefs.com/robot/)"
168.119.65.51 - - [13/Aug/2022:15:45:23 +0000] "GET /tarteaucitron/lang/tarteaucitron.en.js?v=323 HTTP/1.0" 200 817 "https://www.materiel-esthetique.fr/" "Mozilla/5.0 (compatible; AhrefsBot/7.0; +http://ahrefs.com/robot/)"
168.119.65.51 - - [13/Aug/2022:15:45:23 +0000] "GET /tarteaucitron/css/tarteaucitron.css?v=323 HTTP/1.0" 200 778 "https://www.materiel-esthetique.fr/" "Mozilla/5.0 (compatible; AhrefsBot/7.0; +http://ahrefs.com/robot/)"
168.119.65.51 - - [13/Aug/2022:15:45:23 +0000] "GET /tarteaucitron/tarteaucitron.services.js?v=323 HTTP/1.0" 200 796 "https://www.materiel-esthetique.fr/" "Mozilla/5.0 (compatible; AhrefsBot/7.0; +http://ahrefs.com/robot/)"
157.55.39.93 - - [13/Aug/2022:15:54:58 +0000] "GET /com.sec.android.app.samsungapps/ HTTP/1.0" 404 1581 "-" "Mozilla/5.0 (compatible; bingbot/2.0; +http://www.bing.com/bingbot.htm)"
207.46.13.0 - - [13/Aug/2022:16:00:43 +0000] "GET /html-title-tooltip-max-length/ HTTP/1.0" 404 1581 "-" "Mozilla/5.0 (compatible; bingbot/2.0; +http://www.bing.com/bingbot.htm)"
207.46.13.75 - - [13/Aug/2022:16:14:02 +0000] "GET /structured-content_how_to/ HTTP/1.0" 404 1581 "-" "Mozilla/5.0 (compatible; bingbot/2.0; +http://www.bing.com/bingbot.htm)"
207.46.13.0 - - [13/Aug/2022:16:15:05 +0000] "GET /intranet/facilities-and-buildings/how-to-book-a-pi-room-in-rpc HTTP/1.0" 404 1581 "-" "Mozilla/5.0 (compatible; bingbot/2.0; +http://www.bing.com/bingbot.htm)"
157.55.39.111 - - [13/Aug/2022:16:18:21 +0000] "GET /mta-records/ HTTP/1.0" 404 1581 "-" "Mozilla/5.0 (compatible; bingbot/2.0; +http://www.bing.com/bingbot.htm)"
207.46.13.0 - - [13/Aug/2022:16:23:16 +0000] "GET /?/albums/77445661%3Fuid=1 HTTP/1.0" 200 9920 "-" "Mozilla/5.0 (compatible; bingbot/2.0; +http://www.bing.com/bingbot.htm)"
157.55.39.189 - - [13/Aug/2022:16:23:23 +0000] "GET /?4nezxrv.gh HTTP/1.0" 200 9920 "-" "Mozilla/5.0 (compatible; bingbot/2.0; +http://www.bing.com/bingbot.htm)"
157.55.39.189 - - [13/Aug/2022:16:47:26 +0000] "GET /blog/2019/06/19/6-safe-weight-management-considerations-you-need-to-know/ HTTP/1.0" 404 1581 "-" "Mozilla/5.0 (compatible; bingbot/2.0; +http://www.bing.com/bingbot.htm)"
157.55.39.189 - - [13/Aug/2022:16:58:15 +0000] "GET /2020/01/casa-1-importante-centro-de-acolhida-lgbtq-tem-sua-historia-contada-em-livro/ HTTP/1.0" 404 1581 "-" "Mozilla/5.0 (compatible; bingbot/2.0; +http://www.bing.com/bingbot.htm)"
207.46.13.0 - - [13/Aug/2022:17:21:00 +0000] "GET /dieu-khien-truyen-thong/ HTTP/1.0" 404 1581 "-" "Mozilla/5.0 (compatible; bingbot/2.0; +http://www.bing.com/bingbot.htm)"
157.55.39.111 - - [13/Aug/2022:17:24:06 +0000] "GET /our-work/publications/briefing-documents-for-incoming-ministers/ HTTP/1.0" 404 1581 "-" "Mozilla/5.0 (compatible; bingbot/2.0; +http://www.bing.com/bingbot.htm)"
207.46.13.0 - - [13/Aug/2022:17:32:52 +0000] "GET /dieu-khien-truyen-thong/ HTTP/1.0" 404 1581 "-" "Mozilla/5.0 (compatible; bingbot/2.0; +http://www.bing.com/bingbot.htm)"
151.80.148.159 - - [13/Aug/2022:17:40:43 +0000] "GET /.DS_Store HTTP/1.0" 404 1581 "-" "Go-http-client/1.1"
51.195.166.196 - - [13/Aug/2022:17:40:43 +0000] "GET /.git/config HTTP/1.0" 403 1568 "-" "Go-http-client/1.1"
185.220.101.174 - - [13/Aug/2022:17:40:45 +0000] "GET /.git/config HTTP/1.0" 403 1568 "http://www.materiel-esthetique.fr/.git/config" "Go-http-client/1.1"
185.220.101.162 - - [13/Aug/2022:17:40:46 +0000] "GET /.DS_Store HTTP/1.0" 404 1581 "-" "Go-http-client/1.1"
207.46.13.0 - - [13/Aug/2022:17:57:55 +0000] "GET /index.php/2020/01/index.php HTTP/1.0" 200 9920 "-" "Mozilla/5.0 (compatible; bingbot/2.0; +http://www.bing.com/bingbot.htm)"
207.46.13.48 - - [13/Aug/2022:18:28:49 +0000] "GET /nos-modules-de-formation-en-ligne/ HTTP/1.0" 404 1581 "-" "Mozilla/5.0 (compatible; bingbot/2.0; +http://www.bing.com/bingbot.htm)"
157.55.39.93 - - [13/Aug/2022:18:48:05 +0000] "GET /?wah2hnn3hmk3.mp HTTP/1.0" 200 9920 "-" "Mozilla/5.0 (compatible; bingbot/2.0; +http://www.bing.com/bingbot.htm)"
207.46.13.0 - - [13/Aug/2022:18:56:29 +0000] "GET /content/proposta-educativa HTTP/1.0" 404 1581 "-" "Mozilla/5.0 (compatible; bingbot/2.0; +http://www.bing.com/bingbot.htm)"
157.55.39.93 - - [13/Aug/2022:18:58:38 +0000] "GET /site/servicios/auditorias/auditoria-de-estados-financieros/ HTTP/1.0" 404 1581 "-" "Mozilla/5.0 (compatible; bingbot/2.0; +http://www.bing.com/bingbot.htm)"
216.244.66.248 - - [13/Aug/2022:19:02:01 +0000] "GET /robots.txt HTTP/1.0" 404 1581 "-" "Mozilla/5.0 (compatible; DotBot/1.2; +https://opensiteexplorer.org/dotbot; help@moz.com)"
157.55.39.93 - - [13/Aug/2022:19:02:05 +0000] "GET /membership/ufi-approved-events/ HTTP/1.0" 404 1581 "-" "Mozilla/5.0 (compatible; bingbot/2.0; +http://www.bing.com/bingbot.htm)"
157.55.39.93 - - [13/Aug/2022:19:05:56 +0000] "GET /channel/UCQmEioliO9mSfg3VpcMjPoQ?view_as=subscriber HTTP/1.0" 404 1581 "-" "Mozilla/5.0 (compatible; bingbot/2.0; +http://www.bing.com/bingbot.htm)"
207.46.13.0 - - [13/Aug/2022:19:08:11 +0000] "GET /content/proposta-educativa HTTP/1.0" 404 1581 "-" "Mozilla/5.0 (compatible; bingbot/2.0; +http://www.bing.com/bingbot.htm)"
216.244.66.248 - - [13/Aug/2022:19:10:45 +0000] "GET /index.php?controller=attachment&id_attachment=3 HTTP/1.0" 200 53064 "-" "Mozilla/5.0 (compatible; DotBot/1.2; +https://opensiteexplorer.org/dotbot; help@moz.com)"
157.55.39.93 - - [13/Aug/2022:19:16:36 +0000] "GET /channel/UCQmEioliO9mSfg3VpcMjPoQ?view_as=subscriber HTTP/1.0" 404 1581 "-" "Mozilla/5.0 (compatible; bingbot/2.0; +http://www.bing.com/bingbot.htm)"
207.46.13.0 - - [13/Aug/2022:19:19:02 +0000] "GET / HTTP/1.0" 200 9920 "-" "Mozilla/5.0 (compatible; bingbot/2.0; +http://www.bing.com/bingbot.htm)"
114.119.136.217 - - [13/Aug/2022:19:36:45 +0000] "GET /robots.txt HTTP/1.0" 404 1581 "-" "Mozilla/5.0 (compatible;PetalBot;+https://webmaster.petalsearch.com/site/petalbot)"
157.55.39.93 - - [13/Aug/2022:19:53:03 +0000] "GET /fileadmin/userdaten/dokumente/artikel/Alpenkueche1319.pdf HTTP/1.0" 404 1581 "-" "Mozilla/5.0 (compatible; bingbot/2.0; +http://www.bing.com/bingbot.htm)"
207.46.13.0 - - [13/Aug/2022:19:54:55 +0000] "GET /raspored-za-nastava/ HTTP/1.0" 404 1581 "-" "Mozilla/5.0 (compatible; bingbot/2.0; +http://www.bing.com/bingbot.htm)"
207.46.13.0 - - [13/Aug/2022:19:58:29 +0000] "GET /respect-environnement-valorisation-dechets-vegetaux.html HTTP/1.0" 404 1581 "-" "Mozilla/5.0 (compatible; bingbot/2.0; +http://www.bing.com/bingbot.htm)"
207.46.13.0 - - [13/Aug/2022:20:10:39 +0000] "GET /com.sec.android.app.sbrowser/49994605-samsung-internet/ HTTP/1.0" 404 1581 "-" "Mozilla/5.0 (compatible; bingbot/2.0; +http://www.bing.com/bingbot.htm)"
13.66.139.15 - - [13/Aug/2022:20:22:36 +0000] "GET /tecno/2020_U23senbatu.pdf HTTP/1.0" 404 1581 "-" "Mozilla/5.0 (compatible; bingbot/2.0; +http://www.bing.com/bingbot.htm)"
157.55.39.111 - - [13/Aug/2022:20:22:52 +0000] "GET /lycra-guide/ HTTP/1.0" 404 1581 "-" "Mozilla/5.0 (compatible; bingbot/2.0; +http://www.bing.com/bingbot.htm)"
157.55.39.189 - - [13/Aug/2022:20:23:44 +0000] "GET /sport/waldhof-mannheim/sv-waldhof-carl-zeiss-jena-abwehrsorgen-gegen-chance-neuzugang-seegert-gohlke-13539894.html HTTP/1.0" 404 3030 "-" "Mozilla/5.0 (compatible; bingbot/2.0; +http://www.bing.com/bingbot.htm)"
157.55.39.111 - - [13/Aug/2022:20:27:15 +0000] "GET /index.php?lay=show&ac=article&Id=567153&Ntype=5 HTTP/1.0" 200 9920 "-" "Mozilla/5.0 AppleWebKit/537.36 (KHTML, like Gecko; compatible; bingbot/2.0; +http://www.bing.com/bingbot.htm) Chrome/103.0.5060.134 Safari/537.36"
207.46.13.48 - - [13/Aug/2022:20:38:41 +0000] "GET /kovriki-dlya-myshi-98/glorious-xxl-extended-mouse-pad.html HTTP/1.0" 404 1581 "-" "Mozilla/5.0 (compatible; bingbot/2.0; +http://www.bing.com/bingbot.htm)"
157.55.39.111 - - [13/Aug/2022:20:49:05 +0000] "GET /wp-content/uploads/2019/08/GK-Application-Form-inter.pdf HTTP/1.0" 404 1581 "-" "Mozilla/5.0 (compatible; bingbot/2.0; +http://www.bing.com/bingbot.htm)"
125.78.225.97 - - [13/Aug/2022:21:01:10 +0000] "GET /contact/ HTTP/1.0" 404 1581 "https://www.materiel-esthetique.fr/contact/" "Mozilla/5.0 (Windows NT 6.3; Win64; x64) AppleWebKit/537.36 (KHTML, like Gecko) Chrome/90.0.4430.85 Safari/537.36 Edg/90.0.818.46"
125.78.225.97 - - [13/Aug/2022:21:01:24 +0000] "GET / HTTP/1.0" 200 53087 "https://www.materiel-esthetique.fr/" "Mozilla/5.0 (Windows NT 6.3; Win64; x64) AppleWebKit/537.36 (KHTML, like Gecko) Chrome/90.0.4430.85 Safari/537.36 Edg/90.0.818.46"
125.78.225.97 - - [13/Aug/2022:21:01:25 +0000] "GET /index.php HTTP/1.0" 200 53064 "https://www.materiel-esthetique.fr/index.php" "Mozilla/5.0 (Windows NT 6.3; Win64; x64) AppleWebKit/537.36 (KHTML, like Gecko) Chrome/90.0.4430.85 Safari/537.36 Edg/90.0.818.46"
207.46.13.48 - - [13/Aug/2022:21:14:14 +0000] "GET /media/PDFs/2/5.2%20ESTRATEGIA%20ADECOR.pdf HTTP/1.0" 404 1581 "-" "Mozilla/5.0 (compatible; bingbot/2.0; +http://www.bing.com/bingbot.htm)"
157.55.39.189 - - [13/Aug/2022:21:25:11 +0000] "GET /eva-tam/7-kieu-tinh-cach-tuong-tot-nhung-lai-de-khien-ban-bi-dong-nghiep-tranh-xa-c66a422100.html HTTP/1.0" 404 1581 "-" "Mozilla/5.0 (compatible; bingbot/2.0; +http://www.bing.com/bingbot.htm)"
207.46.13.48 - - [13/Aug/2022:21:25:16 +0000] "GET /media/PDFs/2/5.2%20ESTRATEGIA%20ADECOR.pdf HTTP/1.0" 404 1581 "-" "Mozilla/5.0 AppleWebKit/537.36 (KHTML, like Gecko; compatible; bingbot/2.0; +http://www.bing.com/bingbot.htm) Chrome/103.0.5060.134 Safari/537.36"
40.77.167.97 - - [13/Aug/2022:21:31:59 +0000] "GET /robots.txt HTTP/1.0" 404 1581 "-" "Mozilla/5.0 (compatible; bingbot/2.0; +http://www.bing.com/bingbot.htm)"
185.209.228.224 - - [13/Aug/2022:21:41:22 +0000] "GET /contact/ HTTP/1.0" 404 1581 "https://www.materiel-esthetique.fr/contact/" "Mozilla/5.0 (Windows NT 10.0; WOW64) AppleWebKit/537.36 (KHTML, like Gecko) Chrome/90.0.4430.72 Safari/537.36"
185.209.228.224 - - [13/Aug/2022:21:41:22 +0000] "GET / HTTP/1.0" 200 53087 "https://www.materiel-esthetique.fr/" "Mozilla/5.0 (Windows NT 10.0; WOW64) AppleWebKit/537.36 (KHTML, like Gecko) Chrome/90.0.4430.72 Safari/537.36"
185.209.228.224 - - [13/Aug/2022:21:41:23 +0000] "GET /index.php HTTP/1.0" 200 53064 "https://www.materiel-esthetique.fr/index.php" "Mozilla/5.0 (Windows NT 10.0; WOW64) AppleWebKit/537.36 (KHTML, like Gecko) Chrome/90.0.4430.72 Safari/537.36"
207.46.13.0 - - [13/Aug/2022:21:45:19 +0000] "GET /prezzari/ HTTP/1.0" 404 1581 "-" "Mozilla/5.0 (compatible; bingbot/2.0; +http://www.bing.com/bingbot.htm)"
207.46.13.75 - - [13/Aug/2022:21:47:57 +0000] "GET /margipreus/ HTTP/1.0" 404 1581 "-" "Mozilla/5.0 (compatible; bingbot/2.0; +http://www.bing.com/bingbot.htm)"
157.55.39.93 - - [13/Aug/2022:21:49:13 +0000] "GET /5610061/ HTTP/1.0" 404 1581 "-" "Mozilla/5.0 (compatible; bingbot/2.0; +http://www.bing.com/bingbot.htm)"
207.46.13.48 - - [13/Aug/2022:21:52:19 +0000] "GET /page.aspx?id=11 HTTP/1.0" 404 1581 "-" "Mozilla/5.0 (compatible; bingbot/2.0; +http://www.bing.com/bingbot.htm)"
194.38.20.161 - - [13/Aug/2022:22:12:38 +0000] "GET /wp-content/plugins/formcraft/file-upload/server/content/upload.php HTTP/1.0" 404 1581 "-" "ALittle Client"
13.66.139.1 - - [13/Aug/2022:22:22:18 +0000] "GET /tecno/2020_U23senbatu.pdf HTTP/1.0" 404 1581 "-" "Mozilla/5.0 (compatible; bingbot/2.0; +http://www.bing.com/bingbot.htm)"
157.55.39.189 - - [13/Aug/2022:22:23:16 +0000] "GET /grl-pcie4-base-rx-calibration-and-test-software/ HTTP/1.0" 404 1581 "-" "Mozilla/5.0 (compatible; bingbot/2.0; +http://www.bing.com/bingbot.htm)"
31.173.81.99 - - [13/Aug/2022:22:25:55 +0000] "GET /contact/ HTTP/1.0" 404 1581 "https://www.materiel-esthetique.fr/contact/" "Mozilla/5.0 (Windows NT 6.2; Win64; x64) AppleWebKit/537.36 (KHTML, like Gecko) Chrome/90.0.4430.72 Safari/537.36"
31.173.81.99 - - [13/Aug/2022:22:25:56 +0000] "GET / HTTP/1.0" 200 53087 "https://www.materiel-esthetique.fr/" "Mozilla/5.0 (Windows NT 6.2; Win64; x64) AppleWebKit/537.36 (KHTML, like Gecko) Chrome/90.0.4430.72 Safari/537.36"
31.173.81.99 - - [13/Aug/2022:22:25:57 +0000] "GET /index.php HTTP/1.0" 200 53064 "https://www.materiel-esthetique.fr/index.php" "Mozilla/5.0 (Windows NT 6.2; Win64; x64) AppleWebKit/537.36 (KHTML, like Gecko) Chrome/90.0.4430.72 Safari/537.36"
157.55.39.93 - - [13/Aug/2022:22:33:18 +0000] "GET /lbox/index?tenant=yamaguchi HTTP/1.0" 404 1581 "-" "Mozilla/5.0 (compatible; bingbot/2.0; +http://www.bing.com/bingbot.htm)"
173.231.60.198 - - [13/Aug/2022:22:55:23 +0000] "GET /robots.txt HTTP/1.0" 404 1581 "-" "Mozilla/5.0 (compatible; Adsbot/3.1; +https://seostar.co/robot/)"
173.231.60.198 - - [13/Aug/2022:22:55:43 +0000] "GET / HTTP/1.0" 200 9920 "-" "Mozilla/5.0 (compatible; Adsbot/3.1; +https://seostar.co/robot/)"
173.231.60.198 - - [13/Aug/2022:22:55:58 +0000] "GET /index.php HTTP/1.0" 200 9920 "https://www.materiel-esthetique.fr/" "Mozilla/5.0 (compatible; Adsbot/3.1; +https://seostar.co/robot/)"
173.231.60.198 - - [13/Aug/2022:22:56:09 +0000] "GET /mentions-legales.php HTTP/1.0" 200 4330 "https://www.materiel-esthetique.fr/" "Mozilla/5.0 (compatible; Adsbot/3.1; +https://seostar.co/robot/)"
207.46.13.0 - - [13/Aug/2022:23:10:46 +0000] "GET /bydgoszcz/ HTTP/1.0" 404 1581 "-" "Mozilla/5.0 (compatible; bingbot/2.0; +http://www.bing.com/bingbot.htm)"
46.50.193.65 - - [13/Aug/2022:23:22:28 +0000] "GET /contact/ HTTP/1.0" 404 1581 "https://www.materiel-esthetique.fr/contact/" "Mozilla/5.0 (Windows NT 10.0; Win64; x64) AppleWebKit/537.36 (KHTML, like Gecko) Chrome/90.0.4430.86 Safari/537.36"
46.50.193.65 - - [13/Aug/2022:23:22:29 +0000] "GET / HTTP/1.0" 200 53087 "https://www.materiel-esthetique.fr/" "Mozilla/5.0 (Windows NT 10.0; Win64; x64) AppleWebKit/537.36 (KHTML, like Gecko) Chrome/90.0.4430.86 Safari/537.36"
46.50.193.65 - - [13/Aug/2022:23:22:31 +0000] "GET /index.php HTTP/1.0" 200 53064 "https://www.materiel-esthetique.fr/index.php" "Mozilla/5.0 (Windows NT 10.0; Win64; x64) AppleWebKit/537.36 (KHTML, like Gecko) Chrome/90.0.4430.86 Safari/537.36"
51.178.88.31 - - [13/Aug/2022:23:29:16 +0000] "GET / HTTP/1.0" 200 53087 "-" "Mozilla/5.0 (Macintosh; Intel Mac OS X 11_1_0) AppleWebKit/537.36 (KHTML, like Gecko) Chrome/87.0.4280.88 Safari/537.36"
207.46.13.75 - - [13/Aug/2022:23:51:58 +0000] "GET /tutorial/configure-backup-agent-for-ssl/ HTTP/1.0" 404 1581 "-" "Mozilla/5.0 (compatible; bingbot/2.0; +http://www.bing.com/bingbot.htm)"
157.55.39.189 - - [14/Aug/2022:00:04:56 +0000] "GET /index.php/partner/kyoto/mentions-legales.php HTTP/1.0" 200 9920 "-" "Mozilla/5.0 (compatible; bingbot/2.0; +http://www.bing.com/bingbot.htm)"
207.46.13.0 - - [14/Aug/2022:00:06:20 +0000] "GET /hinasushi_official/?hl=ja HTTP/1.0" 404 1581 "-" "Mozilla/5.0 (compatible; bingbot/2.0; +http://www.bing.com/bingbot.htm)"
207.46.13.48 - - [14/Aug/2022:00:19:33 +0000] "GET /hint-dictionary/ HTTP/1.0" 404 1581 "-" "Mozilla/5.0 (compatible; bingbot/2.0; +http://www.bing.com/bingbot.htm)"
207.46.13.48 - - [14/Aug/2022:00:19:43 +0000] "GET /index.php/struktura-ir-kontaktai/index.php HTTP/1.0" 200 9920 "-" "Mozilla/5.0 (compatible; bingbot/2.0; +http://www.bing.com/bingbot.htm)"
217.72.11.151 - - [14/Aug/2022:00:30:27 +0000] "GET /contact/ HTTP/1.0" 404 1581 "https://www.materiel-esthetique.fr/contact/" "Mozilla/5.0 (Windows NT 10.0; Win64; x64) AppleWebKit/537.36 (KHTML, like Gecko) Chrome/90.0.4430.72 Safari/537.36 Edg/90.0.818.42"
217.72.11.151 - - [14/Aug/2022:00:30:27 +0000] "GET / HTTP/1.0" 200 53087 "https://www.materiel-esthetique.fr/" "Mozilla/5.0 (Windows NT 10.0; Win64; x64) AppleWebKit/537.36 (KHTML, like Gecko) Chrome/90.0.4430.72 Safari/537.36 Edg/90.0.818.42"
217.72.11.151 - - [14/Aug/2022:00:30:27 +0000] "GET /index.php HTTP/1.0" 200 53064 "https://www.materiel-esthetique.fr/index.php" "Mozilla/5.0 (Windows NT 10.0; Win64; x64) AppleWebKit/537.36 (KHTML, like Gecko) Chrome/90.0.4430.72 Safari/537.36 Edg/90.0.818.42"
51.222.253.17 - - [14/Aug/2022:00:39:23 +0000] "GET /robots.txt HTTP/1.0" 404 1581 "-" "Mozilla/5.0 (compatible; AhrefsBot/7.0; +http://ahrefs.com/robot/)"
207.46.13.0 - - [14/Aug/2022:00:52:04 +0000] "GET /reference/api/api-key/enable-disable-api-key/ HTTP/1.0" 404 1581 "-" "Mozilla/5.0 (compatible; bingbot/2.0; +http://www.bing.com/bingbot.htm)"
207.46.13.0 - - [14/Aug/2022:00:56:54 +0000] "GET /index.php/site_admin/user/visuels/cryolipolyse.jpg HTTP/1.0" 200 9920 "-" "Mozilla/5.0 (compatible; bingbot/2.0; +http://www.bing.com/bingbot.htm)"
157.90.181.219 - - [14/Aug/2022:01:17:40 +0000] "GET /robots.txt HTTP/1.0" 404 1581 "-" "Mozilla/5.0 (compatible; BLEXBot/1.0; +http://webmeup-crawler.com/)"
157.90.181.219 - - [14/Aug/2022:01:17:43 +0000] "GET /robots.txt HTTP/1.0" 404 1581 "-" "Mozilla/5.0 (compatible; BLEXBot/1.0; +http://webmeup-crawler.com/)"
157.90.181.219 - - [14/Aug/2022:01:17:44 +0000] "GET /sitemap HTTP/1.0" 404 1581 "-" "Mozilla/5.0 (compatible; BLEXBot/1.0; +http://webmeup-crawler.com/)"
157.90.181.219 - - [14/Aug/2022:01:17:47 +0000] "GET /robots.txt HTTP/1.0" 404 1581 "-" "Mozilla/5.0 (compatible; BLEXBot/1.0; +http://webmeup-crawler.com/)"
157.90.181.219 - - [14/Aug/2022:01:17:50 +0000] "GET /sitemap HTTP/1.0" 404 1581 "-" "Mozilla/5.0 (compatible; BLEXBot/1.0; +http://webmeup-crawler.com/)"
157.90.181.219 - - [14/Aug/2022:01:17:55 +0000] "GET /sitemap HTTP/1.0" 404 1581 "-" "Mozilla/5.0 (compatible; BLEXBot/1.0; +http://webmeup-crawler.com/)"
157.90.181.219 - - [14/Aug/2022:01:17:57 +0000] "GET /sitemap.txt HTTP/1.0" 404 1581 "-" "Mozilla/5.0 (compatible; BLEXBot/1.0; +http://webmeup-crawler.com/)"
157.90.181.219 - - [14/Aug/2022:01:18:01 +0000] "GET /sitemap.txt HTTP/1.0" 404 1581 "-" "Mozilla/5.0 (compatible; BLEXBot/1.0; +http://webmeup-crawler.com/)"
157.90.181.219 - - [14/Aug/2022:01:18:03 +0000] "GET /sitemap.txt HTTP/1.0" 404 1581 "-" "Mozilla/5.0 (compatible; BLEXBot/1.0; +http://webmeup-crawler.com/)"
207.46.13.0 - - [14/Aug/2022:02:00:23 +0000] "GET /fr/pourquoi-kiteon-kitesurf/ HTTP/1.0" 404 1581 "-" "Mozilla/5.0 (compatible; bingbot/2.0; +http://www.bing.com/bingbot.htm)"
207.46.13.48 - - [14/Aug/2022:02:01:33 +0000] "GET /multi-electrode-resistivity-implant-technique-merit/ HTTP/1.0" 404 1581 "-" "Mozilla/5.0 (compatible; bingbot/2.0; +http://www.bing.com/bingbot.htm)"
35.175.238.126 - - [14/Aug/2022:02:03:52 +0000] "GET / HTTP/1.0" 200 53087 "-" "Mozilla/5.0 (X11; Linux x86_64) AppleWebKit/537.36 (KHTML, like Gecko) Chrome/58.0.3029.110 Safari/537.36"
157.55.39.189 - - [14/Aug/2022:02:05:49 +0000] "GET /content/smarthub HTTP/1.0" 404 1581 "-" "Mozilla/5.0 (compatible; bingbot/2.0; +http://www.bing.com/bingbot.htm)"
207.46.13.0 - - [14/Aug/2022:02:10:51 +0000] "GET /microsoft-office-2013/ HTTP/1.0" 404 1581 "-" "Mozilla/5.0 (compatible; bingbot/2.0; +http://www.bing.com/bingbot.htm)"
207.46.13.48 - - [14/Aug/2022:02:27:26 +0000] "GET /index.php/site_admin/user/visuels/massage.jpg HTTP/1.0" 200 9920 "-" "Mozilla/5.0 (compatible; bingbot/2.0; +http://www.bing.com/bingbot.htm)"
157.55.39.93 - - [14/Aug/2022:02:46:31 +0000] "GET /?wah2hnn3hmk3.mp HTTP/1.0" 200 9920 "-" "Mozilla/5.0 (compatible; bingbot/2.0; +http://www.bing.com/bingbot.htm)"
39.173.105.141 - - [14/Aug/2022:02:56:32 +0000] "GET / HTTP/1.0" 200 9920 "-" "Mozilla/5.0 (iPhone; CPU iPhone OS 10_3 like Mac OS X) AppleWebKit/602.1.50 (KHTML, like Gecko) CriOS/56.0.2924.75 Mobile/14E5239e YisouSpider/5.0 Safari/602.1"
101.67.50.55 - - [14/Aug/2022:02:56:33 +0000] "GET /assets/styles.css HTTP/1.0" 200 760 "https://www.materiel-esthetique.fr/" "Mozilla/5.0 (iPhone; CPU iPhone OS 10_3 like Mac OS X) AppleWebKit/602.1.50 (KHTML, like Gecko) CriOS/56.0.2924.75 Mobile/14E5239e YisouSpider/5.0 Safari/602.1"
101.67.49.144 - - [14/Aug/2022:02:56:33 +0000] "GET /tarteaucitron/tarteaucitron.js HTTP/1.0" 200 787 "https://www.materiel-esthetique.fr/" "Mozilla/5.0 (iPhone; CPU iPhone OS 10_3 like Mac OS X) AppleWebKit/602.1.50 (KHTML, like Gecko) CriOS/56.0.2924.75 Mobile/14E5239e YisouSpider/5.0 Safari/602.1"
101.67.50.55 - - [14/Aug/2022:02:56:33 +0000] "GET /assets/styles.css HTTP/1.1" 200 14026 "https://www.materiel-esthetique.fr/" "Mozilla/5.0 (iPhone; CPU iPhone OS 10_3 like Mac OS X) AppleWebKit/602.1.50 (KHTML, like Gecko) CriOS/56.0.2924.75 Mobile/14E5239e YisouSpider/5.0 Safari/602.1"
101.67.49.144 - - [14/Aug/2022:02:56:33 +0000] "GET /tarteaucitron/tarteaucitron.js HTTP/1.1" 200 60753 "https://www.materiel-esthetique.fr/" "Mozilla/5.0 (iPhone; CPU iPhone OS 10_3 like Mac OS X) AppleWebKit/602.1.50 (KHTML, like Gecko) CriOS/56.0.2924.75 Mobile/14E5239e YisouSpider/5.0 Safari/602.1"
60.188.10.171 - - [14/Aug/2022:02:56:34 +0000] "GET /assets/style.css HTTP/1.1" 200 22926 "https://www.materiel-esthetique.fr/" "Mozilla/5.0 (iPhone; CPU iPhone OS 10_3 like Mac OS X) AppleWebKit/602.1.50 (KHTML, like Gecko) CriOS/56.0.2924.75 Mobile/14E5239e YisouSpider/5.0 Safari/602.1"
