78.199.58.236 - - [10/Jul/2022:12:10:29 +0000] "GET /visuels/radiofrequence.jpg HTTP/1.0" 200 771 "https://www.materiel-esthetique.fr/" "Mozilla/5.0 (iPhone; CPU iPhone OS 15_5 like Mac OS X) AppleWebKit/605.1.15 (KHTML, like Gecko) Version/15.5 Mobile/15E148 Safari/604.1"
78.199.58.236 - - [10/Jul/2022:12:10:29 +0000] "GET /tarteaucitron/css/tarteaucitron.css?v=323 HTTP/1.0" 200 778 "https://www.materiel-esthetique.fr/" "Mozilla/5.0 (iPhone; CPU iPhone OS 15_5 like Mac OS X) AppleWebKit/605.1.15 (KHTML, like Gecko) Version/15.5 Mobile/15E148 Safari/604.1"
78.199.58.236 - - [10/Jul/2022:12:10:29 +0000] "GET /tarteaucitron/lang/tarteaucitron.fr.js?v=323 HTTP/1.0" 200 817 "https://www.materiel-esthetique.fr/" "Mozilla/5.0 (iPhone; CPU iPhone OS 15_5 like Mac OS X) AppleWebKit/605.1.15 (KHTML, like Gecko) Version/15.5 Mobile/15E148 Safari/604.1"
78.199.58.236 - - [10/Jul/2022:12:10:29 +0000] "GET /tarteaucitron/tarteaucitron.services.js?v=323 HTTP/1.0" 200 796 "https://www.materiel-esthetique.fr/" "Mozilla/5.0 (iPhone; CPU iPhone OS 15_5 like Mac OS X) AppleWebKit/605.1.15 (KHTML, like Gecko) Version/15.5 Mobile/15E148 Safari/604.1"
78.199.58.236 - - [10/Jul/2022:12:10:29 +0000] "GET /visuels/favicon.png HTTP/1.0" 200 763 "https://www.materiel-esthetique.fr/" "Mozilla/5.0 (iPhone; CPU iPhone OS 15_5 like Mac OS X) AppleWebKit/605.1.15 (KHTML, like Gecko) Version/15.5 Mobile/15E148 Safari/604.1"
205.210.31.33 - - [10/Jul/2022:12:14:57 +0000] "GET / HTTP/1.0" 200 53087 "http://62.210.196.167:80/" "Expanse, a Palo Alto Networks company, searches across the global IPv4 space multiple times per day to identify customers&#39; presences on the Internet. If you would like to be excluded from our scans, please send IP addresses/domains to: scaninfo@paloaltonetworks.com"
40.77.167.28 - - [10/Jul/2022:12:19:40 +0000] "GET /index.php/convencoes-e-circulares/visuels/amincissement-cryolipolyse.jpg HTTP/1.0" 200 9920 "-" "Mozilla/5.0 (compatible; bingbot/2.0; +http://www.bing.com/bingbot.htm)"
207.46.13.70 - - [10/Jul/2022:12:44:37 +0000] "GET /okamoto/innaikansen/ HTTP/1.0" 404 1581 "-" "Mozilla/5.0 (compatible; bingbot/2.0; +http://www.bing.com/bingbot.htm)"
207.46.13.70 - - [10/Jul/2022:12:53:59 +0000] "GET /cac-hang-thoi-trang-xa-xi-dieu-dung-vi-dai-dich-do-virus-covid-19-20180504224234479.htm HTTP/1.0" 404 1581 "-" "Mozilla/5.0 (compatible; bingbot/2.0; +http://www.bing.com/bingbot.htm)"
40.77.167.18 - - [10/Jul/2022:13:08:23 +0000] "GET /international/ucheba-za-rubezhom/ HTTP/1.0" 404 1581 "-" "Mozilla/5.0 (compatible; bingbot/2.0; +http://www.bing.com/bingbot.htm)"
40.77.167.28 - - [10/Jul/2022:13:34:07 +0000] "GET /%E0%B8%82%E0%B9%89%E0%B8%AD%E0%B8%AA%E0%B8%AD%E0%B8%9A/%E0%B8%AA%E0%B8%96%E0%B8%B4%E0%B8%95%E0%B8%B4%E0%B8%84%E0%B8%B0%E0%B9%81%E0%B8%99%E0%B8%99%E0%B9%80%E0%B8%89%E0%B8%A5%E0%B8%B5%E0%B9%88%E0%B8%A2-tcas/ HTTP/1.0" 404 1581 "-" "Mozilla/5.0 (compatible; bingbot/2.0; +http://www.bing.com/bingbot.htm)"
207.46.13.70 - - [10/Jul/2022:13:46:46 +0000] "GET /our-solutions/microsoft-power-bi/ HTTP/1.0" 404 1581 "-" "Mozilla/5.0 (compatible; bingbot/2.0; +http://www.bing.com/bingbot.htm)"
40.77.167.28 - - [10/Jul/2022:14:25:02 +0000] "GET /eclinical-solutions/clinical-data-management/ HTTP/1.0" 404 1581 "-" "Mozilla/5.0 (compatible; bingbot/2.0; +http://www.bing.com/bingbot.htm)"
157.55.39.62 - - [10/Jul/2022:15:03:14 +0000] "GET /entry/nomuran.hatenablog.com/entry/20130104 HTTP/1.0" 404 1581 "-" "Mozilla/5.0 (compatible; bingbot/2.0; +http://www.bing.com/bingbot.htm)"
40.77.167.18 - - [10/Jul/2022:15:38:09 +0000] "GET /wp/wp-content/uploads/2018/09/MECGaNSCTRMX.pdf HTTP/1.0" 404 1581 "-" "Mozilla/5.0 (compatible; bingbot/2.0; +http://www.bing.com/bingbot.htm)"
40.77.167.18 - - [10/Jul/2022:16:25:54 +0000] "GET /176/ HTTP/1.0" 404 1581 "-" "Mozilla/5.0 (compatible; bingbot/2.0; +http://www.bing.com/bingbot.htm)"
207.46.13.96 - - [10/Jul/2022:16:26:00 +0000] "GET /fr/cms/pastis HTTP/1.0" 404 1581 "-" "Mozilla/5.0 (compatible; bingbot/2.0; +http://www.bing.com/bingbot.htm)"
40.77.167.28 - - [10/Jul/2022:16:29:55 +0000] "GET /category/inspire/%E0%B8%9A%E0%B8%97%E0%B8%AA%E0%B8%B1%E0%B8%A1%E0%B8%A0%E0%B8%B2%E0%B8%A9%E0%B8%93%E0%B9%8C%E0%B8%A3%E0%B8%B8%E0%B9%88%E0%B8%99%E0%B8%9E%E0%B8%B5%E0%B9%88/%E0%B8%A0%E0%B8%B2%E0%B8%A9%E0%B8%B2%E0%B8%AD%E0%B8%B1%E0%B8%87%E0%B8%81%E0%B8%A4%E0%B8%A9-2/ HTTP/1.0" 404 1581 "-" "Mozilla/5.0 (compatible; bingbot/2.0; +http://www.bing.com/bingbot.htm)"
176.174.252.220 - - [10/Jul/2022:16:40:57 +0000] "GET / HTTP/1.0" 200 9920 "https://duckduckgo.com/" "Mozilla/5.0 (Windows NT 10.0; Win64; x64) AppleWebKit/537.36 (KHTML, like Gecko) Chrome/103.0.0.0 Safari/537.36"
176.174.252.220 - - [10/Jul/2022:16:40:57 +0000] "GET /assets/styles.css HTTP/1.0" 200 2209 "https://www.materiel-esthetique.fr/" "Mozilla/5.0 (Windows NT 10.0; Win64; x64) AppleWebKit/537.36 (KHTML, like Gecko) Chrome/103.0.0.0 Safari/537.36"
176.174.252.220 - - [10/Jul/2022:16:40:57 +0000] "GET /assets/style.css HTTP/1.0" 200 759 "https://www.materiel-esthetique.fr/" "Mozilla/5.0 (Windows NT 10.0; Win64; x64) AppleWebKit/537.36 (KHTML, like Gecko) Chrome/103.0.0.0 Safari/537.36"
176.174.252.220 - - [10/Jul/2022:16:40:57 +0000] "GET /tarteaucitron/tarteaucitron.js HTTP/1.0" 200 2236 "https://www.materiel-esthetique.fr/" "Mozilla/5.0 (Windows NT 10.0; Win64; x64) AppleWebKit/537.36 (KHTML, like Gecko) Chrome/103.0.0.0 Safari/537.36"
176.174.252.220 - - [10/Jul/2022:16:40:57 +0000] "GET /visuels/logo-esthetiquepro.png HTTP/1.0" 200 774 "https://www.materiel-esthetique.fr/" "Mozilla/5.0 (Windows NT 10.0; Win64; x64) AppleWebKit/537.36 (KHTML, like Gecko) Chrome/103.0.0.0 Safari/537.36"
176.174.252.220 - - [10/Jul/2022:16:40:57 +0000] "GET /visuels/vagues-top.png HTTP/1.0" 200 2215 "https://www.materiel-esthetique.fr/" "Mozilla/5.0 (Windows NT 10.0; Win64; x64) AppleWebKit/537.36 (KHTML, like Gecko) Chrome/103.0.0.0 Safari/537.36"
176.174.252.220 - - [10/Jul/2022:16:40:57 +0000] "GET /visuels/logo.png HTTP/1.0" 200 760 "https://www.materiel-esthetique.fr/" "Mozilla/5.0 (Windows NT 10.0; Win64; x64) AppleWebKit/537.36 (KHTML, like Gecko) Chrome/103.0.0.0 Safari/537.36"
176.174.252.220 - - [10/Jul/2022:16:40:57 +0000] "GET /visuels/cryolipolyse.jpg HTTP/1.0" 200 769 "https://www.materiel-esthetique.fr/" "Mozilla/5.0 (Windows NT 10.0; Win64; x64) AppleWebKit/537.36 (KHTML, like Gecko) Chrome/103.0.0.0 Safari/537.36"
176.174.252.220 - - [10/Jul/2022:16:40:57 +0000] "GET /assets/index.js HTTP/1.0" 200 772 "https://www.materiel-esthetique.fr/" "Mozilla/5.0 (Windows NT 10.0; Win64; x64) AppleWebKit/537.36 (KHTML, like Gecko) Chrome/103.0.0.0 Safari/537.36"
176.174.252.220 - - [10/Jul/2022:16:40:57 +0000] "GET /visuels/electrostimulation.jpg HTTP/1.0" 200 775 "https://www.materiel-esthetique.fr/" "Mozilla/5.0 (Windows NT 10.0; Win64; x64) AppleWebKit/537.36 (KHTML, like Gecko) Chrome/103.0.0.0 Safari/537.36"
176.174.252.220 - - [10/Jul/2022:16:40:57 +0000] "GET /visuels/enveloppement.jpg HTTP/1.0" 200 770 "https://www.materiel-esthetique.fr/" "Mozilla/5.0 (Windows NT 10.0; Win64; x64) AppleWebKit/537.36 (KHTML, like Gecko) Chrome/103.0.0.0 Safari/537.36"
176.174.252.220 - - [10/Jul/2022:16:40:57 +0000] "GET /visuels/pressotherapie.jpg HTTP/1.0" 200 771 "https://www.materiel-esthetique.fr/" "Mozilla/5.0 (Windows NT 10.0; Win64; x64) AppleWebKit/537.36 (KHTML, like Gecko) Chrome/103.0.0.0 Safari/537.36"
176.174.252.220 - - [10/Jul/2022:16:40:57 +0000] "GET /visuels/ultrason.jpg HTTP/1.0" 200 765 "https://www.materiel-esthetique.fr/" "Mozilla/5.0 (Windows NT 10.0; Win64; x64) AppleWebKit/537.36 (KHTML, like Gecko) Chrome/103.0.0.0 Safari/537.36"
176.174.252.220 - - [10/Jul/2022:16:40:57 +0000] "GET /visuels/solarium.jpg HTTP/1.0" 200 765 "https://www.materiel-esthetique.fr/" "Mozilla/5.0 (Windows NT 10.0; Win64; x64) AppleWebKit/537.36 (KHTML, like Gecko) Chrome/103.0.0.0 Safari/537.36"
176.174.252.220 - - [10/Jul/2022:16:40:57 +0000] "GET /visuels/massage.jpg HTTP/1.0" 200 764 "https://www.materiel-esthetique.fr/" "Mozilla/5.0 (Windows NT 10.0; Win64; x64) AppleWebKit/537.36 (KHTML, like Gecko) Chrome/103.0.0.0 Safari/537.36"
176.174.252.220 - - [10/Jul/2022:16:40:57 +0000] "GET /visuels/thermotherapie.jpg HTTP/1.0" 200 771 "https://www.materiel-esthetique.fr/" "Mozilla/5.0 (Windows NT 10.0; Win64; x64) AppleWebKit/537.36 (KHTML, like Gecko) Chrome/103.0.0.0 Safari/537.36"
176.174.252.220 - - [10/Jul/2022:16:40:57 +0000] "GET /visuels/electromagnetisme.jpg HTTP/1.0" 200 2223 "https://www.materiel-esthetique.fr/" "Mozilla/5.0 (Windows NT 10.0; Win64; x64) AppleWebKit/537.36 (KHTML, like Gecko) Chrome/103.0.0.0 Safari/537.36"
176.174.252.220 - - [10/Jul/2022:16:40:57 +0000] "GET /visuels/slide.jpg HTTP/1.0" 200 762 "https://www.materiel-esthetique.fr/assets/style.css" "Mozilla/5.0 (Windows NT 10.0; Win64; x64) AppleWebKit/537.36 (KHTML, like Gecko) Chrome/103.0.0.0 Safari/537.36"
176.174.252.220 - - [10/Jul/2022:16:40:57 +0000] "GET /visuels/vagues-bottom.png HTTP/1.0" 200 769 "https://www.materiel-esthetique.fr/" "Mozilla/5.0 (Windows NT 10.0; Win64; x64) AppleWebKit/537.36 (KHTML, like Gecko) Chrome/103.0.0.0 Safari/537.36"
176.174.252.220 - - [10/Jul/2022:16:40:57 +0000] "GET /visuels/modelage.jpg HTTP/1.0" 200 765 "https://www.materiel-esthetique.fr/" "Mozilla/5.0 (Windows NT 10.0; Win64; x64) AppleWebKit/537.36 (KHTML, like Gecko) Chrome/103.0.0.0 Safari/537.36"
176.174.252.220 - - [10/Jul/2022:16:40:57 +0000] "GET /visuels/radiofrequence.jpg HTTP/1.0" 200 771 "https://www.materiel-esthetique.fr/" "Mozilla/5.0 (Windows NT 10.0; Win64; x64) AppleWebKit/537.36 (KHTML, like Gecko) Chrome/103.0.0.0 Safari/537.36"
176.174.252.220 - - [10/Jul/2022:16:40:57 +0000] "GET /visuels/bilan-minceur.jpg HTTP/1.0" 200 770 "https://www.materiel-esthetique.fr/" "Mozilla/5.0 (Windows NT 10.0; Win64; x64) AppleWebKit/537.36 (KHTML, like Gecko) Chrome/103.0.0.0 Safari/537.36"
176.174.252.220 - - [10/Jul/2022:16:40:57 +0000] "GET /visuels/epilation-lumiere-pulsee.jpg HTTP/1.0" 200 781 "https://www.materiel-esthetique.fr/" "Mozilla/5.0 (Windows NT 10.0; Win64; x64) AppleWebKit/537.36 (KHTML, like Gecko) Chrome/103.0.0.0 Safari/537.36"
176.174.252.220 - - [10/Jul/2022:16:40:57 +0000] "GET /visuels//depresso-modelage.jpg HTTP/1.0" 200 774 "https://www.materiel-esthetique.fr/" "Mozilla/5.0 (Windows NT 10.0; Win64; x64) AppleWebKit/537.36 (KHTML, like Gecko) Chrome/103.0.0.0 Safari/537.36"
176.174.252.220 - - [10/Jul/2022:16:40:57 +0000] "GET /visuels/bg-qui-sommes-nous.jpg HTTP/1.0" 200 775 "https://www.materiel-esthetique.fr/assets/style.css" "Mozilla/5.0 (Windows NT 10.0; Win64; x64) AppleWebKit/537.36 (KHTML, like Gecko) Chrome/103.0.0.0 Safari/537.36"
176.174.252.220 - - [10/Jul/2022:16:40:59 +0000] "GET /tarteaucitron/css/tarteaucitron.css?v=323 HTTP/1.0" 200 778 "https://www.materiel-esthetique.fr/" "Mozilla/5.0 (Windows NT 10.0; Win64; x64) AppleWebKit/537.36 (KHTML, like Gecko) Chrome/103.0.0.0 Safari/537.36"
176.174.252.220 - - [10/Jul/2022:16:40:59 +0000] "GET /tarteaucitron/lang/tarteaucitron.fr.js?v=323 HTTP/1.0" 200 817 "https://www.materiel-esthetique.fr/" "Mozilla/5.0 (Windows NT 10.0; Win64; x64) AppleWebKit/537.36 (KHTML, like Gecko) Chrome/103.0.0.0 Safari/537.36"
176.174.252.220 - - [10/Jul/2022:16:40:59 +0000] "GET /visuels/favicon.png HTTP/1.0" 200 763 "https://www.materiel-esthetique.fr/" "Mozilla/5.0 (Windows NT 10.0; Win64; x64) AppleWebKit/537.36 (KHTML, like Gecko) Chrome/103.0.0.0 Safari/537.36"
176.174.252.220 - - [10/Jul/2022:16:40:59 +0000] "GET /tarteaucitron/tarteaucitron.services.js?v=323 HTTP/1.0" 200 796 "https://www.materiel-esthetique.fr/" "Mozilla/5.0 (Windows NT 10.0; Win64; x64) AppleWebKit/537.36 (KHTML, like Gecko) Chrome/103.0.0.0 Safari/537.36"
176.174.252.220 - - [10/Jul/2022:16:41:03 +0000] "GET /index.php HTTP/1.0" 200 9920 "https://www.materiel-esthetique.fr/" "Mozilla/5.0 (Windows NT 10.0; Win64; x64) AppleWebKit/537.36 (KHTML, like Gecko) Chrome/103.0.0.0 Safari/537.36"
176.174.252.220 - - [10/Jul/2022:16:41:04 +0000] "GET /images/cookie.png HTTP/1.0" 404 1581 "https://www.materiel-esthetique.fr/assets/styles.css" "Mozilla/5.0 (Windows NT 10.0; Win64; x64) AppleWebKit/537.36 (KHTML, like Gecko) Chrome/103.0.0.0 Safari/537.36"
207.46.13.70 - - [10/Jul/2022:16:50:02 +0000] "GET /fr/ HTTP/1.0" 404 1581 "-" "Mozilla/5.0 (compatible; bingbot/2.0; +http://www.bing.com/bingbot.htm)"
207.46.13.204 - - [10/Jul/2022:17:24:31 +0000] "GET /c/thermal-imaging-camera/ HTTP/1.0" 404 1581 "-" "Mozilla/5.0 (compatible; bingbot/2.0; +http://www.bing.com/bingbot.htm)"
40.77.167.28 - - [10/Jul/2022:17:41:11 +0000] "GET /Thong-tin-doanh-nghiep/CONG-TY-CP-CONG-NGHIEP-NHUA-PHU-LAM-Chart--214-2019.html HTTP/1.0" 404 1581 "-" "Mozilla/5.0 (compatible; bingbot/2.0; +http://www.bing.com/bingbot.htm)"
176.174.252.220 - - [10/Jul/2022:17:46:54 +0000] "GET / HTTP/1.0" 200 9920 "-" "Mozilla/5.0 (Windows NT 10.0; Win64; x64) AppleWebKit/537.36 (KHTML, like Gecko) Chrome/103.0.0.0 Safari/537.36"
13.66.139.0 - - [10/Jul/2022:18:28:58 +0000] "GET /robots.txt HTTP/1.0" 404 1581 "-" "Mozilla/5.0 (compatible; bingbot/2.0; +http://www.bing.com/bingbot.htm)"
13.66.139.4 - - [10/Jul/2022:18:29:10 +0000] "GET /products/new/equipment/underground-longwall/ HTTP/1.0" 404 1581 "-" "Mozilla/5.0 (compatible; bingbot/2.0; +http://www.bing.com/bingbot.htm)"
46.235.66.143 - - [10/Jul/2022:18:41:12 +0000] "GET /contact/ HTTP/1.0" 404 1581 "https://www.materiel-esthetique.fr/contact/" "Mozilla/5.0 (Windows NT 10.0; Win64; x64) AppleWebKit/537.36 (KHTML, like Gecko) Chrome/90.0.4430.72 Safari/537.36 Edg/90.0.818.39"
46.235.66.143 - - [10/Jul/2022:18:41:12 +0000] "GET / HTTP/1.0" 200 53087 "https://www.materiel-esthetique.fr/" "Mozilla/5.0 (Windows NT 10.0; Win64; x64) AppleWebKit/537.36 (KHTML, like Gecko) Chrome/90.0.4430.72 Safari/537.36 Edg/90.0.818.39"
46.235.66.143 - - [10/Jul/2022:18:41:14 +0000] "GET /index.php HTTP/1.0" 200 53064 "https://www.materiel-esthetique.fr/index.php" "Mozilla/5.0 (Windows NT 10.0; Win64; x64) AppleWebKit/537.36 (KHTML, like Gecko) Chrome/90.0.4430.72 Safari/537.36 Edg/90.0.818.39"
40.77.167.18 - - [10/Jul/2022:18:51:36 +0000] "GET /toyotama.g1.xrea.com/bus/gtfsbusmap/gtfs_and_busmap.pdf HTTP/1.0" 404 1581 "-" "Mozilla/5.0 (compatible; bingbot/2.0; +http://www.bing.com/bingbot.htm)"
40.77.167.28 - - [10/Jul/2022:18:52:49 +0000] "GET /th-TH/phrapradaeng/Package/Details/LastUpdated/%E0%B8%A7%E0%B8%B1%E0%B8%84%E0%B8%8B%E0%B8%B5%E0%B8%99%E0%B9%84%E0%B8%82%E0%B9%89%E0%B8%AB%E0%B8%A7%E0%B8%B1%E0%B8%94%E0%B9%83%E0%B8%AB%E0%B8%8D%E0%B9%88-4-%E0%B8%AA%E0%B8%B2%E0%B8%A2%E0%B8%9E%E0%B8%B1%E0%B8%99%E0%B8%98%E0%B8%B8%E0%B9%8C HTTP/1.0" 404 1581 "-" "Mozilla/5.0 (compatible; bingbot/2.0; +http://www.bing.com/bingbot.htm)"
185.174.159.43 - - [10/Jul/2022:19:16:23 +0000] "GET /contact/ HTTP/1.0" 404 1581 "https://www.materiel-esthetique.fr/contact/" "Mozilla/5.0 (Windows NT 6.3; Win64; x64) AppleWebKit/537.36 (KHTML, like Gecko) Chrome/90.0.4430.93 Safari/537.36"
185.174.159.43 - - [10/Jul/2022:19:16:24 +0000] "GET / HTTP/1.0" 200 53087 "https://www.materiel-esthetique.fr/" "Mozilla/5.0 (Windows NT 6.3; Win64; x64) AppleWebKit/537.36 (KHTML, like Gecko) Chrome/90.0.4430.93 Safari/537.36"
185.174.159.43 - - [10/Jul/2022:19:16:24 +0000] "GET /index.php HTTP/1.0" 200 53064 "https://www.materiel-esthetique.fr/index.php" "Mozilla/5.0 (Windows NT 6.3; Win64; x64) AppleWebKit/537.36 (KHTML, like Gecko) Chrome/90.0.4430.93 Safari/537.36"
207.46.13.204 - - [10/Jul/2022:19:49:55 +0000] "GET /entry/shokaki.hatenablog.jp/entry/2020/01/25/112017 HTTP/1.0" 404 1581 "-" "Mozilla/5.0 (compatible; bingbot/2.0; +http://www.bing.com/bingbot.htm)"
207.46.13.96 - - [10/Jul/2022:20:24:42 +0000] "GET /pair/ HTTP/1.0" 404 1581 "-" "Mozilla/5.0 (compatible; bingbot/2.0; +http://www.bing.com/bingbot.htm)"
40.77.167.28 - - [10/Jul/2022:20:34:30 +0000] "GET /2019/08/11/%E0%B8%97%E0%B8%94%E0%B8%AA%E0%B8%AD%E0%B8%9A%E0%B8%82%E0%B9%88%E0%B8%B2%E0%B8%A7%E0%B8%9B%E0%B8%A3%E0%B8%B0%E0%B8%8A%E0%B8%B2%E0%B8%AA%E0%B8%B1%E0%B8%A1%E0%B8%9E%E0%B8%B1%E0%B8%99%E0%B8%98%E0%B9%8C-2/ HTTP/1.0" 404 1581 "-" "Mozilla/5.0 (compatible; bingbot/2.0; +http://www.bing.com/bingbot.htm)"
158.255.80.210 - - [10/Jul/2022:20:36:09 +0000] "GET /wp-login.php HTTP/1.0" 404 714 "http://materiel-esthetique.fr/wp-login.php" "Mozilla/5.0 (Windows NT 10.0; Win64; x64; rv:96.0) Gecko/20100101 Firefox/96"
157.55.39.62 - - [10/Jul/2022:20:55:45 +0000] "GET /nieuws/bouw-woningmarkt/10399828/groeiend-aantal-gemeenten-kampt-met-tekort-aan-bedrijventerreinen HTTP/1.0" 404 1581 "-" "Mozilla/5.0 (compatible; bingbot/2.0; +http://www.bing.com/bingbot.htm)"
175.44.42.246 - - [10/Jul/2022:22:09:09 +0000] "GET / HTTP/1.0" 200 9920 "https://www.aqvalit.com/" "Mozilla/5.0 (iPhone; CPU iPhone OS 14_6 like Mac OS X) AppleWebKit/605.1.15 (KHTML, like Gecko) Version/14.0.3 Mobile/15E148 Safari/604.1"
207.46.13.70 - - [10/Jul/2022:22:20:12 +0000] "GET /safety-shoes-supplier-dubai-uae/ HTTP/1.0" 404 1581 "-" "Mozilla/5.0 (compatible; bingbot/2.0; +http://www.bing.com/bingbot.htm)"
157.55.39.62 - - [10/Jul/2022:22:26:45 +0000] "GET /magazin/stil-de-viata/viata-sanatoasa HTTP/1.0" 404 1581 "-" "Mozilla/5.0 (compatible; bingbot/2.0; +http://www.bing.com/bingbot.htm)"
207.46.13.70 - - [10/Jul/2022:22:32:45 +0000] "GET /registro-elettronico-axios/ HTTP/1.0" 404 1581 "-" "Mozilla/5.0 (compatible; bingbot/2.0; +http://www.bing.com/bingbot.htm)"
207.46.13.96 - - [10/Jul/2022:22:41:56 +0000] "GET /kensei/iinkai/ HTTP/1.0" 404 1581 "-" "Mozilla/5.0 (compatible; bingbot/2.0; +http://www.bing.com/bingbot.htm)"
81.198.74.5 - - [10/Jul/2022:22:48:40 +0000] "GET / HTTP/1.0" 200 9920 "-" "Mozilla/5.0 (Windows NT 10.0; Win64; x64) AppleWebKit/537.36 (KHTML, like Gecko) Chrome/103.0.5060.114 Safari/537.36"
81.198.74.5 - - [10/Jul/2022:22:48:41 +0000] "GET / HTTP/1.0" 200 9920 "-" "Mozilla/5.0 (Windows NT 10.0; Win64; x64) AppleWebKit/537.36 (KHTML, like Gecko) Chrome/103.0.5060.114 Safari/537.36"
81.198.74.5 - - [10/Jul/2022:22:48:41 +0000] "GET /index.php HTTP/1.0" 200 9920 "-" "Mozilla/5.0 (Windows NT 10.0; Win64; x64) AppleWebKit/537.36 (KHTML, like Gecko) Chrome/103.0.5060.114 Safari/537.36"
81.198.74.5 - - [10/Jul/2022:22:48:42 +0000] "GET /mentions-legales.php HTTP/1.0" 200 4330 "-" "Mozilla/5.0 (Windows NT 10.0; Win64; x64) AppleWebKit/537.36 (KHTML, like Gecko) Chrome/103.0.5060.114 Safari/537.36"
207.46.13.96 - - [10/Jul/2022:22:59:19 +0000] "GET /?4nezxrv.gh HTTP/1.0" 200 9920 "-" "Mozilla/5.0 (compatible; bingbot/2.0; +http://www.bing.com/bingbot.htm)"
157.55.39.62 - - [10/Jul/2022:23:01:39 +0000] "GET /projects/sfnet_win32diskimager HTTP/1.0" 404 1581 "-" "Mozilla/5.0 (compatible; bingbot/2.0; +http://www.bing.com/bingbot.htm)"
157.55.39.62 - - [10/Jul/2022:23:02:39 +0000] "GET /wp-content/uploads/2019/07/hpl-shade-card.pdf HTTP/1.0" 404 1581 "-" "Mozilla/5.0 (compatible; bingbot/2.0; +http://www.bing.com/bingbot.htm)"
13.66.139.12 - - [10/Jul/2022:23:06:57 +0000] "GET /tcasfolio/ HTTP/1.0" 404 1581 "-" "Mozilla/5.0 (compatible; bingbot/2.0; +http://www.bing.com/bingbot.htm)"
207.46.13.70 - - [10/Jul/2022:23:34:40 +0000] "GET /index.php/ru/index.php HTTP/1.0" 200 9920 "-" "Mozilla/5.0 (compatible; bingbot/2.0; +http://www.bing.com/bingbot.htm)"
40.77.167.28 - - [10/Jul/2022:23:34:47 +0000] "GET /?kk29ci.comtw HTTP/1.0" 200 9920 "-" "Mozilla/5.0 (compatible; bingbot/2.0; +http://www.bing.com/bingbot.htm)"
207.46.13.96 - - [10/Jul/2022:23:39:03 +0000] "GET /products/new/equipment/dozers/ HTTP/1.0" 404 1581 "-" "Mozilla/5.0 (compatible; bingbot/2.0; +http://www.bing.com/bingbot.htm)"
157.55.39.62 - - [11/Jul/2022:00:07:35 +0000] "GET /guide/guide_06.html HTTP/1.0" 404 1581 "-" "Mozilla/5.0 (compatible; bingbot/2.0; +http://www.bing.com/bingbot.htm)"
40.77.167.18 - - [11/Jul/2022:00:26:20 +0000] "GET /Cong-bo-Top-10-Cong-ty-Van-tai-va-Logistics-uy-tin-nam-2019-8955-1049.html HTTP/1.0" 404 1581 "-" "Mozilla/5.0 (compatible; bingbot/2.0; +http://www.bing.com/bingbot.htm)"
178.45.214.111 - - [11/Jul/2022:00:27:23 +0000] "GET /contact/ HTTP/1.0" 404 1581 "https://www.materiel-esthetique.fr/contact/" "Mozilla/5.0 (Windows NT 6.2; Win64; x64) AppleWebKit/537.36 (KHTML, like Gecko) Chrome/90.0.4430.93 Safari/537.36"
178.45.214.111 - - [11/Jul/2022:00:27:24 +0000] "GET / HTTP/1.0" 200 53087 "https://www.materiel-esthetique.fr/" "Mozilla/5.0 (Windows NT 6.2; Win64; x64) AppleWebKit/537.36 (KHTML, like Gecko) Chrome/90.0.4430.93 Safari/537.36"
178.45.214.111 - - [11/Jul/2022:00:27:24 +0000] "GET /index.php HTTP/1.0" 200 53064 "https://www.materiel-esthetique.fr/index.php" "Mozilla/5.0 (Windows NT 6.2; Win64; x64) AppleWebKit/537.36 (KHTML, like Gecko) Chrome/90.0.4430.93 Safari/537.36"
157.55.39.62 - - [11/Jul/2022:00:47:38 +0000] "GET /index.php/services/tajika-astrology/visuels/epilation-lumiere-pulsee.jpg HTTP/1.0" 200 9920 "-" "Mozilla/5.0 (compatible; bingbot/2.0; +http://www.bing.com/bingbot.htm)"
13.66.139.12 - - [11/Jul/2022:00:52:05 +0000] "GET /landing HTTP/1.0" 404 1581 "-" "Mozilla/5.0 (compatible; bingbot/2.0; +http://www.bing.com/bingbot.htm)"
40.77.167.28 - - [11/Jul/2022:01:07:35 +0000] "GET /index.php/2019/02/28/yinson-bags-fpso-contracts-worth-us901-8m-in-nigeria/visuels/vagues-top.png HTTP/1.0" 200 9920 "-" "Mozilla/5.0 (compatible; bingbot/2.0; +http://www.bing.com/bingbot.htm)"
40.77.167.28 - - [11/Jul/2022:01:22:26 +0000] "GET /index.php/site_admin/user/visuels/epilation-lumiere-pulsee.jpg HTTP/1.0" 200 9920 "-" "Mozilla/5.0 AppleWebKit/537.36 (KHTML, like Gecko; compatible; bingbot/2.0; +http://www.bing.com/bingbot.htm) Chrome/100.0.4896.127 Safari/537.36"
40.77.167.28 - - [11/Jul/2022:01:25:17 +0000] "GET /District/Department/8-Special-Education HTTP/1.0" 404 1581 "-" "Mozilla/5.0 (compatible; bingbot/2.0; +http://www.bing.com/bingbot.htm)"
207.46.13.70 - - [11/Jul/2022:02:00:35 +0000] "GET /index.php/shop/kakogawa/mentions-legales.php HTTP/1.0" 200 9920 "-" "Mozilla/5.0 (compatible; bingbot/2.0; +http://www.bing.com/bingbot.htm)"
40.77.167.28 - - [11/Jul/2022:02:04:10 +0000] "GET /payoneer-prijem-novca-iz-inostranstva/ HTTP/1.0" 404 1581 "-" "Mozilla/5.0 (compatible; bingbot/2.0; +http://www.bing.com/bingbot.htm)"
207.46.13.204 - - [11/Jul/2022:02:21:23 +0000] "GET /index.php/site_admin/user/visuels/cryolipolyse.jpg HTTP/1.0" 200 9920 "-" "Mozilla/5.0 (compatible; bingbot/2.0; +http://www.bing.com/bingbot.htm)"
20.254.124.119 - - [11/Jul/2022:02:22:46 +0000] "GET /_profiler/phpinfo HTTP/1.0" 404 1581 "-" "Mozilla/5.0 (Macintosh; Intel Mac OS X 10.15; rv:77.0) Gecko/20100101 Firefox/77.0"
207.46.13.204 - - [11/Jul/2022:02:23:51 +0000] "GET /2018/06/australian-fashion-brands-in-uk.html HTTP/1.0" 404 1581 "-" "Mozilla/5.0 (compatible; bingbot/2.0; +http://www.bing.com/bingbot.htm)"
157.55.39.62 - - [11/Jul/2022:02:26:58 +0000] "GET /index.php/el/visuels/thermotherapie.jpg HTTP/1.0" 200 9920 "-" "Mozilla/5.0 (compatible; bingbot/2.0; +http://www.bing.com/bingbot.htm)"
207.46.13.96 - - [11/Jul/2022:02:32:20 +0000] "GET /site/camping-fontvieille-provence/ HTTP/1.0" 404 1581 "-" "Mozilla/5.0 (compatible; bingbot/2.0; +http://www.bing.com/bingbot.htm)"
207.46.13.96 - - [11/Jul/2022:02:50:50 +0000] "GET /index.php/about-btf/visuels/vagues-top.png HTTP/1.0" 200 9920 "-" "Mozilla/5.0 (compatible; bingbot/2.0; +http://www.bing.com/bingbot.htm)"
207.46.13.96 - - [11/Jul/2022:02:55:21 +0000] "GET /archives/384 HTTP/1.0" 404 1581 "-" "Mozilla/5.0 (compatible; bingbot/2.0; +http://www.bing.com/bingbot.htm)"
40.77.167.18 - - [11/Jul/2022:03:04:23 +0000] "GET /code-and-compliance/act-and-regulations/ HTTP/1.0" 404 1581 "-" "Mozilla/5.0 (compatible; bingbot/2.0; +http://www.bing.com/bingbot.htm)"
40.77.167.18 - - [11/Jul/2022:03:05:14 +0000] "GET /en/investors/corporate-governance/legal-structure/ HTTP/1.0" 404 1581 "-" "Mozilla/5.0 (compatible; bingbot/2.0; +http://www.bing.com/bingbot.htm)"
157.55.39.62 - - [11/Jul/2022:03:16:52 +0000] "GET /index.php/visuels/radiofrequence.jpg HTTP/1.0" 200 9920 "-" "Mozilla/5.0 (compatible; bingbot/2.0; +http://www.bing.com/bingbot.htm)"
216.24.212.30 - - [11/Jul/2022:03:33:09 +0000] "GET /contact/ HTTP/1.0" 404 1581 "https://www.materiel-esthetique.fr/contact/" "Mozilla/5.0 (Windows NT 6.3) AppleWebKit/537.36 (KHTML, like Gecko) Chrome/90.0.4430.72 Safari/537.36"
216.24.212.30 - - [11/Jul/2022:03:33:11 +0000] "GET / HTTP/1.0" 200 53087 "https://www.materiel-esthetique.fr/" "Mozilla/5.0 (Windows NT 6.3) AppleWebKit/537.36 (KHTML, like Gecko) Chrome/90.0.4430.72 Safari/537.36"
216.24.212.30 - - [11/Jul/2022:03:33:12 +0000] "GET /index.php HTTP/1.0" 200 53064 "https://www.materiel-esthetique.fr/index.php" "Mozilla/5.0 (Windows NT 6.3) AppleWebKit/537.36 (KHTML, like Gecko) Chrome/90.0.4430.72 Safari/537.36"
207.46.13.204 - - [11/Jul/2022:03:34:19 +0000] "GET /accueil.html HTTP/1.0" 404 1581 "-" "Mozilla/5.0 (compatible; bingbot/2.0; +http://www.bing.com/bingbot.htm)"
207.46.13.96 - - [11/Jul/2022:03:36:47 +0000] "GET /category/%E0%B8%AB%E0%B8%99%E0%B8%B1%E0%B8%87%E0%B9%80%E0%B8%81%E0%B8%B5%E0%B9%88%E0%B8%A2%E0%B8%A7%E0%B8%81%E0%B8%B1%E0%B8%9A%E0%B8%84%E0%B8%AD%E0%B8%A1%E0%B8%9E%E0%B8%B4%E0%B8%A7%E0%B9%80%E0%B8%95%E0%B8%AD/ HTTP/1.0" 404 1581 "-" "Mozilla/5.0 (compatible; bingbot/2.0; +http://www.bing.com/bingbot.htm)"
207.46.13.204 - - [11/Jul/2022:03:46:39 +0000] "GET /index.php/th/visuels/ultrason.jpg HTTP/1.0" 200 9920 "-" "Mozilla/5.0 (compatible; bingbot/2.0; +http://www.bing.com/bingbot.htm)"
157.55.39.62 - - [11/Jul/2022:03:47:44 +0000] "GET /autorska-cteni/2020/2/20/protimluvna-osmnactka HTTP/1.0" 404 1581 "-" "Mozilla/5.0 (compatible; bingbot/2.0; +http://www.bing.com/bingbot.htm)"
13.66.139.4 - - [11/Jul/2022:03:57:34 +0000] "GET /our-products/ready-made-work-uniform-supplier-dubai/ HTTP/1.0" 404 1581 "-" "Mozilla/5.0 (compatible; bingbot/2.0; +http://www.bing.com/bingbot.htm)"
154.6.18.8 - - [11/Jul/2022:04:00:20 +0000] "GET /contact/ HTTP/1.0" 404 1581 "https://www.materiel-esthetique.fr/contact/" "Mozilla/5.0 (Windows NT 10.0) AppleWebKit/537.36 (KHTML, like Gecko) Chrome/90.0.4430.93 Safari/537.36"
154.6.18.8 - - [11/Jul/2022:04:00:22 +0000] "GET / HTTP/1.0" 200 53087 "https://www.materiel-esthetique.fr/" "Mozilla/5.0 (Windows NT 10.0) AppleWebKit/537.36 (KHTML, like Gecko) Chrome/90.0.4430.93 Safari/537.36"
40.77.167.18 - - [11/Jul/2022:04:02:09 +0000] "GET /index.php/bn92i2yj07mb HTTP/1.0" 200 9920 "-" "Mozilla/5.0 (compatible; bingbot/2.0; +http://www.bing.com/bingbot.htm)"
205.210.31.153 - - [11/Jul/2022:04:12:41 +0000] "GET / HTTP/1.0" 200 53087 "-" "Expanse, a Palo Alto Networks company, searches across the global IPv4 space multiple times per day to identify customers&#39; presences on the Internet. If you would like to be excluded from our scans, please send IP addresses/domains to: scaninfo@paloaltonetworks.com"
13.66.139.12 - - [11/Jul/2022:04:15:26 +0000] "GET /654/ HTTP/1.0" 404 1581 "-" "Mozilla/5.0 (compatible; bingbot/2.0; +http://www.bing.com/bingbot.htm)"
43.153.17.55 - - [11/Jul/2022:04:20:36 +0000] "HEAD / HTTP/1.0" 200 691 "-" "python-requests/2.26.0"
51.222.253.17 - - [11/Jul/2022:04:23:27 +0000] "GET /robots.txt HTTP/1.0" 404 1581 "-" "Mozilla/5.0 (compatible; AhrefsBot/7.0; +http://ahrefs.com/robot/)"
54.36.148.15 - - [11/Jul/2022:04:23:30 +0000] "GET / HTTP/1.0" 200 9920 "-" "Mozilla/5.0 (compatible; AhrefsBot/7.0; +http://ahrefs.com/robot/)"
195.154.123.78 - - [11/Jul/2022:04:23:30 +0000] "GET /tarteaucitron/tarteaucitron.js HTTP/1.0" 200 787 "https://www.materiel-esthetique.fr/" "Mozilla/5.0 (compatible; AhrefsBot/7.0; +http://ahrefs.com/robot/)"
195.154.123.78 - - [11/Jul/2022:04:23:30 +0000] "GET /assets/style.css HTTP/1.0" 200 759 "https://www.materiel-esthetique.fr/" "Mozilla/5.0 (compatible; AhrefsBot/7.0; +http://ahrefs.com/robot/)"
195.154.123.78 - - [11/Jul/2022:04:23:30 +0000] "GET /assets/styles.css HTTP/1.0" 200 760 "https://www.materiel-esthetique.fr/" "Mozilla/5.0 (compatible; AhrefsBot/7.0; +http://ahrefs.com/robot/)"
195.154.123.78 - - [11/Jul/2022:04:23:30 +0000] "GET /assets/index.js HTTP/1.0" 200 772 "https://www.materiel-esthetique.fr/" "Mozilla/5.0 (compatible; AhrefsBot/7.0; +http://ahrefs.com/robot/)"
195.154.123.78 - - [11/Jul/2022:04:23:31 +0000] "GET /tarteaucitron/css/tarteaucitron.css?v=323 HTTP/1.0" 200 778 "https://www.materiel-esthetique.fr/" "Mozilla/5.0 (compatible; AhrefsBot/7.0; +http://ahrefs.com/robot/)"
195.154.123.78 - - [11/Jul/2022:04:23:31 +0000] "GET /tarteaucitron/lang/tarteaucitron.en.js?v=323 HTTP/1.0" 200 817 "https://www.materiel-esthetique.fr/" "Mozilla/5.0 (compatible; AhrefsBot/7.0; +http://ahrefs.com/robot/)"
195.154.123.78 - - [11/Jul/2022:04:23:31 +0000] "GET /tarteaucitron/tarteaucitron.services.js?v=323 HTTP/1.0" 200 796 "https://www.materiel-esthetique.fr/" "Mozilla/5.0 (compatible; AhrefsBot/7.0; +http://ahrefs.com/robot/)"
40.77.167.28 - - [11/Jul/2022:04:25:44 +0000] "GET /index.php/mamiferos/visuels/vagues-bottom.png HTTP/1.0" 200 9920 "-" "Mozilla/5.0 (compatible; bingbot/2.0; +http://www.bing.com/bingbot.htm)"
46.204.64.68 - - [11/Jul/2022:04:29:15 +0000] "HEAD /index.php/article/a-safe-space-for-black-artists HTTP/1.0" 200 691 "-" "Mozilla/5.0 (Windows NT 10.0; Win64; x64) AppleWebKit/537.36 (KHTML, like Gecko) Chrome/78.0.3904.97 Safari/537.36 OPR/64.0.3417.92"
46.204.64.68 - - [11/Jul/2022:04:29:16 +0000] "GET /index.php/article/a-safe-space-for-black-artists HTTP/1.0" 200 53064 "-" "Mozilla/5.0 (Windows NT 10.0; Win64; x64) AppleWebKit/537.36 (KHTML, like Gecko) Chrome/78.0.3904.97 Safari/537.36 Edge/18.18362"
40.77.167.28 - - [11/Jul/2022:04:35:26 +0000] "GET /our-work/news/top-5-challenges-and-opportunities-for-farmers-in-california/ HTTP/1.0" 404 1581 "-" "Mozilla/5.0 (compatible; bingbot/2.0; +http://www.bing.com/bingbot.htm)"
185.170.114.25 - - [11/Jul/2022:04:36:25 +0000] "GET /contact/ HTTP/1.0" 404 1581 "https://www.materiel-esthetique.fr/contact/" "Mozilla/5.0 (Windows NT 10.0; WOW64) AppleWebKit/537.36 (KHTML, like Gecko) Chrome/90.0.4430.85 Safari/537.36"
185.170.114.25 - - [11/Jul/2022:04:36:25 +0000] "GET / HTTP/1.0" 200 53087 "https://www.materiel-esthetique.fr/" "Mozilla/5.0 (Windows NT 10.0; WOW64) AppleWebKit/537.36 (KHTML, like Gecko) Chrome/90.0.4430.85 Safari/537.36"
185.170.114.25 - - [11/Jul/2022:04:36:26 +0000] "GET /index.php HTTP/1.0" 200 53064 "https://www.materiel-esthetique.fr/index.php" "Mozilla/5.0 (Windows NT 10.0; WOW64) AppleWebKit/537.36 (KHTML, like Gecko) Chrome/90.0.4430.85 Safari/537.36"
207.46.13.34 - - [11/Jul/2022:04:50:26 +0000] "GET /index.php/visuels/massage.jpg HTTP/1.0" 200 9920 "-" "Mozilla/5.0 (compatible; bingbot/2.0; +http://www.bing.com/bingbot.htm)"
207.46.13.204 - - [11/Jul/2022:04:50:36 +0000] "GET /index.php/9-grahas-planets/index.php HTTP/1.0" 200 9920 "-" "Mozilla/5.0 (compatible; bingbot/2.0; +http://www.bing.com/bingbot.htm)"
40.77.167.18 - - [11/Jul/2022:04:58:54 +0000] "GET /index.php/2019/02/28/yinson-bags-fpso-contracts-worth-us901-8m-in-nigeria/visuels/logo.png HTTP/1.0" 200 9920 "-" "Mozilla/5.0 (compatible; bingbot/2.0; +http://www.bing.com/bingbot.htm)"
34.214.128.177 - - [11/Jul/2022:05:08:41 +0000] "GET / HTTP/1.0" 200 9920 "-" "Mozilla/5.0 (X11; Linux x86_64) AppleWebKit/537.36 (KHTML, like Gecko) Chrome/83.0.4103.97 Safari/537.36"
35.163.109.151 - - [11/Jul/2022:05:09:08 +0000] "GET /favicon.ico HTTP/1.0" 404 1581 "http://materiel-esthetique.fr/favicon.ico" "Mozilla/5.0 (X11; Linux x86_64) AppleWebKit/537.36 (KHTML, like Gecko) Chrome/83.0.4103.97 Safari/537.36"
34.220.190.205 - - [11/Jul/2022:05:09:28 +0000] "GET / HTTP/1.0" 200 9920 "-" "Mozilla/5.0 (X11; Linux x86_64) AppleWebKit/537.36 (KHTML, like Gecko) Chrome/83.0.4103.97 Safari/537.36"
35.86.229.99 - - [11/Jul/2022:05:10:19 +0000] "GET /favicon.ico HTTP/1.0" 404 1581 "https://materiel-esthetique.fr/favicon.ico" "Mozilla/5.0 (X11; Linux x86_64) AppleWebKit/537.36 (KHTML, like Gecko) Chrome/83.0.4103.97 Safari/537.36"
35.86.229.99 - - [11/Jul/2022:05:10:25 +0000] "GET / HTTP/1.0" 200 9920 "https://materiel-esthetique.fr" "Mozilla/5.0 (X11; Linux x86_64) AppleWebKit/537.36 (KHTML, like Gecko) Chrome/83.0.4103.97 Safari/537.36"
157.55.39.62 - - [11/Jul/2022:05:14:03 +0000] "GET /index.php/e-services/ejustice/visuels/pressotherapie.jpg HTTP/1.0" 200 9920 "-" "Mozilla/5.0 (compatible; bingbot/2.0; +http://www.bing.com/bingbot.htm)"
207.46.13.204 - - [11/Jul/2022:05:15:18 +0000] "GET /index.php/nakshatras-sthalam/visuels/amincissement-cryolipolyse.jpg HTTP/1.0" 200 9920 "-" "Mozilla/5.0 (compatible; bingbot/2.0; +http://www.bing.com/bingbot.htm)"
207.46.13.34 - - [11/Jul/2022:05:21:59 +0000] "GET /index.php/pendaftaran-dan-registrasi/pendaftaran/visuels/logo.png HTTP/1.0" 200 9920 "-" "Mozilla/5.0 (compatible; bingbot/2.0; +http://www.bing.com/bingbot.htm)"
52.42.87.177 - - [11/Jul/2022:05:22:54 +0000] "GET / HTTP/1.0" 200 9920 "-" "Mozilla/5.0 (X11; Linux x86_64) AppleWebKit/537.36 (KHTML, like Gecko) Chrome/83.0.4103.97 Safari/537.36"
54.71.145.43 - - [11/Jul/2022:05:22:56 +0000] "GET / HTTP/1.0" 200 9920 "-" "Mozilla/5.0 (X11; Linux x86_64) AppleWebKit/537.36 (KHTML, like Gecko) Chrome/83.0.4103.97 Safari/537.36"
34.213.162.104 - - [11/Jul/2022:05:23:11 +0000] "GET /favicon.ico HTTP/1.0" 404 1581 "https://materiel-esthetique.fr/favicon.ico" "Mozilla/5.0 (X11; Linux x86_64) AppleWebKit/537.36 (KHTML, like Gecko) Chrome/83.0.4103.97 Safari/537.36"
54.201.23.224 - - [11/Jul/2022:05:23:13 +0000] "GET /favicon.ico HTTP/1.0" 404 1581 "http://materiel-esthetique.fr/favicon.ico" "Mozilla/5.0 (X11; Linux x86_64) AppleWebKit/537.36 (KHTML, like Gecko) Chrome/83.0.4103.97 Safari/537.36"
34.213.162.104 - - [11/Jul/2022:05:23:13 +0000] "GET / HTTP/1.0" 200 9920 "https://materiel-esthetique.fr" "Mozilla/5.0 (X11; Linux x86_64) AppleWebKit/537.36 (KHTML, like Gecko) Chrome/83.0.4103.97 Safari/537.36"
54.201.23.224 - - [11/Jul/2022:05:23:16 +0000] "GET / HTTP/1.0" 200 9920 "http://materiel-esthetique.fr" "Mozilla/5.0 (X11; Linux x86_64) AppleWebKit/537.36 (KHTML, like Gecko) Chrome/83.0.4103.97 Safari/537.36"
95.214.54.102 - - [11/Jul/2022:05:33:06 +0000] "GET /contact/ HTTP/1.0" 404 1581 "https://www.materiel-esthetique.fr/contact/" "Mozilla/5.0 (Windows NT 6.1; Win64; x64) AppleWebKit/537.36 (KHTML, like Gecko) Chrome/90.0.4430.85 Safari/537.36"
95.214.54.102 - - [11/Jul/2022:05:33:09 +0000] "GET / HTTP/1.0" 200 53087 "https://www.materiel-esthetique.fr/" "Mozilla/5.0 (Windows NT 6.1; Win64; x64) AppleWebKit/537.36 (KHTML, like Gecko) Chrome/90.0.4430.85 Safari/537.36"
95.214.54.102 - - [11/Jul/2022:05:33:10 +0000] "GET /index.php HTTP/1.0" 200 53064 "https://www.materiel-esthetique.fr/index.php" "Mozilla/5.0 (Windows NT 6.1; Win64; x64) AppleWebKit/537.36 (KHTML, like Gecko) Chrome/90.0.4430.85 Safari/537.36"
207.46.13.204 - - [11/Jul/2022:05:40:02 +0000] "GET /dramas/8588-korol-lev-the-lion-king-2019-hd-720-ru-eng.html HTTP/1.0" 404 1581 "-" "Mozilla/5.0 (compatible; bingbot/2.0; +http://www.bing.com/bingbot.htm)"
207.46.13.34 - - [11/Jul/2022:05:55:45 +0000] "GET / HTTP/1.0" 200 9920 "-" "Mozilla/5.0 (iPhone; CPU iPhone OS 7_0 like Mac OS X) AppleWebKit/537.51.1 (KHTML, like Gecko) Version/7.0 Mobile/11A465 Safari/9537.53 (compatible; bingbot/2.0; +http://www.bing.com/bingbot.htm)"
207.46.13.96 - - [11/Jul/2022:05:55:47 +0000] "GET /index.php/site_admin/user/visuels/solarium.jpg HTTP/1.0" 200 9920 "-" "Mozilla/5.0 (compatible; bingbot/2.0; +http://www.bing.com/bingbot.htm)"
207.46.13.204 - - [11/Jul/2022:05:56:01 +0000] "GET /assets/styles.css HTTP/1.0" 200 760 "-" "Mozilla/5.0 (iPhone; CPU iPhone OS 7_0 like Mac OS X) AppleWebKit/537.51.1 (KHTML, like Gecko) Version/7.0 Mobile/11A465 Safari/9537.53 (compatible; bingbot/2.0; +http://www.bing.com/bingbot.htm)"
207.46.13.34 - - [11/Jul/2022:05:56:03 +0000] "GET /assets/index.js HTTP/1.0" 200 772 "-" "Mozilla/5.0 (iPhone; CPU iPhone OS 7_0 like Mac OS X) AppleWebKit/537.51.1 (KHTML, like Gecko) Version/7.0 Mobile/11A465 Safari/9537.53 (compatible; bingbot/2.0; +http://www.bing.com/bingbot.htm)"
207.46.13.34 - - [11/Jul/2022:05:56:06 +0000] "GET /tarteaucitron/tarteaucitron.js HTTP/1.0" 200 787 "-" "Mozilla/5.0 (iPhone; CPU iPhone OS 7_0 like Mac OS X) AppleWebKit/537.51.1 (KHTML, like Gecko) Version/7.0 Mobile/11A465 Safari/9537.53 (compatible; bingbot/2.0; +http://www.bing.com/bingbot.htm)"
40.77.167.18 - - [11/Jul/2022:05:56:08 +0000] "GET /assets/style.css HTTP/1.0" 200 759 "-" "Mozilla/5.0 (iPhone; CPU iPhone OS 7_0 like Mac OS X) AppleWebKit/537.51.1 (KHTML, like Gecko) Version/7.0 Mobile/11A465 Safari/9537.53 (compatible; bingbot/2.0; +http://www.bing.com/bingbot.htm)"
207.46.13.34 - - [11/Jul/2022:05:57:44 +0000] "GET /15-table-pliante HTTP/1.0" 404 1581 "-" "Mozilla/5.0 (iPhone; CPU iPhone OS 7_0 like Mac OS X) AppleWebKit/537.51.1 (KHTML, like Gecko) Version/7.0 Mobile/11A465 Safari/9537.53 (compatible; bingbot/2.0; +http://www.bing.com/bingbot.htm)"
157.55.39.62 - - [11/Jul/2022:05:58:50 +0000] "GET /es/financiacion/incentivos-2017-2020/programa-para-el-desarrollo-energetico-sostenible-de-andalucia/obligaciones-de-publicidad-para-beneficiarios HTTP/1.0" 404 1581 "-" "Mozilla/5.0 (compatible; bingbot/2.0; +http://www.bing.com/bingbot.htm)"
157.55.39.62 - - [11/Jul/2022:06:05:42 +0000] "GET /resources/annular-velocity-calculator/ HTTP/1.0" 404 1581 "-" "Mozilla/5.0 (compatible; bingbot/2.0; +http://www.bing.com/bingbot.htm)"
40.77.167.28 - - [11/Jul/2022:06:05:54 +0000] "GET /murano-chandeliers-a-memorable-artwork-at-home/ HTTP/1.0" 404 1581 "-" "Mozilla/5.0 (compatible; bingbot/2.0; +http://www.bing.com/bingbot.htm)"
40.77.188.173 - - [11/Jul/2022:06:11:57 +0000] "GET /tarteaucitron/css/tarteaucitron.css?v=323 HTTP/1.0" 200 778 "-" "Mozilla/5.0 (iPhone; CPU iPhone OS 7_0 like Mac OS X) AppleWebKit/537.51.1 (KHTML, like Gecko) Version/7.0 Mobile/11A465 Safari/9537.53 BingPreview/1.0b"
40.77.189.181 - - [11/Jul/2022:06:11:57 +0000] "GET /tarteaucitron/lang/tarteaucitron.en.js?v=323 HTTP/1.0" 200 817 "-" "Mozilla/5.0 (iPhone; CPU iPhone OS 7_0 like Mac OS X) AppleWebKit/537.51.1 (KHTML, like Gecko) Version/7.0 Mobile/11A465 Safari/9537.53 BingPreview/1.0b"
40.77.189.181 - - [11/Jul/2022:06:11:58 +0000] "GET /tarteaucitron/tarteaucitron.services.js?v=323 HTTP/1.0" 200 796 "-" "Mozilla/5.0 (iPhone; CPU iPhone OS 7_0 like Mac OS X) AppleWebKit/537.51.1 (KHTML, like Gecko) Version/7.0 Mobile/11A465 Safari/9537.53 BingPreview/1.0b"
207.46.13.34 - - [11/Jul/2022:06:12:56 +0000] "GET /support/product-support-literature/manuals/conveying/ HTTP/1.0" 404 1581 "-" "Mozilla/5.0 (compatible; bingbot/2.0; +http://www.bing.com/bingbot.htm)"
40.77.167.28 - - [11/Jul/2022:06:13:34 +0000] "GET /index.php/parametric-search/visuels/pressotherapie.jpg HTTP/1.0" 200 9920 "-" "Mozilla/5.0 (compatible; bingbot/2.0; +http://www.bing.com/bingbot.htm)"
207.46.13.96 - - [11/Jul/2022:06:17:30 +0000] "GET /%E0%B9%81%E0%B8%9B%E0%B8%A5%E0%B8%A0%E0%B8%B2%E0%B8%A9%E0%B8%B2%E0%B8%A3%E0%B8%B1%E0%B8%AA%E0%B9%80%E0%B8%8B%E0%B8%B5%E0%B8%A2/ HTTP/1.0" 404 1581 "-" "Mozilla/5.0 (compatible; bingbot/2.0; +http://www.bing.com/bingbot.htm)"
207.46.13.204 - - [11/Jul/2022:06:31:47 +0000] "GET /19-mobilier HTTP/1.0" 404 1581 "-" "Mozilla/5.0 (iPhone; CPU iPhone OS 7_0 like Mac OS X) AppleWebKit/537.51.1 (KHTML, like Gecko) Version/7.0 Mobile/11A465 Safari/9537.53 (compatible; bingbot/2.0; +http://www.bing.com/bingbot.htm)"
168.119.68.183 - - [10/Jul/2022:10:13:59 +0000] "GET /assets/style.css HTTP/2.0" 200 4307 "https://www.materiel-esthetique.fr/" "Mozilla/5.0 (compatible; AhrefsBot/7.0; +http://ahrefs.com/robot/)"
168.119.68.183 - - [10/Jul/2022:10:13:59 +0000] "GET /assets/styles.css HTTP/2.0" 200 2521 "https://www.materiel-esthetique.fr/" "Mozilla/5.0 (compatible; AhrefsBot/7.0; +http://ahrefs.com/robot/)"
168.119.68.183 - - [10/Jul/2022:10:13:59 +0000] "GET /tarteaucitron/tarteaucitron.js HTTP/2.0" 200 8823 "https://www.materiel-esthetique.fr/" "Mozilla/5.0 (compatible; AhrefsBot/7.0; +http://ahrefs.com/robot/)"
168.119.68.183 - - [10/Jul/2022:10:13:59 +0000] "GET /assets/index.js HTTP/2.0" 200 1541 "https://www.materiel-esthetique.fr/" "Mozilla/5.0 (compatible; AhrefsBot/7.0; +http://ahrefs.com/robot/)"
168.119.68.183 - - [10/Jul/2022:10:13:59 +0000] "GET /tarteaucitron/lang/tarteaucitron.en.js?v=323 HTTP/2.0" 200 893 "https://www.materiel-esthetique.fr/" "Mozilla/5.0 (compatible; AhrefsBot/7.0; +http://ahrefs.com/robot/)"
168.119.68.183 - - [10/Jul/2022:10:13:59 +0000] "GET /tarteaucitron/css/tarteaucitron.css?v=323 HTTP/2.0" 200 1977 "https://www.materiel-esthetique.fr/" "Mozilla/5.0 (compatible; AhrefsBot/7.0; +http://ahrefs.com/robot/)"
168.119.68.183 - - [10/Jul/2022:10:14:00 +0000] "GET /tarteaucitron/tarteaucitron.services.js?v=323 HTTP/2.0" 200 9417 "https://www.materiel-esthetique.fr/" "Mozilla/5.0 (compatible; AhrefsBot/7.0; +http://ahrefs.com/robot/)"
78.199.58.236 - - [10/Jul/2022:12:10:28 +0000] "GET /assets/style.css HTTP/2.0" 200 4307 "https://www.materiel-esthetique.fr/" "Mozilla/5.0 (iPhone; CPU iPhone OS 15_5 like Mac OS X) AppleWebKit/605.1.15 (KHTML, like Gecko) Version/15.5 Mobile/15E148 Safari/604.1"
78.199.58.236 - - [10/Jul/2022:12:10:28 +0000] "GET /assets/styles.css HTTP/2.0" 200 2521 "https://www.materiel-esthetique.fr/" "Mozilla/5.0 (iPhone; CPU iPhone OS 15_5 like Mac OS X) AppleWebKit/605.1.15 (KHTML, like Gecko) Version/15.5 Mobile/15E148 Safari/604.1"
78.199.58.236 - - [10/Jul/2022:12:10:28 +0000] "GET /tarteaucitron/tarteaucitron.js HTTP/2.0" 200 8823 "https://www.materiel-esthetique.fr/" "Mozilla/5.0 (iPhone; CPU iPhone OS 15_5 like Mac OS X) AppleWebKit/605.1.15 (KHTML, like Gecko) Version/15.5 Mobile/15E148 Safari/604.1"
78.199.58.236 - - [10/Jul/2022:12:10:28 +0000] "GET /assets/index.js HTTP/2.0" 200 1541 "https://www.materiel-esthetique.fr/" "Mozilla/5.0 (iPhone; CPU iPhone OS 15_5 like Mac OS X) AppleWebKit/605.1.15 (KHTML, like Gecko) Version/15.5 Mobile/15E148 Safari/604.1"
78.199.58.236 - - [10/Jul/2022:12:10:28 +0000] "GET /visuels/logo.png HTTP/2.0" 200 4140 "https://www.materiel-esthetique.fr/" "Mozilla/5.0 (iPhone; CPU iPhone OS 15_5 like Mac OS X) AppleWebKit/605.1.15 (KHTML, like Gecko) Version/15.5 Mobile/15E148 Safari/604.1"
78.199.58.236 - - [10/Jul/2022:12:10:28 +0000] "GET /visuels/logo-esthetiquepro.png HTTP/2.0" 200 5415 "https://www.materiel-esthetique.fr/" "Mozilla/5.0 (iPhone; CPU iPhone OS 15_5 like Mac OS X) AppleWebKit/605.1.15 (KHTML, like Gecko) Version/15.5 Mobile/15E148 Safari/604.1"
78.199.58.236 - - [10/Jul/2022:12:10:28 +0000] "GET /visuels/vagues-top.png HTTP/2.0" 200 18000 "https://www.materiel-esthetique.fr/" "Mozilla/5.0 (iPhone; CPU iPhone OS 15_5 like Mac OS X) AppleWebKit/605.1.15 (KHTML, like Gecko) Version/15.5 Mobile/15E148 Safari/604.1"
78.199.58.236 - - [10/Jul/2022:12:10:28 +0000] "GET /visuels/electromagnetisme.jpg HTTP/2.0" 200 49634 "https://www.materiel-esthetique.fr/" "Mozilla/5.0 (iPhone; CPU iPhone OS 15_5 like Mac OS X) AppleWebKit/605.1.15 (KHTML, like Gecko) Version/15.5 Mobile/15E148 Safari/604.1"
78.199.58.236 - - [10/Jul/2022:12:10:28 +0000] "GET /visuels/slide.jpg HTTP/2.0" 200 66137 "https://www.materiel-esthetique.fr/" "Mozilla/5.0 (iPhone; CPU iPhone OS 15_5 like Mac OS X) AppleWebKit/605.1.15 (KHTML, like Gecko) Version/15.5 Mobile/15E148 Safari/604.1"
78.199.58.236 - - [10/Jul/2022:12:10:29 +0000] "GET /visuels/cryolipolyse.jpg HTTP/2.0" 200 28065 "https://www.materiel-esthetique.fr/" "Mozilla/5.0 (iPhone; CPU iPhone OS 15_5 like Mac OS X) AppleWebKit/605.1.15 (KHTML, like Gecko) Version/15.5 Mobile/15E148 Safari/604.1"
78.199.58.236 - - [10/Jul/2022:12:10:29 +0000] "GET /visuels/pressotherapie.jpg HTTP/2.0" 200 30795 "https://www.materiel-esthetique.fr/" "Mozilla/5.0 (iPhone; CPU iPhone OS 15_5 like Mac OS X) AppleWebKit/605.1.15 (KHTML, like Gecko) Version/15.5 Mobile/15E148 Safari/604.1"
78.199.58.236 - - [10/Jul/2022:12:10:29 +0000] "GET /visuels/enveloppement.jpg HTTP/2.0" 200 33912 "https://www.materiel-esthetique.fr/" "Mozilla/5.0 (iPhone; CPU iPhone OS 15_5 like Mac OS X) AppleWebKit/605.1.15 (KHTML, like Gecko) Version/15.5 Mobile/15E148 Safari/604.1"
78.199.58.236 - - [10/Jul/2022:12:10:29 +0000] "GET /visuels/electrostimulation.jpg HTTP/2.0" 200 21111 "https://www.materiel-esthetique.fr/" "Mozilla/5.0 (iPhone; CPU iPhone OS 15_5 like Mac OS X) AppleWebKit/605.1.15 (KHTML, like Gecko) Version/15.5 Mobile/15E148 Safari/604.1"
78.199.58.236 - - [10/Jul/2022:12:10:29 +0000] "GET /visuels/ultrason.jpg HTTP/2.0" 200 23424 "https://www.materiel-esthetique.fr/" "Mozilla/5.0 (iPhone; CPU iPhone OS 15_5 like Mac OS X) AppleWebKit/605.1.15 (KHTML, like Gecko) Version/15.5 Mobile/15E148 Safari/604.1"
78.199.58.236 - - [10/Jul/2022:12:10:29 +0000] "GET /visuels/thermotherapie.jpg HTTP/2.0" 200 17204 "https://www.materiel-esthetique.fr/" "Mozilla/5.0 (iPhone; CPU iPhone OS 15_5 like Mac OS X) AppleWebKit/605.1.15 (KHTML, like Gecko) Version/15.5 Mobile/15E148 Safari/604.1"
78.199.58.236 - - [10/Jul/2022:12:10:29 +0000] "GET /visuels/bilan-minceur.jpg HTTP/2.0" 200 46660 "https://www.materiel-esthetique.fr/" "Mozilla/5.0 (iPhone; CPU iPhone OS 15_5 like Mac OS X) AppleWebKit/605.1.15 (KHTML, like Gecko) Version/15.5 Mobile/15E148 Safari/604.1"
78.199.58.236 - - [10/Jul/2022:12:10:29 +0000] "GET /visuels//depresso-modelage.jpg HTTP/2.0" 200 27732 "https://www.materiel-esthetique.fr/" "Mozilla/5.0 (iPhone; CPU iPhone OS 15_5 like Mac OS X) AppleWebKit/605.1.15 (KHTML, like Gecko) Version/15.5 Mobile/15E148 Safari/604.1"
78.199.58.236 - - [10/Jul/2022:12:10:29 +0000] "GET /visuels/modelage.jpg HTTP/2.0" 200 39040 "https://www.materiel-esthetique.fr/" "Mozilla/5.0 (iPhone; CPU iPhone OS 15_5 like Mac OS X) AppleWebKit/605.1.15 (KHTML, like Gecko) Version/15.5 Mobile/15E148 Safari/604.1"
78.199.58.236 - - [10/Jul/2022:12:10:29 +0000] "GET /visuels/epilation-lumiere-pulsee.jpg HTTP/2.0" 200 27402 "https://www.materiel-esthetique.fr/" "Mozilla/5.0 (iPhone; CPU iPhone OS 15_5 like Mac OS X) AppleWebKit/605.1.15 (KHTML, like Gecko) Version/15.5 Mobile/15E148 Safari/604.1"
78.199.58.236 - - [10/Jul/2022:12:10:29 +0000] "GET /visuels/bg-qui-sommes-nous.jpg HTTP/2.0" 200 161122 "https://www.materiel-esthetique.fr/" "Mozilla/5.0 (iPhone; CPU iPhone OS 15_5 like Mac OS X) AppleWebKit/605.1.15 (KHTML, like Gecko) Version/15.5 Mobile/15E148 Safari/604.1"
78.199.58.236 - - [10/Jul/2022:12:10:29 +0000] "GET /visuels/massage.jpg HTTP/2.0" 200 26172 "https://www.materiel-esthetique.fr/" "Mozilla/5.0 (iPhone; CPU iPhone OS 15_5 like Mac OS X) AppleWebKit/605.1.15 (KHTML, like Gecko) Version/15.5 Mobile/15E148 Safari/604.1"
78.199.58.236 - - [10/Jul/2022:12:10:29 +0000] "GET /visuels/vagues-bottom.png HTTP/2.0" 200 18132 "https://www.materiel-esthetique.fr/" "Mozilla/5.0 (iPhone; CPU iPhone OS 15_5 like Mac OS X) AppleWebKit/605.1.15 (KHTML, like Gecko) Version/15.5 Mobile/15E148 Safari/604.1"
78.199.58.236 - - [10/Jul/2022:12:10:29 +0000] "GET /visuels/solarium.jpg HTTP/2.0" 200 30823 "https://www.materiel-esthetique.fr/" "Mozilla/5.0 (iPhone; CPU iPhone OS 15_5 like Mac OS X) AppleWebKit/605.1.15 (KHTML, like Gecko) Version/15.5 Mobile/15E148 Safari/604.1"
78.199.58.236 - - [10/Jul/2022:12:10:29 +0000] "GET /visuels/radiofrequence.jpg HTTP/2.0" 200 26179 "https://www.materiel-esthetique.fr/" "Mozilla/5.0 (iPhone; CPU iPhone OS 15_5 like Mac OS X) AppleWebKit/605.1.15 (KHTML, like Gecko) Version/15.5 Mobile/15E148 Safari/604.1"
78.199.58.236 - - [10/Jul/2022:12:10:29 +0000] "GET /tarteaucitron/lang/tarteaucitron.fr.js?v=323 HTTP/2.0" 200 1068 "https://www.materiel-esthetique.fr/" "Mozilla/5.0 (iPhone; CPU iPhone OS 15_5 like Mac OS X) AppleWebKit/605.1.15 (KHTML, like Gecko) Version/15.5 Mobile/15E148 Safari/604.1"
78.199.58.236 - - [10/Jul/2022:12:10:29 +0000] "GET /tarteaucitron/css/tarteaucitron.css?v=323 HTTP/2.0" 200 1977 "https://www.materiel-esthetique.fr/" "Mozilla/5.0 (iPhone; CPU iPhone OS 15_5 like Mac OS X) AppleWebKit/605.1.15 (KHTML, like Gecko) Version/15.5 Mobile/15E148 Safari/604.1"
78.199.58.236 - - [10/Jul/2022:12:10:29 +0000] "GET /tarteaucitron/tarteaucitron.services.js?v=323 HTTP/2.0" 200 9417 "https://www.materiel-esthetique.fr/" "Mozilla/5.0 (iPhone; CPU iPhone OS 15_5 like Mac OS X) AppleWebKit/605.1.15 (KHTML, like Gecko) Version/15.5 Mobile/15E148 Safari/604.1"
78.199.58.236 - - [10/Jul/2022:12:10:29 +0000] "GET /visuels/favicon.png HTTP/2.0" 200 2160 "https://www.materiel-esthetique.fr/" "Mozilla/5.0 (iPhone; CPU iPhone OS 15_5 like Mac OS X) AppleWebKit/605.1.15 (KHTML, like Gecko) Version/15.5 Mobile/15E148 Safari/604.1"
176.174.252.220 - - [10/Jul/2022:16:40:57 +0000] "GET /assets/styles.css HTTP/2.0" 200 2521 "https://www.materiel-esthetique.fr/" "Mozilla/5.0 (Windows NT 10.0; Win64; x64) AppleWebKit/537.36 (KHTML, like Gecko) Chrome/103.0.0.0 Safari/537.36"
176.174.252.220 - - [10/Jul/2022:16:40:57 +0000] "GET /assets/style.css HTTP/2.0" 200 4307 "https://www.materiel-esthetique.fr/" "Mozilla/5.0 (Windows NT 10.0; Win64; x64) AppleWebKit/537.36 (KHTML, like Gecko) Chrome/103.0.0.0 Safari/537.36"
176.174.252.220 - - [10/Jul/2022:16:40:57 +0000] "GET /tarteaucitron/tarteaucitron.js HTTP/2.0" 200 8823 "https://www.materiel-esthetique.fr/" "Mozilla/5.0 (Windows NT 10.0; Win64; x64) AppleWebKit/537.36 (KHTML, like Gecko) Chrome/103.0.0.0 Safari/537.36"
176.174.252.220 - - [10/Jul/2022:16:40:57 +0000] "GET /visuels/logo-esthetiquepro.png HTTP/2.0" 200 5415 "https://www.materiel-esthetique.fr/" "Mozilla/5.0 (Windows NT 10.0; Win64; x64) AppleWebKit/537.36 (KHTML, like Gecko) Chrome/103.0.0.0 Safari/537.36"
176.174.252.220 - - [10/Jul/2022:16:40:57 +0000] "GET /visuels/vagues-top.png HTTP/2.0" 200 18000 "https://www.materiel-esthetique.fr/" "Mozilla/5.0 (Windows NT 10.0; Win64; x64) AppleWebKit/537.36 (KHTML, like Gecko) Chrome/103.0.0.0 Safari/537.36"
