104.192.108.10 - - [06/Apr/2020:14:03:14 +0200] "GET /assets/index.js HTTP/1.1" 200 1817 "http://materiel-esthetique.fr/" "Mozilla/5.0 (Windows NT 10.0; Win64; x64) AppleWebKit/537.36 (KHTML, like Gecko) Chrome/78.0.3904.87 Safari/537.36"
104.192.108.10 - - [06/Apr/2020:14:03:14 +0200] "GET /visuels/vagues-top.png HTTP/1.1" 200 18295 "http://materiel-esthetique.fr/" "Mozilla/5.0 (Windows NT 10.0; Win64; x64) AppleWebKit/537.36 (KHTML, like Gecko) Chrome/78.0.3904.87 Safari/537.36"
104.192.108.10 - - [06/Apr/2020:14:03:14 +0200] "GET /visuels/amincissement-cryolipolyse.jpg HTTP/1.1" 200 47151 "http://materiel-esthetique.fr/" "Mozilla/5.0 (Windows NT 10.0; Win64; x64) AppleWebKit/537.36 (KHTML, like Gecko) Chrome/78.0.3904.87 Safari/537.36"
104.192.108.10 - - [06/Apr/2020:14:03:15 +0200] "GET /visuels/vagues-bottom.png HTTP/1.1" 200 18427 "http://materiel-esthetique.fr/" "Mozilla/5.0 (Windows NT 10.0; Win64; x64) AppleWebKit/537.36 (KHTML, like Gecko) Chrome/78.0.3904.87 Safari/537.36"
66.249.79.230 - - [06/Apr/2020:14:03:19 +0200] "GET /?qv.baby HTTP/1.1" 200 4748 "-" "Mozilla/5.0 (compatible; Googlebot/2.1; +http://www.google.com/bot.html)"
66.249.79.230 - - [06/Apr/2020:14:03:26 +0200] "GET /?crzl.gh HTTP/1.1" 200 4748 "-" "Mozilla/5.0 (compatible; Googlebot/2.1; +http://www.google.com/bot.html)"
82.252.135.249 - - [06/Apr/2020:14:03:30 +0200] "GET / HTTP/1.1" 200 4748 "-" "Mozilla/5.0 (Windows NT 10.0; Win64; x64) AppleWebKit/537.36 (KHTML, like Gecko) Chrome/80.0.3987.149 Safari/537.36"
82.252.135.249 - - [06/Apr/2020:14:03:30 +0200] "GET /assets/style.css HTTP/1.1" 200 4760 "http://www.materiel-esthetique.fr/" "Mozilla/5.0 (Windows NT 10.0; Win64; x64) AppleWebKit/537.36 (KHTML, like Gecko) Chrome/80.0.3987.149 Safari/537.36"
82.252.135.249 - - [06/Apr/2020:14:03:31 +0200] "GET /assets/styles.css HTTP/1.1" 200 3019 "http://www.materiel-esthetique.fr/" "Mozilla/5.0 (Windows NT 10.0; Win64; x64) AppleWebKit/537.36 (KHTML, like Gecko) Chrome/80.0.3987.149 Safari/537.36"
82.252.135.249 - - [06/Apr/2020:14:03:31 +0200] "GET /tarteaucitron/tarteaucitron.js HTTP/1.1" 200 9763 "http://www.materiel-esthetique.fr/" "Mozilla/5.0 (Windows NT 10.0; Win64; x64) AppleWebKit/537.36 (KHTML, like Gecko) Chrome/80.0.3987.149 Safari/537.36"
82.252.135.249 - - [06/Apr/2020:14:03:31 +0200] "GET /visuels/logo.png HTTP/1.1" 200 4435 "http://www.materiel-esthetique.fr/" "Mozilla/5.0 (Windows NT 10.0; Win64; x64) AppleWebKit/537.36 (KHTML, like Gecko) Chrome/80.0.3987.149 Safari/537.36"
82.252.135.249 - - [06/Apr/2020:14:03:31 +0200] "GET /visuels/logo-esthetiquepro.png HTTP/1.1" 200 6507 "http://www.materiel-esthetique.fr/" "Mozilla/5.0 (Windows NT 10.0; Win64; x64) AppleWebKit/537.36 (KHTML, like Gecko) Chrome/80.0.3987.149 Safari/537.36"
82.252.135.249 - - [06/Apr/2020:14:03:31 +0200] "GET /assets/index.js HTTP/1.1" 200 1816 "http://www.materiel-esthetique.fr/" "Mozilla/5.0 (Windows NT 10.0; Win64; x64) AppleWebKit/537.36 (KHTML, like Gecko) Chrome/80.0.3987.149 Safari/537.36"
82.252.135.249 - - [06/Apr/2020:14:03:31 +0200] "GET /visuels/vagues-top.png HTTP/1.1" 200 18295 "http://www.materiel-esthetique.fr/" "Mozilla/5.0 (Windows NT 10.0; Win64; x64) AppleWebKit/537.36 (KHTML, like Gecko) Chrome/80.0.3987.149 Safari/537.36"
82.252.135.249 - - [06/Apr/2020:14:03:31 +0200] "GET /visuels/vagues-bottom.png HTTP/1.1" 200 18427 "http://www.materiel-esthetique.fr/" "Mozilla/5.0 (Windows NT 10.0; Win64; x64) AppleWebKit/537.36 (KHTML, like Gecko) Chrome/80.0.3987.149 Safari/537.36"
82.252.135.249 - - [06/Apr/2020:14:03:31 +0200] "GET /visuels/amincissement-cryolipolyse.jpg HTTP/1.1" 200 47151 "http://www.materiel-esthetique.fr/" "Mozilla/5.0 (Windows NT 10.0; Win64; x64) AppleWebKit/537.36 (KHTML, like Gecko) Chrome/80.0.3987.149 Safari/537.36"
82.252.135.249 - - [06/Apr/2020:14:03:31 +0200] "GET /visuels/slide.jpg HTTP/1.1" 200 66641 "http://www.materiel-esthetique.fr/assets/style.css" "Mozilla/5.0 (Windows NT 10.0; Win64; x64) AppleWebKit/537.36 (KHTML, like Gecko) Chrome/80.0.3987.149 Safari/537.36"
82.252.135.249 - - [06/Apr/2020:14:03:31 +0200] "GET /visuels/bg-qui-sommes-nous.jpg HTTP/1.1" 200 161421 "http://www.materiel-esthetique.fr/assets/style.css" "Mozilla/5.0 (Windows NT 10.0; Win64; x64) AppleWebKit/537.36 (KHTML, like Gecko) Chrome/80.0.3987.149 Safari/537.36"
82.252.135.249 - - [06/Apr/2020:14:03:32 +0200] "GET /tarteaucitron/css/tarteaucitron.css?v=323 HTTP/1.1" 200 2494 "http://www.materiel-esthetique.fr/" "Mozilla/5.0 (Windows NT 10.0; Win64; x64) AppleWebKit/537.36 (KHTML, like Gecko) Chrome/80.0.3987.149 Safari/537.36"
82.252.135.249 - - [06/Apr/2020:14:03:32 +0200] "GET /tarteaucitron/lang/tarteaucitron.fr.js?v=323 HTTP/1.1" 200 1499 "http://www.materiel-esthetique.fr/" "Mozilla/5.0 (Windows NT 10.0; Win64; x64) AppleWebKit/537.36 (KHTML, like Gecko) Chrome/80.0.3987.149 Safari/537.36"
82.252.135.249 - - [06/Apr/2020:14:03:32 +0200] "GET /favicon.ico HTTP/1.1" 404 1107 "http://www.materiel-esthetique.fr/" "Mozilla/5.0 (Windows NT 10.0; Win64; x64) AppleWebKit/537.36 (KHTML, like Gecko) Chrome/80.0.3987.149 Safari/537.36"
82.252.135.249 - - [06/Apr/2020:14:03:32 +0200] "GET /tarteaucitron/tarteaucitron.services.js?v=323 HTTP/1.1" 200 10569 "http://www.materiel-esthetique.fr/" "Mozilla/5.0 (Windows NT 10.0; Win64; x64) AppleWebKit/537.36 (KHTML, like Gecko) Chrome/80.0.3987.149 Safari/537.36"
66.249.79.232 - - [06/Apr/2020:14:03:33 +0200] "GET /hd8 HTTP/1.1" 404 1108 "-" "Mozilla/5.0 (compatible; Googlebot/2.1; +http://www.google.com/bot.html)"
46.229.168.163 - - [06/Apr/2020:14:03:34 +0200] "GET /index.php/vl4gdinmd5k8okl2prcqaoo2isyr2qlk HTTP/1.1" 200 4711 "-" "Mozilla/5.0 (compatible; SemrushBot/6~bl; +http://www.semrush.com/bot.html)"
66.249.79.230 - - [06/Apr/2020:14:03:40 +0200] "GET /?8pgv.sa HTTP/1.1" 200 4748 "-" "Mozilla/5.0 (compatible; Googlebot/2.1; +http://www.google.com/bot.html)"
66.249.79.230 - - [06/Apr/2020:14:03:48 +0200] "GET /qrc HTTP/1.1" 404 1108 "-" "Mozilla/5.0 (compatible; Googlebot/2.1; +http://www.google.com/bot.html)"
66.249.79.230 - - [06/Apr/2020:14:03:55 +0200] "GET /?t1.baby HTTP/1.1" 200 4748 "-" "Mozilla/5.0 (compatible; Googlebot/2.1; +http://www.google.com/bot.html)"
66.249.79.230 - - [06/Apr/2020:14:04:02 +0200] "GET /?2ybwkfm HTTP/1.1" 200 4748 "-" "Mozilla/5.0 (compatible; Googlebot/2.1; +http://www.google.com/bot.html)"
66.249.79.230 - - [06/Apr/2020:14:04:09 +0200] "GET /?esk7.kn HTTP/1.1" 200 4748 "-" "Mozilla/5.0 (compatible; Googlebot/2.1; +http://www.google.com/bot.html)"
66.249.79.230 - - [06/Apr/2020:14:04:16 +0200] "GET /?mah.php HTTP/1.1" 200 4748 "-" "Mozilla/5.0 (compatible; Googlebot/2.1; +http://www.google.com/bot.html)"
66.249.79.230 - - [06/Apr/2020:14:04:23 +0200] "GET /?fmif.am HTTP/1.1" 200 4748 "-" "Mozilla/5.0 (compatible; Googlebot/2.1; +http://www.google.com/bot.html)"
66.249.79.230 - - [06/Apr/2020:14:04:31 +0200] "GET /?djlg.sh HTTP/1.1" 200 4748 "-" "Mozilla/5.0 (compatible; Googlebot/2.1; +http://www.google.com/bot.html)"
46.229.168.163 - - [06/Apr/2020:14:04:32 +0200] "GET /index.php/5666hh.vin HTTP/1.1" 200 4711 "-" "Mozilla/5.0 (compatible; SemrushBot/6~bl; +http://www.semrush.com/bot.html)"
66.249.79.230 - - [06/Apr/2020:14:04:38 +0200] "GET /?1sif.tz HTTP/1.1" 200 4748 "-" "Mozilla/5.0 (compatible; Googlebot/2.1; +http://www.google.com/bot.html)"
66.249.79.232 - - [06/Apr/2020:14:04:45 +0200] "GET /?x71k.sg HTTP/1.1" 200 4748 "-" "Mozilla/5.0 (compatible; Googlebot/2.1; +http://www.google.com/bot.html)"
66.249.79.230 - - [06/Apr/2020:14:04:52 +0200] "GET /?fd63dtj HTTP/1.1" 200 4748 "-" "Mozilla/5.0 (compatible; Googlebot/2.1; +http://www.google.com/bot.html)"
192.184.46.243 - - [06/Apr/2020:14:04:55 +0200] "GET //modules/smartprestashopthemeadmin/upload/hx.php?gc=2397&dm=jppr2.xyz&fl=index.php&rn=637218000891700000&id=2397 HTTP/1.1" 404 1108 "-" "Mozilla/5.0 (compatible; MSIE 9.0; Windows NT 6.1; Trident/5.0)"
192.184.46.243 - - [06/Apr/2020:14:04:55 +0200] "GET //modules/smartprestashopthemeadmin/upload/hx.php?gc=2397&dm=jppr2.xyz&fl=index.php&rn=637218000895293750&id=2397 HTTP/1.1" 404 1052 "-" "Mozilla/5.0 (compatible; MSIE 9.0; Windows NT 6.1; Trident/5.0)"
192.184.46.243 - - [06/Apr/2020:14:04:55 +0200] "GET //modules/smartprestashopthemeadmin/upload/hx.php?gc=2397&dm=jppr2.xyz&fl=index.php&rn=637218000897481250&id=2397 HTTP/1.1" 404 1052 "-" "Mozilla/5.0 (compatible; MSIE 9.0; Windows NT 6.1; Trident/5.0)"
66.249.79.230 - - [06/Apr/2020:14:04:59 +0200] "GET /?du1071s HTTP/1.1" 200 4748 "-" "Mozilla/5.0 (compatible; Googlebot/2.1; +http://www.google.com/bot.html)"
66.249.79.230 - - [06/Apr/2020:14:05:06 +0200] "GET /?kie7.bt HTTP/1.1" 200 4748 "-" "Mozilla/5.0 (compatible; Googlebot/2.1; +http://www.google.com/bot.html)"
66.249.79.230 - - [06/Apr/2020:14:05:14 +0200] "GET /?bfdk.vu HTTP/1.1" 200 4748 "-" "Mozilla/5.0 (compatible; Googlebot/2.1; +http://www.google.com/bot.html)"
66.249.79.230 - - [06/Apr/2020:14:05:21 +0200] "GET /?vfxj.tj HTTP/1.1" 200 4748 "-" "Mozilla/5.0 (compatible; Googlebot/2.1; +http://www.google.com/bot.html)"
66.249.79.230 - - [06/Apr/2020:14:05:28 +0200] "GET /?xhaixa2 HTTP/1.1" 200 4748 "-" "Mozilla/5.0 (compatible; Googlebot/2.1; +http://www.google.com/bot.html)"
66.249.79.234 - - [06/Apr/2020:14:05:35 +0200] "GET /?g1ulnzq HTTP/1.1" 200 4748 "-" "Mozilla/5.0 (compatible; Googlebot/2.1; +http://www.google.com/bot.html)"
66.249.79.232 - - [06/Apr/2020:14:05:42 +0200] "GET /?9bv4mdx HTTP/1.1" 200 4748 "-" "Mozilla/5.0 (compatible; Googlebot/2.1; +http://www.google.com/bot.html)"
66.249.79.230 - - [06/Apr/2020:14:05:49 +0200] "GET /?coh9.gl HTTP/1.1" 200 4748 "-" "Mozilla/5.0 (compatible; Googlebot/2.1; +http://www.google.com/bot.html)"
46.229.168.151 - - [06/Apr/2020:14:05:55 +0200] "GET /index.php/dv3xatn28k1oo6u6pfg27sqtlcing6x6n9d.camera HTTP/1.1" 200 4711 "-" "Mozilla/5.0 (compatible; SemrushBot/6~bl; +http://www.semrush.com/bot.html)"
66.249.79.230 - - [06/Apr/2020:14:05:57 +0200] "GET /?guo2.tp HTTP/1.1" 200 4748 "-" "Mozilla/5.0 (compatible; Googlebot/2.1; +http://www.google.com/bot.html)"
66.249.79.230 - - [06/Apr/2020:14:06:04 +0200] "GET /?wgzr.to HTTP/1.1" 200 4748 "-" "Mozilla/5.0 (compatible; Googlebot/2.1; +http://www.google.com/bot.html)"
46.229.168.140 - - [06/Apr/2020:14:06:08 +0200] "GET /index.php/2s471d6p.lv HTTP/1.1" 200 4711 "-" "Mozilla/5.0 (compatible; SemrushBot/6~bl; +http://www.semrush.com/bot.html)"
66.249.79.230 - - [06/Apr/2020:14:06:11 +0200] "GET /?rb0x.sj HTTP/1.1" 200 4748 "-" "Mozilla/5.0 (compatible; Googlebot/2.1; +http://www.google.com/bot.html)"
66.249.79.230 - - [06/Apr/2020:14:06:18 +0200] "GET /?sg37.ke HTTP/1.1" 200 4748 "-" "Mozilla/5.0 (compatible; Googlebot/2.1; +http://www.google.com/bot.html)"
40.77.167.36 - - [06/Apr/2020:14:06:21 +0200] "GET /9l7ef5ja.website HTTP/1.1" 404 1108 "-" "msnbot/2.0b (+http://search.msn.com/msnbot.htm)"
66.249.79.230 - - [06/Apr/2020:14:06:25 +0200] "GET /?dvmgmgr HTTP/1.1" 200 4748 "-" "Mozilla/5.0 (compatible; Googlebot/2.1; +http://www.google.com/bot.html)"
66.249.79.230 - - [06/Apr/2020:14:06:32 +0200] "GET /?3a7.tax HTTP/1.1" 200 4748 "-" "Mozilla/5.0 (compatible; Googlebot/2.1; +http://www.google.com/bot.html)"
66.249.79.232 - - [06/Apr/2020:14:06:40 +0200] "GET /vst HTTP/1.1" 404 1108 "-" "Mozilla/5.0 (compatible; Googlebot/2.1; +http://www.google.com/bot.html)"
66.249.79.230 - - [06/Apr/2020:14:06:47 +0200] "GET /?znuk.bt HTTP/1.1" 200 4748 "-" "Mozilla/5.0 (compatible; Googlebot/2.1; +http://www.google.com/bot.html)"
18.178.251.24 - - [06/Apr/2020:14:06:53 +0200] "GET //modules/smartprestashopthemeadmin/upload/hx.php HTTP/1.1" 404 1052 "https://google.com" "Mozilla/5.0 (Windows NT 6.1; Win64; x64) AppleWebKit/537.36 (KHTML, like Gecko) Chrome/64.0.3282.167 Safari/537.36"
66.249.79.230 - - [06/Apr/2020:14:06:54 +0200] "GET /?cbnejrp HTTP/1.1" 200 4748 "-" "Mozilla/5.0 (compatible; Googlebot/2.1; +http://www.google.com/bot.html)"
66.249.79.230 - - [06/Apr/2020:14:07:01 +0200] "GET /?sdb.ltd HTTP/1.1" 200 4748 "-" "Mozilla/5.0 (compatible; Googlebot/2.1; +http://www.google.com/bot.html)"
66.249.79.230 - - [06/Apr/2020:14:07:08 +0200] "GET /?v79r.pt HTTP/1.1" 200 4748 "-" "Mozilla/5.0 (compatible; Googlebot/2.1; +http://www.google.com/bot.html)"
66.249.79.230 - - [06/Apr/2020:14:07:18 +0200] "GET /?al.plus HTTP/1.1" 200 4748 "-" "Mozilla/5.0 (compatible; Googlebot/2.1; +http://www.google.com/bot.html)"
66.249.79.230 - - [06/Apr/2020:14:07:23 +0200] "GET /?fr6g.nl HTTP/1.1" 200 4748 "-" "Mozilla/5.0 (compatible; Googlebot/2.1; +http://www.google.com/bot.html)"
46.229.168.135 - - [06/Apr/2020:14:07:29 +0200] "GET /index.php/87ohsu5lcxspf6mvwlqvf8h5b9chtg70q2626py8vv2cbu2e7.au HTTP/1.1" 200 4711 "-" "Mozilla/5.0 (compatible; SemrushBot/6~bl; +http://www.semrush.com/bot.html)"
66.249.79.230 - - [06/Apr/2020:14:07:30 +0200] "GET /?17xg.mg HTTP/1.1" 200 4748 "-" "Mozilla/5.0 (compatible; Googlebot/2.1; +http://www.google.com/bot.html)"
66.249.79.230 - - [06/Apr/2020:14:07:31 +0200] "GET /?62s8 HTTP/1.1" 200 4747 "-" "Mozilla/5.0 (Linux; Android 6.0.1; Nexus 5X Build/MMB29P) AppleWebKit/537.36 (KHTML, like Gecko) Chrome/41.0.2272.96 Mobile Safari/537.36 (compatible; Googlebot/2.1; +http://www.google.com/bot.html)"
66.249.79.234 - - [06/Apr/2020:14:07:37 +0200] "GET /?0iim.sa HTTP/1.1" 200 4748 "-" "Mozilla/5.0 (compatible; Googlebot/2.1; +http://www.google.com/bot.html)"
66.249.79.232 - - [06/Apr/2020:14:07:44 +0200] "GET /?v42l.ke HTTP/1.1" 200 4748 "-" "Mozilla/5.0 (compatible; Googlebot/2.1; +http://www.google.com/bot.html)"
66.249.79.230 - - [06/Apr/2020:14:07:51 +0200] "GET /?252s3bo HTTP/1.1" 200 4748 "-" "Mozilla/5.0 (compatible; Googlebot/2.1; +http://www.google.com/bot.html)"
66.249.79.230 - - [06/Apr/2020:14:07:58 +0200] "GET /?a0i.bid HTTP/1.1" 200 4748 "-" "Mozilla/5.0 (compatible; Googlebot/2.1; +http://www.google.com/bot.html)"
66.249.79.230 - - [06/Apr/2020:14:08:06 +0200] "GET /?vl1o.sj HTTP/1.1" 200 4748 "-" "Mozilla/5.0 (compatible; Googlebot/2.1; +http://www.google.com/bot.html)"
66.249.79.230 - - [06/Apr/2020:14:08:13 +0200] "GET /?32wz.mc HTTP/1.1" 200 4748 "-" "Mozilla/5.0 (compatible; Googlebot/2.1; +http://www.google.com/bot.html)"
66.249.79.230 - - [06/Apr/2020:14:08:20 +0200] "GET /?mi7y.cd HTTP/1.1" 200 4748 "-" "Mozilla/5.0 (compatible; Googlebot/2.1; +http://www.google.com/bot.html)"
66.249.79.230 - - [06/Apr/2020:14:08:27 +0200] "GET /?uwqt.kp HTTP/1.1" 200 4748 "-" "Mozilla/5.0 (compatible; Googlebot/2.1; +http://www.google.com/bot.html)"
66.249.79.230 - - [06/Apr/2020:14:08:34 +0200] "GET /?1700.bj HTTP/1.1" 200 4748 "-" "Mozilla/5.0 (compatible; Googlebot/2.1; +http://www.google.com/bot.html)"
66.249.79.230 - - [06/Apr/2020:14:08:42 +0200] "GET /?m.watch HTTP/1.1" 200 4748 "-" "Mozilla/5.0 (compatible; Googlebot/2.1; +http://www.google.com/bot.html)"
66.249.79.230 - - [06/Apr/2020:14:08:49 +0200] "GET /?jzlm.ir HTTP/1.1" 200 4748 "-" "Mozilla/5.0 (compatible; Googlebot/2.1; +http://www.google.com/bot.html)"
66.249.79.230 - - [06/Apr/2020:14:08:50 +0200] "GET /34oku48c0y.tl HTTP/1.1" 404 1107 "-" "Mozilla/5.0 (compatible; Googlebot/2.1; +http://www.google.com/bot.html)"
66.249.79.230 - - [06/Apr/2020:14:08:56 +0200] "GET /?fooq.gl HTTP/1.1" 200 4748 "-" "Mozilla/5.0 (compatible; Googlebot/2.1; +http://www.google.com/bot.html)"
66.249.79.230 - - [06/Apr/2020:14:09:03 +0200] "GET /?mhpjk4u HTTP/1.1" 200 4748 "-" "Mozilla/5.0 (compatible; Googlebot/2.1; +http://www.google.com/bot.html)"
66.249.79.230 - - [06/Apr/2020:14:09:10 +0200] "GET /?3lgb.gu HTTP/1.1" 200 4655 "-" "Mozilla/5.0 (compatible; Googlebot/2.1; +http://www.google.com/bot.html)"
195.154.222.29 - - [06/Apr/2020:14:09:16 +0200] "GET /55rtr HTTP/1.1" 404 1108 "-" "Mozilla/5.0 (Windows NT 10.0; Win64; x64) AppleWebKit/537.36 (KHTML, like Gecko) Chrome/78.0.3904.108 Safari/537.36"
195.154.222.29 - - [06/Apr/2020:14:09:16 +0200] "GET / HTTP/1.1" 200 4655 "-" "Mozilla/5.0 (Windows NT 10.0; Win64; x64) AppleWebKit/537.36 (KHTML, like Gecko) Chrome/78.0.3904.108 Safari/537.36"
66.249.79.230 - - [06/Apr/2020:14:09:17 +0200] "GET /?5ezo.st HTTP/1.1" 200 4655 "-" "Mozilla/5.0 (compatible; Googlebot/2.1; +http://www.google.com/bot.html)"
66.249.79.230 - - [06/Apr/2020:14:09:25 +0200] "GET /?w0bt.sk HTTP/1.1" 200 4655 "-" "Mozilla/5.0 (compatible; Googlebot/2.1; +http://www.google.com/bot.html)"
192.184.46.243 - - [06/Apr/2020:14:09:29 +0200] "GET //modules/smartprestashopthemeadmin/upload/hx.php?gc=2397&dm=jppr2.xyz&fl=index.php&rn=637218003629825000&id=2397 HTTP/1.1" 404 1108 "-" "Mozilla/5.0 (compatible; MSIE 9.0; Windows NT 6.1; Trident/5.0)"
192.184.46.243 - - [06/Apr/2020:14:09:29 +0200] "GET //modules/smartprestashopthemeadmin/upload/hx.php?gc=2397&dm=jppr2.xyz&fl=index.php&rn=637218003633262500&id=2397 HTTP/1.1" 404 1052 "-" "Mozilla/5.0 (compatible; MSIE 9.0; Windows NT 6.1; Trident/5.0)"
192.184.46.243 - - [06/Apr/2020:14:09:29 +0200] "GET //modules/smartprestashopthemeadmin/upload/hx.php?gc=2397&dm=jppr2.xyz&fl=index.php&rn=637218003635137500&id=2397 HTTP/1.1" 404 1052 "-" "Mozilla/5.0 (compatible; MSIE 9.0; Windows NT 6.1; Trident/5.0)"
66.249.79.234 - - [06/Apr/2020:14:09:32 +0200] "GET /?ncou.sg HTTP/1.1" 200 4655 "-" "Mozilla/5.0 (compatible; Googlebot/2.1; +http://www.google.com/bot.html)"
66.249.79.232 - - [06/Apr/2020:14:09:39 +0200] "GET /?in1lvf4 HTTP/1.1" 200 4655 "-" "Mozilla/5.0 (compatible; Googlebot/2.1; +http://www.google.com/bot.html)"
46.229.168.148 - - [06/Apr/2020:14:10:01 +0200] "GET /index.php/i5y38kt6g0cwt4r HTTP/1.1" 200 4618 "-" "Mozilla/5.0 (compatible; SemrushBot/6~bl; +http://www.semrush.com/bot.html)"
46.229.168.144 - - [06/Apr/2020:14:10:48 +0200] "GET /index.php/ics.domains HTTP/1.1" 200 4618 "-" "Mozilla/5.0 (compatible; SemrushBot/6~bl; +http://www.semrush.com/bot.html)"
40.77.167.37 - - [06/Apr/2020:14:10:48 +0200] "GET /57cn1rm.tl HTTP/1.1" 404 1108 "-" "Mozilla/5.0 (compatible; bingbot/2.0; +http://www.bing.com/bingbot.htm)"
18.178.251.24 - - [06/Apr/2020:14:10:59 +0200] "GET //modules/smartprestashopthemeadmin/upload/26.php HTTP/1.1" 404 1052 "https://google.com" "Mozilla/5.0 (Windows NT 6.1) AppleWebKit/537.36 (KHTML, like Gecko) Chrome/65.0.3325.181 Safari/537.36"
109.215.180.16 - - [06/Apr/2020:14:11:11 +0200] "GET / HTTP/1.1" 200 4655 "-" "Mozilla/5.0 (Windows NT 10.0; Win64; x64) AppleWebKit/537.36 (KHTML, like Gecko) Chrome/80.0.3987.149 Safari/537.36"
109.215.180.16 - - [06/Apr/2020:14:11:11 +0200] "GET /assets/style.css HTTP/1.1" 200 4765 "http://materiel-esthetique.fr.62-210-196-167.preview03.netizis.fr/" "Mozilla/5.0 (Windows NT 10.0; Win64; x64) AppleWebKit/537.36 (KHTML, like Gecko) Chrome/80.0.3987.149 Safari/537.36"
109.215.180.16 - - [06/Apr/2020:14:11:11 +0200] "GET /assets/styles.css HTTP/1.1" 200 3029 "http://materiel-esthetique.fr.62-210-196-167.preview03.netizis.fr/" "Mozilla/5.0 (Windows NT 10.0; Win64; x64) AppleWebKit/537.36 (KHTML, like Gecko) Chrome/80.0.3987.149 Safari/537.36"
109.215.180.16 - - [06/Apr/2020:14:11:11 +0200] "GET /tarteaucitron/tarteaucitron.js HTTP/1.1" 200 9764 "http://materiel-esthetique.fr.62-210-196-167.preview03.netizis.fr/" "Mozilla/5.0 (Windows NT 10.0; Win64; x64) AppleWebKit/537.36 (KHTML, like Gecko) Chrome/80.0.3987.149 Safari/537.36"
109.215.180.16 - - [06/Apr/2020:14:11:11 +0200] "GET /visuels/logo.png HTTP/1.1" 200 4435 "http://materiel-esthetique.fr.62-210-196-167.preview03.netizis.fr/" "Mozilla/5.0 (Windows NT 10.0; Win64; x64) AppleWebKit/537.36 (KHTML, like Gecko) Chrome/80.0.3987.149 Safari/537.36"
109.215.180.16 - - [06/Apr/2020:14:11:11 +0200] "GET /visuels/logo-esthetiquepro.png HTTP/1.1" 200 6507 "http://materiel-esthetique.fr.62-210-196-167.preview03.netizis.fr/" "Mozilla/5.0 (Windows NT 10.0; Win64; x64) AppleWebKit/537.36 (KHTML, like Gecko) Chrome/80.0.3987.149 Safari/537.36"
109.215.180.16 - - [06/Apr/2020:14:11:11 +0200] "GET /visuels/vagues-top.png HTTP/1.1" 200 18295 "http://materiel-esthetique.fr.62-210-196-167.preview03.netizis.fr/" "Mozilla/5.0 (Windows NT 10.0; Win64; x64) AppleWebKit/537.36 (KHTML, like Gecko) Chrome/80.0.3987.149 Safari/537.36"
109.215.180.16 - - [06/Apr/2020:14:11:11 +0200] "GET /visuels/amincissement-cryolipolyse.jpg HTTP/1.1" 200 47151 "http://materiel-esthetique.fr.62-210-196-167.preview03.netizis.fr/" "Mozilla/5.0 (Windows NT 10.0; Win64; x64) AppleWebKit/537.36 (KHTML, like Gecko) Chrome/80.0.3987.149 Safari/537.36"
109.215.180.16 - - [06/Apr/2020:14:11:11 +0200] "GET /assets/index.js HTTP/1.1" 200 1816 "http://materiel-esthetique.fr.62-210-196-167.preview03.netizis.fr/" "Mozilla/5.0 (Windows NT 10.0; Win64; x64) AppleWebKit/537.36 (KHTML, like Gecko) Chrome/80.0.3987.149 Safari/537.36"
109.215.180.16 - - [06/Apr/2020:14:11:11 +0200] "GET /visuels/vagues-bottom.png HTTP/1.1" 200 18427 "http://materiel-esthetique.fr.62-210-196-167.preview03.netizis.fr/" "Mozilla/5.0 (Windows NT 10.0; Win64; x64) AppleWebKit/537.36 (KHTML, like Gecko) Chrome/80.0.3987.149 Safari/537.36"
109.215.180.16 - - [06/Apr/2020:14:11:11 +0200] "GET /visuels/slide.jpg HTTP/1.1" 200 66640 "http://materiel-esthetique.fr.62-210-196-167.preview03.netizis.fr/assets/style.css" "Mozilla/5.0 (Windows NT 10.0; Win64; x64) AppleWebKit/537.36 (KHTML, like Gecko) Chrome/80.0.3987.149 Safari/537.36"
109.215.180.16 - - [06/Apr/2020:14:11:11 +0200] "GET /visuels/bg-qui-sommes-nous.jpg HTTP/1.1" 200 161420 "http://materiel-esthetique.fr.62-210-196-167.preview03.netizis.fr/assets/style.css" "Mozilla/5.0 (Windows NT 10.0; Win64; x64) AppleWebKit/537.36 (KHTML, like Gecko) Chrome/80.0.3987.149 Safari/537.36"
109.215.180.16 - - [06/Apr/2020:14:11:13 +0200] "GET /tarteaucitron/css/tarteaucitron.css?v=323 HTTP/1.1" 200 2494 "http://materiel-esthetique.fr.62-210-196-167.preview03.netizis.fr/" "Mozilla/5.0 (Windows NT 10.0; Win64; x64) AppleWebKit/537.36 (KHTML, like Gecko) Chrome/80.0.3987.149 Safari/537.36"
109.215.180.16 - - [06/Apr/2020:14:11:13 +0200] "GET /tarteaucitron/lang/tarteaucitron.fr.js?v=323 HTTP/1.1" 200 1499 "http://materiel-esthetique.fr.62-210-196-167.preview03.netizis.fr/" "Mozilla/5.0 (Windows NT 10.0; Win64; x64) AppleWebKit/537.36 (KHTML, like Gecko) Chrome/80.0.3987.149 Safari/537.36"
109.215.180.16 - - [06/Apr/2020:14:11:13 +0200] "GET /favicon.ico HTTP/1.1" 404 1107 "http://materiel-esthetique.fr.62-210-196-167.preview03.netizis.fr/" "Mozilla/5.0 (Windows NT 10.0; Win64; x64) AppleWebKit/537.36 (KHTML, like Gecko) Chrome/80.0.3987.149 Safari/537.36"
109.215.180.16 - - [06/Apr/2020:14:11:13 +0200] "GET /tarteaucitron/tarteaucitron.services.js?v=323 HTTP/1.1" 200 10569 "http://materiel-esthetique.fr.62-210-196-167.preview03.netizis.fr/" "Mozilla/5.0 (Windows NT 10.0; Win64; x64) AppleWebKit/537.36 (KHTML, like Gecko) Chrome/80.0.3987.149 Safari/537.36"
109.215.180.16 - - [06/Apr/2020:14:11:13 +0200] "GET /images/cookie.png HTTP/1.1" 404 1107 "http://materiel-esthetique.fr.62-210-196-167.preview03.netizis.fr/assets/styles.css" "Mozilla/5.0 (Windows NT 10.0; Win64; x64) AppleWebKit/537.36 (KHTML, like Gecko) Chrome/80.0.3987.149 Safari/537.36"
46.229.168.131 - - [06/Apr/2020:14:11:46 +0200] "GET /index.php/pi0mhywwzx HTTP/1.1" 200 4618 "-" "Mozilla/5.0 (compatible; SemrushBot/6~bl; +http://www.semrush.com/bot.html)"
40.77.167.99 - - [06/Apr/2020:14:12:09 +0200] "GET /lt9tcuhmdogh.sz HTTP/1.1" 404 1108 "-" "Mozilla/5.0 (compatible; bingbot/2.0; +http://www.bing.com/bingbot.htm)"
66.249.79.234 - - [06/Apr/2020:14:12:24 +0200] "GET /?yxe1amh HTTP/1.1" 200 4655 "-" "Mozilla/5.0 (compatible; Googlebot/2.1; +http://www.google.com/bot.html)"
46.229.168.140 - - [06/Apr/2020:14:12:26 +0200] "GET /index.php/pfzfgq8nyv.fund HTTP/1.1" 200 4618 "-" "Mozilla/5.0 (compatible; SemrushBot/6~bl; +http://www.semrush.com/bot.html)"
91.174.38.68 - - [06/Apr/2020:14:13:07 +0200] "GET / HTTP/1.1" 200 4655 "-" "Mozilla/5.0 (Linux; Android 6.0.1; SM-T800) AppleWebKit/537.36 (KHTML, like Gecko) Chrome/77.0.3865.116 Safari/537.36 EdgA/45.02.2.4931"
91.174.38.68 - - [06/Apr/2020:14:13:08 +0200] "GET /assets/style.css HTTP/1.1" 200 4765 "http://www.materiel-esthetique.fr/" "Mozilla/5.0 (Linux; Android 6.0.1; SM-T800) AppleWebKit/537.36 (KHTML, like Gecko) Chrome/77.0.3865.116 Safari/537.36 EdgA/45.02.2.4931"
91.174.38.68 - - [06/Apr/2020:14:13:08 +0200] "GET /assets/styles.css HTTP/1.1" 200 3029 "http://www.materiel-esthetique.fr/" "Mozilla/5.0 (Linux; Android 6.0.1; SM-T800) AppleWebKit/537.36 (KHTML, like Gecko) Chrome/77.0.3865.116 Safari/537.36 EdgA/45.02.2.4931"
91.174.38.68 - - [06/Apr/2020:14:13:08 +0200] "GET /tarteaucitron/tarteaucitron.js HTTP/1.1" 200 9764 "http://www.materiel-esthetique.fr/" "Mozilla/5.0 (Linux; Android 6.0.1; SM-T800) AppleWebKit/537.36 (KHTML, like Gecko) Chrome/77.0.3865.116 Safari/537.36 EdgA/45.02.2.4931"
91.174.38.68 - - [06/Apr/2020:14:13:08 +0200] "GET /visuels/logo.png HTTP/1.1" 200 4435 "http://www.materiel-esthetique.fr/" "Mozilla/5.0 (Linux; Android 6.0.1; SM-T800) AppleWebKit/537.36 (KHTML, like Gecko) Chrome/77.0.3865.116 Safari/537.36 EdgA/45.02.2.4931"
91.174.38.68 - - [06/Apr/2020:14:13:08 +0200] "GET /visuels/logo-esthetiquepro.png HTTP/1.1" 200 6507 "http://www.materiel-esthetique.fr/" "Mozilla/5.0 (Linux; Android 6.0.1; SM-T800) AppleWebKit/537.36 (KHTML, like Gecko) Chrome/77.0.3865.116 Safari/537.36 EdgA/45.02.2.4931"
91.174.38.68 - - [06/Apr/2020:14:13:09 +0200] "GET /assets/index.js HTTP/1.1" 200 1816 "http://www.materiel-esthetique.fr/" "Mozilla/5.0 (Linux; Android 6.0.1; SM-T800) AppleWebKit/537.36 (KHTML, like Gecko) Chrome/77.0.3865.116 Safari/537.36 EdgA/45.02.2.4931"
91.174.38.68 - - [06/Apr/2020:14:13:09 +0200] "GET /visuels/vagues-top.png HTTP/1.1" 200 18295 "http://www.materiel-esthetique.fr/" "Mozilla/5.0 (Linux; Android 6.0.1; SM-T800) AppleWebKit/537.36 (KHTML, like Gecko) Chrome/77.0.3865.116 Safari/537.36 EdgA/45.02.2.4931"
91.174.38.68 - - [06/Apr/2020:14:13:09 +0200] "GET /visuels/amincissement-cryolipolyse.jpg HTTP/1.1" 200 47151 "http://www.materiel-esthetique.fr/" "Mozilla/5.0 (Linux; Android 6.0.1; SM-T800) AppleWebKit/537.36 (KHTML, like Gecko) Chrome/77.0.3865.116 Safari/537.36 EdgA/45.02.2.4931"
91.174.38.68 - - [06/Apr/2020:14:13:09 +0200] "GET /visuels/vagues-bottom.png HTTP/1.1" 200 18427 "http://www.materiel-esthetique.fr/" "Mozilla/5.0 (Linux; Android 6.0.1; SM-T800) AppleWebKit/537.36 (KHTML, like Gecko) Chrome/77.0.3865.116 Safari/537.36 EdgA/45.02.2.4931"
91.174.38.68 - - [06/Apr/2020:14:13:09 +0200] "GET /visuels/slide.jpg HTTP/1.1" 200 66640 "http://www.materiel-esthetique.fr/assets/style.css" "Mozilla/5.0 (Linux; Android 6.0.1; SM-T800) AppleWebKit/537.36 (KHTML, like Gecko) Chrome/77.0.3865.116 Safari/537.36 EdgA/45.02.2.4931"
91.174.38.68 - - [06/Apr/2020:14:13:09 +0200] "GET /visuels/bg-qui-sommes-nous.jpg HTTP/1.1" 200 161420 "http://www.materiel-esthetique.fr/assets/style.css" "Mozilla/5.0 (Linux; Android 6.0.1; SM-T800) AppleWebKit/537.36 (KHTML, like Gecko) Chrome/77.0.3865.116 Safari/537.36 EdgA/45.02.2.4931"
91.174.38.68 - - [06/Apr/2020:14:13:11 +0200] "GET /tarteaucitron/css/tarteaucitron.css?v=323 HTTP/1.1" 200 2494 "http://www.materiel-esthetique.fr/" "Mozilla/5.0 (Linux; Android 6.0.1; SM-T800) AppleWebKit/537.36 (KHTML, like Gecko) Chrome/77.0.3865.116 Safari/537.36 EdgA/45.02.2.4931"
91.174.38.68 - - [06/Apr/2020:14:13:11 +0200] "GET /tarteaucitron/lang/tarteaucitron.fr.js?v=323 HTTP/1.1" 200 1499 "http://www.materiel-esthetique.fr/" "Mozilla/5.0 (Linux; Android 6.0.1; SM-T800) AppleWebKit/537.36 (KHTML, like Gecko) Chrome/77.0.3865.116 Safari/537.36 EdgA/45.02.2.4931"
91.174.38.68 - - [06/Apr/2020:14:13:11 +0200] "GET /favicon.ico HTTP/1.1" 404 1107 "http://www.materiel-esthetique.fr/" "Mozilla/5.0 (Linux; Android 6.0.1; SM-T800) AppleWebKit/537.36 (KHTML, like Gecko) Chrome/77.0.3865.116 Safari/537.36 EdgA/45.02.2.4931"
91.174.38.68 - - [06/Apr/2020:14:13:11 +0200] "GET /tarteaucitron/tarteaucitron.services.js?v=323 HTTP/1.1" 200 10569 "http://www.materiel-esthetique.fr/" "Mozilla/5.0 (Linux; Android 6.0.1; SM-T800) AppleWebKit/537.36 (KHTML, like Gecko) Chrome/77.0.3865.116 Safari/537.36 EdgA/45.02.2.4931"
91.174.38.68 - - [06/Apr/2020:14:13:14 +0200] "GET /index.php HTTP/1.1" 200 4654 "http://www.materiel-esthetique.fr/" "Mozilla/5.0 (Linux; Android 6.0.1; SM-T800) AppleWebKit/537.36 (KHTML, like Gecko) Chrome/77.0.3865.116 Safari/537.36 EdgA/45.02.2.4931"
91.174.38.68 - - [06/Apr/2020:14:13:17 +0200] "GET /images/cookie.png HTTP/1.1" 404 1107 "http://www.materiel-esthetique.fr/assets/styles.css" "Mozilla/5.0 (Linux; Android 6.0.1; SM-T800) AppleWebKit/537.36 (KHTML, like Gecko) Chrome/77.0.3865.116 Safari/537.36 EdgA/45.02.2.4931"
91.174.38.68 - - [06/Apr/2020:14:13:23 +0200] "GET /visuels/amincissement-bioimpedancemetrie.jpg HTTP/1.1" 200 79185 "http://www.materiel-esthetique.fr/index.php" "Mozilla/5.0 (Linux; Android 6.0.1; SM-T800) AppleWebKit/537.36 (KHTML, like Gecko) Chrome/77.0.3865.116 Safari/537.36 EdgA/45.02.2.4931"
46.229.168.154 - - [06/Apr/2020:14:13:25 +0200] "GET /index.php/4ftkqf3uyy7454q6w69x6z3m7a200cq5.sl HTTP/1.1" 200 4618 "-" "Mozilla/5.0 (compatible; SemrushBot/6~bl; +http://www.semrush.com/bot.html)"
192.184.46.243 - - [06/Apr/2020:14:13:57 +0200] "GET //modules/smartprestashopthemeadmin/upload/hx.php?gc=2397&dm=jppr2.xyz&fl=index.php&rn=637218006315606250&id=2397 HTTP/1.1" 404 1108 "-" "Mozilla/5.0 (compatible; MSIE 9.0; Windows NT 6.1; Trident/5.0)"
192.184.46.243 - - [06/Apr/2020:14:13:58 +0200] "GET //modules/smartprestashopthemeadmin/upload/hx.php?gc=2397&dm=jppr2.xyz&fl=index.php&rn=637218006319043750&id=2397 HTTP/1.1" 404 1052 "-" "Mozilla/5.0 (compatible; MSIE 9.0; Windows NT 6.1; Trident/5.0)"
192.184.46.243 - - [06/Apr/2020:14:13:58 +0200] "GET //modules/smartprestashopthemeadmin/upload/hx.php?gc=2397&dm=jppr2.xyz&fl=index.php&rn=637218006320762500&id=2397 HTTP/1.1" 404 1052 "-" "Mozilla/5.0 (compatible; MSIE 9.0; Windows NT 6.1; Trident/5.0)"
46.229.168.134 - - [06/Apr/2020:14:14:07 +0200] "GET /index.php/7z6sbvj2l9v0qedp8ejp6wy7g2buq.sj HTTP/1.1" 200 4618 "-" "Mozilla/5.0 (compatible; SemrushBot/6~bl; +http://www.semrush.com/bot.html)"
40.77.167.36 - - [06/Apr/2020:14:14:31 +0200] "GET /0b7bpoexe0 HTTP/1.1" 404 1108 "-" "Mozilla/5.0 (compatible; bingbot/2.0; +http://www.bing.com/bingbot.htm)"
157.55.39.104 - - [06/Apr/2020:14:14:45 +0200] "GET /4mqikhaes-12607 HTTP/1.1" 404 1108 "-" "Mozilla/5.0 (compatible; bingbot/2.0; +http://www.bing.com/bingbot.htm)"
46.229.168.152 - - [06/Apr/2020:14:14:49 +0200] "GET /index.php/55p5xx16vqjc.st HTTP/1.1" 200 4618 "-" "Mozilla/5.0 (compatible; SemrushBot/6~bl; +http://www.semrush.com/bot.html)"
40.77.167.99 - - [06/Apr/2020:14:14:51 +0200] "GET /r35exr.bid HTTP/1.1" 404 1108 "-" "Mozilla/5.0 (compatible; bingbot/2.0; +http://www.bing.com/bingbot.htm)"
40.77.167.99 - - [06/Apr/2020:14:15:10 +0200] "GET /qun4dca71c260g48fnxbt3f7 HTTP/1.1" 404 1108 "-" "Mozilla/5.0 (compatible; bingbot/2.0; +http://www.bing.com/bingbot.htm)"
46.229.168.133 - - [06/Apr/2020:14:16:14 +0200] "GET /index.php/exrlt0f9gkch9vfllo19ztyircqgppxo.wang HTTP/1.1" 200 4618 "-" "Mozilla/5.0 (compatible; SemrushBot/6~bl; +http://www.semrush.com/bot.html)"
40.77.167.99 - - [06/Apr/2020:14:17:31 +0200] "GET /np6swfwlwi44f67iyk2l3 HTTP/1.1" 404 1108 "-" "Mozilla/5.0 (compatible; bingbot/2.0; +http://www.bing.com/bingbot.htm)"
46.229.168.148 - - [06/Apr/2020:14:17:36 +0200] "GET /index.php/sqrx.bt HTTP/1.1" 200 4618 "-" "Mozilla/5.0 (compatible; SemrushBot/6~bl; +http://www.semrush.com/bot.html)"
46.229.168.144 - - [06/Apr/2020:14:18:15 +0200] "GET /index.php/49y4 HTTP/1.1" 200 4618 "-" "Mozilla/5.0 (compatible; SemrushBot/6~bl; +http://www.semrush.com/bot.html)"
192.184.46.243 - - [06/Apr/2020:14:18:31 +0200] "GET //modules/smartprestashopthemeadmin/upload/hx.php?gc=2397&dm=jppr2.xyz&fl=index.php&rn=637218009053106250&id=2397 HTTP/1.1" 404 1108 "-" "Mozilla/5.0 (compatible; MSIE 9.0; Windows NT 6.1; Trident/5.0)"
192.184.46.243 - - [06/Apr/2020:14:18:31 +0200] "GET //modules/smartprestashopthemeadmin/upload/hx.php?gc=2397&dm=jppr2.xyz&fl=index.php&rn=637218009056700000&id=2397 HTTP/1.1" 404 1052 "-" "Mozilla/5.0 (compatible; MSIE 9.0; Windows NT 6.1; Trident/5.0)"
192.184.46.243 - - [06/Apr/2020:14:18:32 +0200] "GET //modules/smartprestashopthemeadmin/upload/hx.php?gc=2397&dm=jppr2.xyz&fl=index.php&rn=637218009058731250&id=2397 HTTP/1.1" 404 1052 "-" "Mozilla/5.0 (compatible; MSIE 9.0; Windows NT 6.1; Trident/5.0)"
66.249.79.234 - - [06/Apr/2020:14:19:20 +0200] "GET /?mk6a.by HTTP/1.1" 200 4655 "-" "Mozilla/5.0 (compatible; Googlebot/2.1; +http://www.google.com/bot.html)"
46.229.168.148 - - [06/Apr/2020:14:19:36 +0200] "GET /index.php/632d50x7isxlhcouwvbpo7yb73idy6ztm5c4.fund HTTP/1.1" 200 4618 "-" "Mozilla/5.0 (compatible; SemrushBot/6~bl; +http://www.semrush.com/bot.html)"
46.229.168.150 - - [06/Apr/2020:14:19:43 +0200] "GET /index.php/fo712ayurppweweez1qc3w7o1hn.bt HTTP/1.1" 200 4618 "-" "Mozilla/5.0 (compatible; SemrushBot/6~bl; +http://www.semrush.com/bot.html)"
66.249.79.234 - - [06/Apr/2020:14:19:49 +0200] "GET /?ftaf HTTP/1.1" 200 4655 "-" "Mozilla/5.0 (Linux; Android 6.0.1; Nexus 5X Build/MMB29P) AppleWebKit/537.36 (KHTML, like Gecko) Chrome/41.0.2272.96 Mobile Safari/537.36 (compatible; Googlebot/2.1; +http://www.google.com/bot.html)"
46.229.168.136 - - [06/Apr/2020:14:20:04 +0200] "GET /index.php/19qhn.gl HTTP/1.1" 200 4618 "-" "Mozilla/5.0 (compatible; SemrushBot/6~bl; +http://www.semrush.com/bot.html)"
40.77.167.99 - - [06/Apr/2020:14:20:17 +0200] "GET /6weyy8hw3wt HTTP/1.1" 404 1108 "-" "Mozilla/5.0 (compatible; bingbot/2.0; +http://www.bing.com/bingbot.htm)"
40.77.167.99 - - [06/Apr/2020:14:20:17 +0200] "GET /2chssn.cd HTTP/1.1" 404 1108 "-" "Mozilla/5.0 (compatible; bingbot/2.0; +http://www.bing.com/bingbot.htm)"
40.77.167.36 - - [06/Apr/2020:14:20:26 +0200] "GET /9lol HTTP/1.1" 404 1108 "-" "Mozilla/5.0 (compatible; bingbot/2.0; +http://www.bing.com/bingbot.htm)"
40.77.167.36 - - [06/Apr/2020:14:20:42 +0200] "GET /hvv652mxeyfuimpay4no6orvsx5ztdnx7glleyhn1 HTTP/1.1" 404 1108 "-" "Mozilla/5.0 (compatible; bingbot/2.0; +http://www.bing.com/bingbot.htm)"
40.77.167.36 - - [06/Apr/2020:14:20:43 +0200] "GET /q7bi.by HTTP/1.1" 404 1108 "-" "Mozilla/5.0 (compatible; bingbot/2.0; +http://www.bing.com/bingbot.htm)"
46.229.168.144 - - [06/Apr/2020:14:20:48 +0200] "GET /index.php/ins9vkjriyba9ih7zpv3xkboeow61olq93870o7sv9hbnw.za HTTP/1.1" 200 4618 "-" "Mozilla/5.0 (compatible; SemrushBot/6~bl; +http://www.semrush.com/bot.html)"
46.229.168.134 - - [06/Apr/2020:14:21:32 +0200] "GET /index.php/tlj697qubxa158yb6yspj68y9en5a.sh HTTP/1.1" 200 4618 "-" "Mozilla/5.0 (compatible; SemrushBot/6~bl; +http://www.semrush.com/bot.html)"
40.77.167.36 - - [06/Apr/2020:14:21:36 +0200] "GET /?xuwrehy62v8w.fund HTTP/1.1" 200 4655 "-" "Mozilla/5.0 (compatible; bingbot/2.0; +http://www.bing.com/bingbot.htm)"
46.229.168.139 - - [06/Apr/2020:14:21:37 +0200] "GET /index.php/9szcu.gu HTTP/1.1" 200 4618 "-" "Mozilla/5.0 (compatible; SemrushBot/6~bl; +http://www.semrush.com/bot.html)"
46.229.168.163 - - [06/Apr/2020:14:22:28 +0200] "GET /index.php/rwapp4ycr3zo6ad62or4ok5r6ypwbpm HTTP/1.1" 200 4618 "-" "Mozilla/5.0 (compatible; SemrushBot/6~bl; +http://www.semrush.com/bot.html)"
18.178.251.24 - - [06/Apr/2020:14:22:28 +0200] "GET /?sadhjahsjdkx HTTP/1.1" 200 17615 "https://www.google.com" "Mozilla/5.0 (Windows NT 10.0; Win64; x64) AppleWebKit/537.36 (KHTML, like Gecko) Chrome/70.0.3538.102 Safari/537.36"
157.55.39.104 - - [06/Apr/2020:14:22:56 +0200] "GET /v8iqtsjc.mp HTTP/1.1" 404 1108 "-" "Mozilla/5.0 (compatible; bingbot/2.0; +http://www.bing.com/bingbot.htm)"
78.153.199.236 - - [06/Apr/2020:14:23:03 +0200] "GET //modules/smartprestashopthemeadmin/upload/wp-logs.php?h3ct0r=sec HTTP/1.1" 404 1071 "-" "Python-urllib/2.7"
78.153.199.236 - - [06/Apr/2020:14:23:04 +0200] "GET //modules/smartprestashopthemeadmin/upload/wp-logs.php?h3ct0r=sec HTTP/1.1" 404 1108 "-" "python-requests/2.22.0"
192.184.46.243 - - [06/Apr/2020:14:23:06 +0200] "GET //modules/smartprestashopthemeadmin/upload/hx.php?gc=2397&dm=jppr2.xyz&fl=index.php&rn=637218011799668750&id=2397 HTTP/1.1" 404 1108 "-" "Mozilla/5.0 (compatible; MSIE 9.0; Windows NT 6.1; Trident/5.0)"
192.184.46.243 - - [06/Apr/2020:14:23:06 +0200] "GET //modules/smartprestashopthemeadmin/upload/hx.php?gc=2397&dm=jppr2.xyz&fl=index.php&rn=637218011803106250&id=2397 HTTP/1.1" 404 1052 "-" "Mozilla/5.0 (compatible; MSIE 9.0; Windows NT 6.1; Trident/5.0)"
192.184.46.243 - - [06/Apr/2020:14:23:06 +0200] "GET //modules/smartprestashopthemeadmin/upload/hx.php?gc=2397&dm=jppr2.xyz&fl=index.php&rn=637218011804981250&id=2397 HTTP/1.1" 404 1052 "-" "Mozilla/5.0 (compatible; MSIE 9.0; Windows NT 6.1; Trident/5.0)"
46.229.168.137 - - [06/Apr/2020:14:23:25 +0200] "GET /robots.txt HTTP/1.1" 404 1071 "-" "Mozilla/5.0 (compatible; SemrushBot/6~bl; +http://www.semrush.com/bot.html)"
46.229.168.144 - - [06/Apr/2020:14:23:25 +0200] "GET /index.php/jsnf7wvw9h HTTP/1.1" 200 4618 "-" "Mozilla/5.0 (compatible; SemrushBot/6~bl; +http://www.semrush.com/bot.html)"
66.249.79.230 - - [06/Apr/2020:14:23:51 +0200] "GET /service/koteiip/faq/ HTTP/1.1" 404 1108 "-" "Mozilla/5.0 (Linux; Android 6.0.1; Nexus 5X Build/MMB29P) AppleWebKit/537.36 (KHTML, like Gecko) Chrome/41.0.2272.96 Mobile Safari/537.36 (compatible; Googlebot/2.1; +http://www.google.com/bot.html)"
78.153.199.236 - - [06/Apr/2020:14:23:56 +0200] "GET //modules/smartprestashopthemeadmin/upload/wp-logs.php?h3ct0r=sec/ HTTP/1.1" 404 1108 "-" "python-requests/2.22.0"
78.153.199.236 - - [06/Apr/2020:14:23:56 +0200] "GET //modules/smartprestashopthemeadmin/upload/wp-logs.php?h3ct0r=sec HTTP/1.1" 404 1108 "-" "python-requests/2.22.0"
78.153.199.236 - - [06/Apr/2020:14:23:56 +0200] "GET //modules/smartprestashopthemeadmin/upload/wp-logs.php?h3ct0r=sec/ HTTP/1.1" 404 1108 "-" "python-requests/2.22.0"
78.153.199.236 - - [06/Apr/2020:14:23:56 +0200] "GET //modules/smartprestashopthemeadmin/upload/wp-logs.php?h3ct0r=sec/ HTTP/1.1" 404 1108 "-" "python-requests/2.22.0"
40.77.167.37 - - [06/Apr/2020:14:24:20 +0200] "GET /tzu1c HTTP/1.1" 404 1108 "-" "Mozilla/5.0 (compatible; bingbot/2.0; +http://www.bing.com/bingbot.htm)"
66.249.79.232 - - [06/Apr/2020:14:24:37 +0200] "GET /?nl59 HTTP/1.1" 200 4655 "-" "Mozilla/5.0 (Linux; Android 6.0.1; Nexus 5X Build/MMB29P) AppleWebKit/537.36 (KHTML, like Gecko) Chrome/41.0.2272.96 Mobile Safari/537.36 (compatible; Googlebot/2.1; +http://www.google.com/bot.html)"
46.229.168.143 - - [06/Apr/2020:14:25:28 +0200] "GET /index.php/su051zh.tj HTTP/1.1" 200 4618 "-" "Mozilla/5.0 (compatible; SemrushBot/6~bl; +http://www.semrush.com/bot.html)"
40.77.167.36 - - [06/Apr/2020:14:25:39 +0200] "GET /1r1nfr5ms.top HTTP/1.1" 404 1108 "-" "Mozilla/5.0 (compatible; bingbot/2.0; +http://www.bing.com/bingbot.htm)"
46.229.168.153 - - [06/Apr/2020:14:25:56 +0200] "GET /index.php/40el0falchtyjz.sap HTTP/1.1" 200 4618 "-" "Mozilla/5.0 (compatible; SemrushBot/6~bl; +http://www.semrush.com/bot.html)"
66.249.79.230 - - [06/Apr/2020:14:26:16 +0200] "GET /?qv4jg2l57ncn.equipment HTTP/1.1" 200 4655 "-" "Mozilla/5.0 (Linux; Android 6.0.1; Nexus 5X Build/MMB29P) AppleWebKit/537.36 (KHTML, like Gecko) Chrome/80.0.3987.92 Mobile Safari/537.36 (compatible; Googlebot/2.1; +http://www.google.com/bot.html)"
66.249.79.232 - - [06/Apr/2020:14:27:07 +0200] "GET /?wnla.at HTTP/1.1" 200 4655 "-" "Mozilla/5.0 (compatible; Googlebot/2.1; +http://www.google.com/bot.html)"
46.229.168.147 - - [06/Apr/2020:14:27:29 +0200] "GET /index.php/880k8eub8.dm HTTP/1.1" 200 4618 "-" "Mozilla/5.0 (compatible; SemrushBot/6~bl; +http://www.semrush.com/bot.html)"
192.184.46.243 - - [06/Apr/2020:14:27:36 +0200] "GET //modules/smartprestashopthemeadmin/upload/hx.php?gc=2397&dm=jppr2.xyz&fl=index.php&rn=637218014506543750&id=2397 HTTP/1.1" 404 1108 "-" "Mozilla/5.0 (compatible; MSIE 9.0; Windows NT 6.1; Trident/5.0)"
192.184.46.243 - - [06/Apr/2020:14:27:37 +0200] "GET //modules/smartprestashopthemeadmin/upload/hx.php?gc=2397&dm=jppr2.xyz&fl=index.php&rn=637218014510137500&id=2397 HTTP/1.1" 404 1052 "-" "Mozilla/5.0 (compatible; MSIE 9.0; Windows NT 6.1; Trident/5.0)"
192.184.46.243 - - [06/Apr/2020:14:27:37 +0200] "GET //modules/smartprestashopthemeadmin/upload/hx.php?gc=2397&dm=jppr2.xyz&fl=index.php&rn=637218014512012500&id=2397 HTTP/1.1" 404 1052 "-" "Mozilla/5.0 (compatible; MSIE 9.0; Windows NT 6.1; Trident/5.0)"
66.249.79.234 - - [06/Apr/2020:14:27:46 +0200] "GET /?9559 HTTP/1.1" 200 4655 "-" "Mozilla/5.0 (Linux; Android 6.0.1; Nexus 5X Build/MMB29P) AppleWebKit/537.36 (KHTML, like Gecko) Chrome/41.0.2272.96 Mobile Safari/537.36 (compatible; Googlebot/2.1; +http://www.google.com/bot.html)"
46.229.168.131 - - [06/Apr/2020:14:27:50 +0200] "GET /index.php/2c9du7zea HTTP/1.1" 200 4618 "-" "Mozilla/5.0 (compatible; SemrushBot/6~bl; +http://www.semrush.com/bot.html)"
40.77.167.37 - - [06/Apr/2020:14:28:09 +0200] "GET /xy1b0cyratc1i6hbt6eeuvj72bwvn.game HTTP/1.1" 404 1108 "-" "Mozilla/5.0 (compatible; bingbot/2.0; +http://www.bing.com/bingbot.htm)"
46.229.168.139 - - [06/Apr/2020:14:28:27 +0200] "GET /index.php/l3l8ujbbs.php HTTP/1.1" 200 4618 "-" "Mozilla/5.0 (compatible; SemrushBot/6~bl; +http://www.semrush.com/bot.html)"
157.55.39.104 - - [06/Apr/2020:14:28:39 +0200] "GET /ror43le HTTP/1.1" 404 1108 "-" "Mozilla/5.0 (compatible; bingbot/2.0; +http://www.bing.com/bingbot.htm)"
40.77.167.37 - - [06/Apr/2020:14:28:43 +0200] "GET /9bmj1w4dmqzroo.pt HTTP/1.1" 404 1108 "-" "Mozilla/5.0 (compatible; bingbot/2.0; +http://www.bing.com/bingbot.htm)"
40.77.167.99 - - [06/Apr/2020:14:28:48 +0200] "GET /zi24emx2l1f1ch.sh HTTP/1.1" 404 1108 "-" "Mozilla/5.0 (compatible; bingbot/2.0; +http://www.bing.com/bingbot.htm)"
46.229.168.154 - - [06/Apr/2020:14:29:13 +0200] "GET /index.php/lsbifdpoo.lu HTTP/1.1" 200 4618 "-" "Mozilla/5.0 (compatible; SemrushBot/6~bl; +http://www.semrush.com/bot.html)"
157.55.39.104 - - [06/Apr/2020:14:29:45 +0200] "GET /22l30rpp.fund HTTP/1.1" 404 1108 "-" "Mozilla/5.0 (compatible; bingbot/2.0; +http://www.bing.com/bingbot.htm)"
46.229.168.146 - - [06/Apr/2020:14:30:27 +0200] "GET /index.php/816nytbk5r.br HTTP/1.1" 200 4618 "-" "Mozilla/5.0 (compatible; SemrushBot/6~bl; +http://www.semrush.com/bot.html)"
157.55.39.104 - - [06/Apr/2020:14:31:04 +0200] "GET /u7oevk3.fr HTTP/1.1" 404 1108 "-" "Mozilla/5.0 (compatible; bingbot/2.0; +http://www.bing.com/bingbot.htm)"
157.55.39.104 - - [06/Apr/2020:14:31:04 +0200] "GET /2owjtxlxsbb.tips HTTP/1.1" 404 1108 "-" "Mozilla/5.0 (compatible; bingbot/2.0; +http://www.bing.com/bingbot.htm)"
40.77.167.37 - - [06/Apr/2020:14:31:08 +0200] "GET /ngj8jmj3pz3 HTTP/1.1" 404 1108 "-" "Mozilla/5.0 (compatible; bingbot/2.0; +http://www.bing.com/bingbot.htm)"
46.229.168.148 - - [06/Apr/2020:14:31:21 +0200] "GET /index.php/nsy78x8atoxy97ri2h8oaciiniu0ouj5559fp.game HTTP/1.1" 200 4618 "-" "Mozilla/5.0 (compatible; SemrushBot/6~bl; +http://www.semrush.com/bot.html)"
46.229.168.139 - - [06/Apr/2020:14:31:34 +0200] "GET /index.php/hssxaoismi7pbc9il599g6tjmm55.sy HTTP/1.1" 200 4618 "-" "Mozilla/5.0 (compatible; SemrushBot/6~bl; +http://www.semrush.com/bot.html)"
40.77.167.37 - - [06/Apr/2020:14:31:48 +0200] "GET /6n32w6c711qqiiu7d73jvgplvh.domains HTTP/1.1" 404 1108 "-" "msnbot/2.0b (+http://search.msn.com/msnbot.htm)"
66.249.79.230 - - [06/Apr/2020:14:32:24 +0200] "GET /?sitemapimagesindex.xml HTTP/1.1" 200 4655 "-" "Mozilla/5.0 (compatible; Googlebot/2.1; +http://www.google.com/bot.html)"
46.229.168.130 - - [06/Apr/2020:14:32:35 +0200] "GET /index.php/3p9bgxjk8cp4dg67a3qraebqbd51g.cc HTTP/1.1" 200 4618 "-" "Mozilla/5.0 (compatible; SemrushBot/6~bl; +http://www.semrush.com/bot.html)"
40.77.167.37 - - [06/Apr/2020:14:32:37 +0200] "GET /i85p6jllck8pib8v8flm90ohvxd7vh.aspx HTTP/1.1" 404 1108 "-" "Mozilla/5.0 (compatible; bingbot/2.0; +http://www.bing.com/bingbot.htm)"
192.184.46.243 - - [06/Apr/2020:14:32:46 +0200] "GET //modules/smartprestashopthemeadmin/upload/hx.php?gc=2397&dm=jppr2.xyz&fl=index.php&rn=637218017597793750&id=2397 HTTP/1.1" 404 1108 "-" "Mozilla/5.0 (compatible; MSIE 9.0; Windows NT 6.1; Trident/5.0)"
192.184.46.243 - - [06/Apr/2020:14:32:46 +0200] "GET //modules/smartprestashopthemeadmin/upload/hx.php?gc=2397&dm=jppr2.xyz&fl=index.php&rn=637218017601231250&id=2397 HTTP/1.1" 404 1052 "-" "Mozilla/5.0 (compatible; MSIE 9.0; Windows NT 6.1; Trident/5.0)"
192.184.46.243 - - [06/Apr/2020:14:32:46 +0200] "GET //modules/smartprestashopthemeadmin/upload/hx.php?gc=2397&dm=jppr2.xyz&fl=index.php&rn=637218017603106250&id=2397 HTTP/1.1" 404 1052 "-" "Mozilla/5.0 (compatible; MSIE 9.0; Windows NT 6.1; Trident/5.0)"
157.55.39.104 - - [06/Apr/2020:14:32:56 +0200] "GET /qc4ovkdwz6nig239223yzpab HTTP/1.1" 404 1108 "-" "Mozilla/5.0 (compatible; bingbot/2.0; +http://www.bing.com/bingbot.htm)"
46.229.168.132 - - [06/Apr/2020:14:33:16 +0200] "GET /index.php/6tp0e0u77.tg HTTP/1.1" 200 4618 "-" "Mozilla/5.0 (compatible; SemrushBot/6~bl; +http://www.semrush.com/bot.html)"
46.229.168.132 - - [06/Apr/2020:14:33:58 +0200] "GET /index.php/b8xmui HTTP/1.1" 200 4618 "-" "Mozilla/5.0 (compatible; SemrushBot/6~bl; +http://www.semrush.com/bot.html)"
46.229.168.134 - - [06/Apr/2020:14:34:05 +0200] "GET /index.php/ebh8yyqhxy5kl4aaf5hk1sauxjwvvvxp87v64r.bi HTTP/1.1" 200 4618 "-" "Mozilla/5.0 (compatible; SemrushBot/6~bl; +http://www.semrush.com/bot.html)"
46.229.168.150 - - [06/Apr/2020:14:34:40 +0200] "GET /index.php/orh HTTP/1.1" 200 4618 "-" "Mozilla/5.0 (compatible; SemrushBot/6~bl; +http://www.semrush.com/bot.html)"
46.229.168.130 - - [06/Apr/2020:14:34:42 +0200] "GET /index.php/1nzs1i9d2.lu HTTP/1.1" 200 4618 "-" "Mozilla/5.0 (compatible; SemrushBot/6~bl; +http://www.semrush.com/bot.html)"
66.249.79.230 - - [06/Apr/2020:14:34:54 +0200] "GET /?i8m8.tk HTTP/1.1" 200 4655 "-" "Mozilla/5.0 (compatible; Googlebot/2.1; +http://www.google.com/bot.html)"
40.77.167.99 - - [06/Apr/2020:14:35:07 +0200] "GET /348/ HTTP/1.1" 404 1108 "-" "Mozilla/5.0 (compatible; bingbot/2.0; +http://www.bing.com/bingbot.htm)"
46.229.168.146 - - [06/Apr/2020:14:35:19 +0200] "GET /index.php/ksqt4 HTTP/1.1" 200 4618 "-" "Mozilla/5.0 (compatible; SemrushBot/6~bl; +http://www.semrush.com/bot.html)"
46.229.168.150 - - [06/Apr/2020:14:35:53 +0200] "GET /index.php/c3i3j1ubjjah6edjrrtr0sr85vpg22yjek3uoz5vqt.kh HTTP/1.1" 200 4618 "-" "Mozilla/5.0 (compatible; SemrushBot/6~bl; +http://www.semrush.com/bot.html)"
46.229.168.145 - - [06/Apr/2020:14:36:05 +0200] "GET /index.php/8tgkfmp6aa0a7.lu HTTP/1.1" 200 4618 "-" "Mozilla/5.0 (compatible; SemrushBot/6~bl; +http://www.semrush.com/bot.html)"
82.252.135.249 - - [06/Apr/2020:14:36:27 +0200] "GET /images/cookie.png HTTP/1.1" 404 1108 "http://www.materiel-esthetique.fr/assets/styles.css" "Mozilla/5.0 (Windows NT 10.0; Win64; x64) AppleWebKit/537.36 (KHTML, like Gecko) Chrome/80.0.3987.149 Safari/537.36"
46.229.168.136 - - [06/Apr/2020:14:36:31 +0200] "GET /index.php/ktlq.site HTTP/1.1" 200 4618 "-" "Mozilla/5.0 (compatible; SemrushBot/6~bl; +http://www.semrush.com/bot.html)"
46.229.168.132 - - [06/Apr/2020:14:37:02 +0200] "GET /index.php/xlurybyls9w.domains HTTP/1.1" 200 4618 "-" "Mozilla/5.0 (compatible; SemrushBot/6~bl; +http://www.semrush.com/bot.html)"
192.184.46.243 - - [06/Apr/2020:14:37:16 +0200] "GET //modules/smartprestashopthemeadmin/upload/hx.php?gc=2397&dm=jppr2.xyz&fl=index.php&rn=637218020296856250&id=2397 HTTP/1.1" 404 1108 "-" "Mozilla/5.0 (compatible; MSIE 9.0; Windows NT 6.1; Trident/5.0)"
192.184.46.243 - - [06/Apr/2020:14:37:16 +0200] "GET //modules/smartprestashopthemeadmin/upload/hx.php?gc=2397&dm=jppr2.xyz&fl=index.php&rn=637218020300450000&id=2397 HTTP/1.1" 404 1052 "-" "Mozilla/5.0 (compatible; MSIE 9.0; Windows NT 6.1; Trident/5.0)"
192.184.46.243 - - [06/Apr/2020:14:37:16 +0200] "GET //modules/smartprestashopthemeadmin/upload/hx.php?gc=2397&dm=jppr2.xyz&fl=index.php&rn=637218020302481250&id=2397 HTTP/1.1" 404 1052 "-" "Mozilla/5.0 (compatible; MSIE 9.0; Windows NT 6.1; Trident/5.0)"
46.229.168.139 - - [06/Apr/2020:14:37:24 +0200] "GET /index.php/op280a1hgtv.tz HTTP/1.1" 200 4618 "-" "Mozilla/5.0 (compatible; SemrushBot/6~bl; +http://www.semrush.com/bot.html)"
66.249.79.234 - - [06/Apr/2020:14:38:02 +0200] "GET /visuels/vagues-top.png HTTP/1.1" 200 18296 "-" "Googlebot-Image/1.0"
46.229.168.148 - - [06/Apr/2020:14:39:18 +0200] "GET /index.php/twrsy2c9 HTTP/1.1" 200 4618 "-" "Mozilla/5.0 (compatible; SemrushBot/6~bl; +http://www.semrush.com/bot.html)"
46.229.168.143 - - [06/Apr/2020:14:39:36 +0200] "GET /index.php/ek1up46y.team HTTP/1.1" 200 4618 "-" "Mozilla/5.0 (compatible; SemrushBot/6~bl; +http://www.semrush.com/bot.html)"
46.229.168.148 - - [06/Apr/2020:14:40:01 +0200] "GET /index.php/oy97sy8zb4.st HTTP/1.1" 200 4618 "-" "Mozilla/5.0 (compatible; SemrushBot/6~bl; +http://www.semrush.com/bot.html)"
46.229.168.141 - - [06/Apr/2020:14:40:19 +0200] "GET /index.php/jkmsdog.team HTTP/1.1" 200 4618 "-" "Mozilla/5.0 (compatible; SemrushBot/6~bl; +http://www.semrush.com/bot.html)"
46.229.168.139 - - [06/Apr/2020:14:40:48 +0200] "GET /index.php/xl6g HTTP/1.1" 200 4618 "-" "Mozilla/5.0 (compatible; SemrushBot/6~bl; +http://www.semrush.com/bot.html)"
46.229.168.133 - - [06/Apr/2020:14:40:49 +0200] "GET /index.php/ciko4rch.pics HTTP/1.1" 200 4618 "-" "Mozilla/5.0 (compatible; SemrushBot/6~bl; +http://www.semrush.com/bot.html)"
46.229.168.131 - - [06/Apr/2020:14:41:42 +0200] "GET /index.php/wc8uplk3ln HTTP/1.1" 200 4618 "-" "Mozilla/5.0 (compatible; SemrushBot/6~bl; +http://www.semrush.com/bot.html)"
46.229.168.147 - - [06/Apr/2020:14:41:52 +0200] "GET /index.php/vi25zfnr92.tv HTTP/1.1" 200 4618 "-" "Mozilla/5.0 (compatible; SemrushBot/6~bl; +http://www.semrush.com/bot.html)"
192.184.46.243 - - [06/Apr/2020:14:41:53 +0200] "GET //modules/smartprestashopthemeadmin/upload/hx.php?gc=2397&dm=jppr2.xyz&fl=index.php&rn=637218023072481250&id=2397 HTTP/1.1" 404 1108 "-" "Mozilla/5.0 (compatible; MSIE 9.0; Windows NT 6.1; Trident/5.0)"
