46.229.168.133 - - [06/Apr/2020:17:59:51 +0200] "GET /index.php/nr7h5z6vpa9unun2bufv8a0a.website HTTP/1.1" 200 4618 "-" "Mozilla/5.0 (compatible; SemrushBot/6~bl; +http://www.semrush.com/bot.html)"
18.178.251.24 - - [06/Apr/2020:18:00:32 +0200] "GET /robots.txt HTTP/1.1" 404 1052 "https://google.com" "Mozilla/5.0 (Windows NT 10.0; Win64; x64) AppleWebKit/537.36 (KHTML, like Gecko) Chrome/71.0.3578.98 Safari/537.36"
40.77.167.37 - - [06/Apr/2020:18:00:51 +0200] "GET /brsqu.fi HTTP/1.1" 404 1108 "-" "Mozilla/5.0 (compatible; bingbot/2.0; +http://www.bing.com/bingbot.htm)"
51.255.45.144 - - [06/Apr/2020:18:00:53 +0200] "POST /modules/smartprestashopthemeadmin/upload/26.php HTTP/1.1" 404 1077 "-" "curl/7.19.7 (x86_64-redhat-linux-gnu) libcurl/7.19.7 NSS/3.44 zlib/1.2.3 libidn/1.18 libssh2/1.4.2"
157.55.39.104 - - [06/Apr/2020:18:01:35 +0200] "GET /gloc-sm/4ygqwehfp-7258.php HTTP/1.1" 404 1108 "-" "Mozilla/5.0 (compatible; bingbot/2.0; +http://www.bing.com/bingbot.htm)"
40.77.167.99 - - [06/Apr/2020:18:01:40 +0200] "GET /1q32j71ia111q.tg HTTP/1.1" 404 1108 "-" "Mozilla/5.0 (compatible; bingbot/2.0; +http://www.bing.com/bingbot.htm)"
46.229.168.138 - - [06/Apr/2020:18:01:41 +0200] "GET /index.php/zop0vv57p.tz HTTP/1.1" 200 4618 "-" "Mozilla/5.0 (compatible; SemrushBot/6~bl; +http://www.semrush.com/bot.html)"
40.77.167.99 - - [06/Apr/2020:18:01:45 +0200] "GET /75mmrft63g9 HTTP/1.1" 404 1108 "-" "Mozilla/5.0 (compatible; bingbot/2.0; +http://www.bing.com/bingbot.htm)"
40.77.167.36 - - [06/Apr/2020:18:02:04 +0200] "GET /?qpj1wo4yhfm0.br HTTP/1.1" 200 4655 "-" "Mozilla/5.0 (compatible; bingbot/2.0; +http://www.bing.com/bingbot.htm)"
40.77.167.36 - - [06/Apr/2020:18:02:05 +0200] "GET /c8g0wzhu6.mc HTTP/1.1" 404 1108 "-" "Mozilla/5.0 (compatible; bingbot/2.0; +http://www.bing.com/bingbot.htm)"
192.184.46.243 - - [06/Apr/2020:18:02:31 +0200] "GET //modules/smartprestashopthemeadmin/upload/hx.php?gc=2397&dm=jppr2.xyz&fl=index.php&rn=637218143444981250&id=2397 HTTP/1.1" 404 1108 "-" "Mozilla/5.0 (compatible; MSIE 9.0; Windows NT 6.1; Trident/5.0)"
192.184.46.243 - - [06/Apr/2020:18:02:31 +0200] "GET //modules/smartprestashopthemeadmin/upload/hx.php?gc=2397&dm=jppr2.xyz&fl=index.php&rn=637218143448418750&id=2397 HTTP/1.1" 404 1052 "-" "Mozilla/5.0 (compatible; MSIE 9.0; Windows NT 6.1; Trident/5.0)"
192.184.46.243 - - [06/Apr/2020:18:02:31 +0200] "GET //modules/smartprestashopthemeadmin/upload/hx.php?gc=2397&dm=jppr2.xyz&fl=index.php&rn=637218143450137500&id=2397 HTTP/1.1" 404 1052 "-" "Mozilla/5.0 (compatible; MSIE 9.0; Windows NT 6.1; Trident/5.0)"
62.210.37.82 - - [06/Apr/2020:18:02:56 +0200] "POST /modules/smartprestashopthemeadmin/upload/26.php HTTP/1.1" 404 1077 "-" "curl/7.19.7 (x86_64-redhat-linux-gnu) libcurl/7.19.7 NSS/3.44 zlib/1.2.3 libidn/1.18 libssh2/1.4.2"
40.77.167.99 - - [06/Apr/2020:18:02:57 +0200] "GET /8gkv40b0r8uy4 HTTP/1.1" 404 1108 "-" "Mozilla/5.0 (compatible; bingbot/2.0; +http://www.bing.com/bingbot.htm)"
46.229.168.154 - - [06/Apr/2020:18:03:35 +0200] "GET /index.php/bvekbo7pvct6dtif1f45ltm76ct1u2oyez0gecj91m48g8.equipment HTTP/1.1" 200 4618 "-" "Mozilla/5.0 (compatible; SemrushBot/6~bl; +http://www.semrush.com/bot.html)"
46.229.168.146 - - [06/Apr/2020:18:03:55 +0200] "GET /index.php/v0zj6sedhdtl98gpew8xvluv4.gu HTTP/1.1" 200 4618 "-" "Mozilla/5.0 (compatible; SemrushBot/6~bl; +http://www.semrush.com/bot.html)"
40.77.167.37 - - [06/Apr/2020:18:03:58 +0200] "GET /0j80dtyp.ltd HTTP/1.1" 404 1108 "-" "Mozilla/5.0 (compatible; bingbot/2.0; +http://www.bing.com/bingbot.htm)"
18.178.251.24 - - [06/Apr/2020:18:04:26 +0200] "GET //modules/smartprestashopthemeadmin/upload/hx.php HTTP/1.1" 404 1052 "https://google.com" "Mozilla/5.0 (Windows NT 6.1) AppleWebKit/537.36 (KHTML, like Gecko) Chrome/74.0.3729.169 Safari/537.36"
40.77.167.99 - - [06/Apr/2020:18:04:27 +0200] "GET /248ec31 HTTP/1.1" 404 1108 "-" "Mozilla/5.0 (compatible; bingbot/2.0; +http://www.bing.com/bingbot.htm)"
46.229.168.132 - - [06/Apr/2020:18:04:31 +0200] "GET /index.php/00jt5yok0pl03owfa3l16tvhtcwcth036bycdqi8u HTTP/1.1" 200 4618 "-" "Mozilla/5.0 (compatible; SemrushBot/6~bl; +http://www.semrush.com/bot.html)"
51.89.213.86 - - [06/Apr/2020:18:04:58 +0200] "POST /modules/smartprestashopthemeadmin/upload/26.php HTTP/1.1" 404 1077 "-" "curl/7.19.7 (x86_64-redhat-linux-gnu) libcurl/7.19.7 NSS/3.44 zlib/1.2.3 libidn/1.18 libssh2/1.4.2"
46.229.168.161 - - [06/Apr/2020:18:05:00 +0200] "GET /index.php/6g9hgkuhn69x1.sj HTTP/1.1" 200 4618 "-" "Mozilla/5.0 (compatible; SemrushBot/6~bl; +http://www.semrush.com/bot.html)"
40.77.167.37 - - [06/Apr/2020:18:05:24 +0200] "GET /fnohymmb9kmteu1y3ve.mba HTTP/1.1" 404 1108 "-" "Mozilla/5.0 (compatible; bingbot/2.0; +http://www.bing.com/bingbot.htm)"
91.242.162.51 - - [06/Apr/2020:18:05:32 +0200] "GET /robots.txt HTTP/1.1" 404 1071 "-" "Mozilla/5.0 (compatible; Qwantify/2.4w; +https://www.qwant.com/)/2.4w"
91.242.162.51 - - [06/Apr/2020:18:05:33 +0200] "GET /11-materiel- HTTP/1.1" 404 1071 "-" "Mozilla/5.0 (compatible; Qwantify/2.4w; +https://www.qwant.com/)/2.4w"
157.55.39.104 - - [06/Apr/2020:18:05:39 +0200] "GET /i82d.watch HTTP/1.1" 404 1108 "-" "Mozilla/5.0 (compatible; bingbot/2.0; +http://www.bing.com/bingbot.htm)"
46.229.168.150 - - [06/Apr/2020:18:05:42 +0200] "GET /index.php/6cvkrymz1hz24rtfn3fsxx5n2ysm10iyps.sk HTTP/1.1" 200 4618 "-" "Mozilla/5.0 (compatible; SemrushBot/6~bl; +http://www.semrush.com/bot.html)"
40.77.167.36 - - [06/Apr/2020:18:05:43 +0200] "GET /2016/10/04/wonderful-indonesia-mejeng-di-times-square-new-york/ HTTP/1.1" 404 1108 "-" "Mozilla/5.0 (compatible; bingbot/2.0; +http://www.bing.com/bingbot.htm)"
40.77.167.99 - - [06/Apr/2020:18:05:48 +0200] "GET /ahrewqea85494a3o0a HTTP/1.1" 404 1108 "-" "Mozilla/5.0 (compatible; bingbot/2.0; +http://www.bing.com/bingbot.htm)"
172.105.20.185 - - [06/Apr/2020:18:06:04 +0200] "GET /ads.txt HTTP/1.1" 404 1052 "-" "Mozilla/5.0 (Windows NT 6.1; WOW64; rv:38.0) Gecko/20100101 Firefox/38.0"
185.220.100.244 - - [06/Apr/2020:18:07:00 +0200] "POST /modules/smartprestashopthemeadmin/upload/26.php HTTP/1.1" 404 1077 "-" "curl/7.19.7 (x86_64-redhat-linux-gnu) libcurl/7.19.7 NSS/3.44 zlib/1.2.3 libidn/1.18 libssh2/1.4.2"
192.184.46.243 - - [06/Apr/2020:18:07:12 +0200] "GET //modules/smartprestashopthemeadmin/upload/hx.php?gc=2397&dm=jppr2.xyz&fl=index.php&rn=637218146254668750&id=2397 HTTP/1.1" 404 1108 "-" "Mozilla/5.0 (compatible; MSIE 9.0; Windows NT 6.1; Trident/5.0)"
192.184.46.243 - - [06/Apr/2020:18:07:12 +0200] "GET //modules/smartprestashopthemeadmin/upload/hx.php?gc=2397&dm=jppr2.xyz&fl=index.php&rn=637218146258418750&id=2397 HTTP/1.1" 404 1052 "-" "Mozilla/5.0 (compatible; MSIE 9.0; Windows NT 6.1; Trident/5.0)"
192.184.46.243 - - [06/Apr/2020:18:07:12 +0200] "GET //modules/smartprestashopthemeadmin/upload/hx.php?gc=2397&dm=jppr2.xyz&fl=index.php&rn=637218146260293750&id=2397 HTTP/1.1" 404 1052 "-" "Mozilla/5.0 (compatible; MSIE 9.0; Windows NT 6.1; Trident/5.0)"
40.77.167.99 - - [06/Apr/2020:18:07:14 +0200] "GET /esy2b4.am HTTP/1.1" 404 1108 "-" "Mozilla/5.0 (compatible; bingbot/2.0; +http://www.bing.com/bingbot.htm)"
46.229.168.137 - - [06/Apr/2020:18:07:37 +0200] "GET /index.php/k40j545ml37.sap HTTP/1.1" 200 4618 "-" "Mozilla/5.0 (compatible; SemrushBot/6~bl; +http://www.semrush.com/bot.html)"
18.178.251.24 - - [06/Apr/2020:18:08:17 +0200] "GET //modules/smartprestashopthemeadmin/upload/26.php HTTP/1.1" 404 1052 "https://google.com" "Mozilla/5.0 (Windows NT 6.1) AppleWebKit/537.36 (KHTML, like Gecko) Chrome/68.0.3440.106 Safari/537.36"
40.77.167.99 - - [06/Apr/2020:18:08:35 +0200] "GET /q5v2f2szdyw.taipei HTTP/1.1" 404 1108 "-" "Mozilla/5.0 (compatible; bingbot/2.0; +http://www.bing.com/bingbot.htm)"
51.89.147.65 - - [06/Apr/2020:18:09:02 +0200] "POST /modules/smartprestashopthemeadmin/upload/26.php HTTP/1.1" 404 1077 "-" "curl/7.19.7 (x86_64-redhat-linux-gnu) libcurl/7.19.7 NSS/3.44 zlib/1.2.3 libidn/1.18 libssh2/1.4.2"
40.77.167.99 - - [06/Apr/2020:18:09:31 +0200] "GET /?upn881o9btevoqo.nl HTTP/1.1" 200 4655 "-" "Mozilla/5.0 (compatible; bingbot/2.0; +http://www.bing.com/bingbot.htm)"
46.229.168.134 - - [06/Apr/2020:18:10:40 +0200] "GET /index.php/qi7ffdsuxfgfdgxoilq6.aw HTTP/1.1" 200 4618 "-" "Mozilla/5.0 (compatible; SemrushBot/6~bl; +http://www.semrush.com/bot.html)"
51.89.147.65 - - [06/Apr/2020:18:11:04 +0200] "POST /modules/smartprestashopthemeadmin/upload/26.php HTTP/1.1" 404 1077 "-" "curl/7.19.7 (x86_64-redhat-linux-gnu) libcurl/7.19.7 NSS/3.44 zlib/1.2.3 libidn/1.18 libssh2/1.4.2"
40.77.167.36 - - [06/Apr/2020:18:11:12 +0200] "GET /phgk5lj1qws74w45h66fjk6kc1s9w HTTP/1.1" 404 1108 "-" "Mozilla/5.0 (compatible; bingbot/2.0; +http://www.bing.com/bingbot.htm)"
40.77.167.36 - - [06/Apr/2020:18:11:17 +0200] "GET /fguul9.top HTTP/1.1" 404 1108 "-" "Mozilla/5.0 (compatible; bingbot/2.0; +http://www.bing.com/bingbot.htm)"
46.229.168.134 - - [06/Apr/2020:18:11:39 +0200] "GET /index.php/nlnppw6pl5x0.ir HTTP/1.1" 200 4618 "-" "Mozilla/5.0 (compatible; SemrushBot/6~bl; +http://www.semrush.com/bot.html)"
40.77.167.36 - - [06/Apr/2020:18:11:57 +0200] "GET /14-table-de-soins?p=2 HTTP/1.1" 404 1108 "-" "Mozilla/5.0 (compatible; bingbot/2.0; +http://www.bing.com/bingbot.htm)"
192.184.46.243 - - [06/Apr/2020:18:11:59 +0200] "GET //modules/smartprestashopthemeadmin/upload/hx.php?gc=2397&dm=jppr2.xyz&fl=index.php&rn=637218149130762500&id=2397 HTTP/1.1" 404 1108 "-" "Mozilla/5.0 (compatible; MSIE 9.0; Windows NT 6.1; Trident/5.0)"
192.184.46.243 - - [06/Apr/2020:18:12:00 +0200] "GET //modules/smartprestashopthemeadmin/upload/hx.php?gc=2397&dm=jppr2.xyz&fl=index.php&rn=637218149134200000&id=2397 HTTP/1.1" 404 1052 "-" "Mozilla/5.0 (compatible; MSIE 9.0; Windows NT 6.1; Trident/5.0)"
192.184.46.243 - - [06/Apr/2020:18:12:00 +0200] "GET //modules/smartprestashopthemeadmin/upload/hx.php?gc=2397&dm=jppr2.xyz&fl=index.php&rn=637218149136075000&id=2397 HTTP/1.1" 404 1052 "-" "Mozilla/5.0 (compatible; MSIE 9.0; Windows NT 6.1; Trident/5.0)"
46.229.168.161 - - [06/Apr/2020:18:12:28 +0200] "GET /index.php/ea5ef9cekcx487cc0wpb2bi9lnfv0zh.sh HTTP/1.1" 200 4618 "-" "Mozilla/5.0 (compatible; SemrushBot/6~bl; +http://www.semrush.com/bot.html)"
40.77.167.99 - - [06/Apr/2020:18:12:31 +0200] "GET /oe5h60olq1p.lk HTTP/1.1" 404 1108 "-" "Mozilla/5.0 (compatible; bingbot/2.0; +http://www.bing.com/bingbot.htm)"
40.77.167.99 - - [06/Apr/2020:18:12:36 +0200] "GET /6776lq20e5sjtc.top HTTP/1.1" 404 1108 "-" "Mozilla/5.0 (compatible; bingbot/2.0; +http://www.bing.com/bingbot.htm)"
51.89.147.65 - - [06/Apr/2020:18:13:05 +0200] "POST /modules/smartprestashopthemeadmin/upload/26.php HTTP/1.1" 404 1077 "-" "curl/7.19.7 (x86_64-redhat-linux-gnu) libcurl/7.19.7 NSS/3.44 zlib/1.2.3 libidn/1.18 libssh2/1.4.2"
46.229.168.144 - - [06/Apr/2020:18:13:27 +0200] "GET /index.php/e4r.am HTTP/1.1" 200 4618 "-" "Mozilla/5.0 (compatible; SemrushBot/6~bl; +http://www.semrush.com/bot.html)"
46.229.168.142 - - [06/Apr/2020:18:14:49 +0200] "GET /index.php/g309ah7422yw8rfid9rdqhjretlnt00h956m5na8u1fe HTTP/1.1" 200 4618 "-" "Mozilla/5.0 (compatible; SemrushBot/6~bl; +http://www.semrush.com/bot.html)"
185.220.101.20 - - [06/Apr/2020:18:15:07 +0200] "POST /modules/smartprestashopthemeadmin/upload/26.php HTTP/1.1" 404 1077 "-" "curl/7.19.7 (x86_64-redhat-linux-gnu) libcurl/7.19.7 NSS/3.44 zlib/1.2.3 libidn/1.18 libssh2/1.4.2"
46.229.168.149 - - [06/Apr/2020:18:15:43 +0200] "GET /index.php/1dne.mg HTTP/1.1" 200 4618 "-" "Mozilla/5.0 (compatible; SemrushBot/6~bl; +http://www.semrush.com/bot.html)"
40.77.167.37 - - [06/Apr/2020:18:16:28 +0200] "GET /uthezruvwm7w0279um.tools HTTP/1.1" 404 1108 "-" "Mozilla/5.0 (compatible; bingbot/2.0; +http://www.bing.com/bingbot.htm)"
192.184.46.243 - - [06/Apr/2020:18:16:43 +0200] "GET //modules/smartprestashopthemeadmin/upload/hx.php?gc=2397&dm=jppr2.xyz&fl=index.php&rn=637218151965293750&id=2397 HTTP/1.1" 404 1108 "-" "Mozilla/5.0 (compatible; MSIE 9.0; Windows NT 6.1; Trident/5.0)"
192.184.46.243 - - [06/Apr/2020:18:16:44 +0200] "GET //modules/smartprestashopthemeadmin/upload/hx.php?gc=2397&dm=jppr2.xyz&fl=index.php&rn=637218151973262500&id=2397 HTTP/1.1" 404 1052 "-" "Mozilla/5.0 (compatible; MSIE 9.0; Windows NT 6.1; Trident/5.0)"
192.184.46.243 - - [06/Apr/2020:18:16:44 +0200] "GET //modules/smartprestashopthemeadmin/upload/hx.php?gc=2397&dm=jppr2.xyz&fl=index.php&rn=637218151975137500&id=2397 HTTP/1.1" 404 1052 "-" "Mozilla/5.0 (compatible; MSIE 9.0; Windows NT 6.1; Trident/5.0)"
66.146.193.33 - - [06/Apr/2020:18:17:10 +0200] "POST /modules/smartprestashopthemeadmin/upload/26.php HTTP/1.1" 404 1077 "-" "curl/7.19.7 (x86_64-redhat-linux-gnu) libcurl/7.19.7 NSS/3.44 zlib/1.2.3 libidn/1.18 libssh2/1.4.2"
46.229.168.150 - - [06/Apr/2020:18:17:20 +0200] "GET /index.php/z5q0jc1jhodso.mom HTTP/1.1" 200 4618 "-" "Mozilla/5.0 (compatible; SemrushBot/6~bl; +http://www.semrush.com/bot.html)"
46.229.168.132 - - [06/Apr/2020:18:17:43 +0200] "GET /index.php/33i04pf.cc HTTP/1.1" 200 4618 "-" "Mozilla/5.0 (compatible; SemrushBot/6~bl; +http://www.semrush.com/bot.html)"
54.36.148.22 - - [06/Apr/2020:18:17:47 +0200] "GET /84-thickbox_default/table-de-soins-zen.jpg HTTP/1.1" 404 1052 "-" "Mozilla/5.0 (compatible; AhrefsBot/6.1; +http://ahrefs.com/robot/)"
46.229.168.142 - - [06/Apr/2020:18:18:06 +0200] "GET /index.php/26005d.tv HTTP/1.1" 200 4618 "-" "Mozilla/5.0 (compatible; SemrushBot/6~bl; +http://www.semrush.com/bot.html)"
185.220.101.196 - - [06/Apr/2020:18:19:11 +0200] "POST /modules/smartprestashopthemeadmin/upload/26.php HTTP/1.1" 404 1077 "-" "curl/7.19.7 (x86_64-redhat-linux-gnu) libcurl/7.19.7 NSS/3.44 zlib/1.2.3 libidn/1.18 libssh2/1.4.2"
46.229.168.150 - - [06/Apr/2020:18:19:44 +0200] "GET /index.php/reswk6p8dgvpuy0gwjzwpe.net HTTP/1.1" 200 4618 "-" "Mozilla/5.0 (compatible; SemrushBot/6~bl; +http://www.semrush.com/bot.html)"
199.249.230.114 - - [06/Apr/2020:18:21:15 +0200] "POST /modules/smartprestashopthemeadmin/upload/26.php HTTP/1.1" 404 1077 "-" "curl/7.19.7 (x86_64-redhat-linux-gnu) libcurl/7.19.7 NSS/3.44 zlib/1.2.3 libidn/1.18 libssh2/1.4.2"
192.184.46.243 - - [06/Apr/2020:18:21:27 +0200] "GET //modules/smartprestashopthemeadmin/upload/hx.php?gc=2397&dm=jppr2.xyz&fl=index.php&rn=637218154802325000&id=2397 HTTP/1.1" 404 1108 "-" "Mozilla/5.0 (compatible; MSIE 9.0; Windows NT 6.1; Trident/5.0)"
192.184.46.243 - - [06/Apr/2020:18:21:27 +0200] "GET //modules/smartprestashopthemeadmin/upload/hx.php?gc=2397&dm=jppr2.xyz&fl=index.php&rn=637218154805918750&id=2397 HTTP/1.1" 404 1052 "-" "Mozilla/5.0 (compatible; MSIE 9.0; Windows NT 6.1; Trident/5.0)"
192.184.46.243 - - [06/Apr/2020:18:21:27 +0200] "GET //modules/smartprestashopthemeadmin/upload/hx.php?gc=2397&dm=jppr2.xyz&fl=index.php&rn=637218154807793750&id=2397 HTTP/1.1" 404 1052 "-" "Mozilla/5.0 (compatible; MSIE 9.0; Windows NT 6.1; Trident/5.0)"
91.242.162.51 - - [06/Apr/2020:18:22:11 +0200] "GET /12-materiel-neuf HTTP/1.1" 404 1071 "-" "Mozilla/5.0 (compatible; Qwantify/2.4w; +https://www.qwant.com/)/2.4w"
46.229.168.140 - - [06/Apr/2020:18:22:31 +0200] "GET /index.php/yszs7tm929fo.science HTTP/1.1" 200 4618 "-" "Mozilla/5.0 (compatible; SemrushBot/6~bl; +http://www.semrush.com/bot.html)"
77.75.76.168 - - [06/Apr/2020:18:22:31 +0200] "GET /robots.txt HTTP/1.1" 404 1108 "-" "Mozilla/5.0 (compatible; SeznamBot/3.2; +http://napoveda.seznam.cz/en/seznambot-intro/)"
77.75.76.168 - - [06/Apr/2020:18:22:32 +0200] "GET /index.php/sitemap84.xml HTTP/1.1" 200 4655 "-" "Mozilla/5.0 (compatible; SeznamBot/3.2; +http://napoveda.seznam.cz/en/seznambot-intro/)"
18.178.251.24 - - [06/Apr/2020:18:23:10 +0200] "GET /?sadhjahsjdkx HTTP/1.1" 200 17615 "https://www.google.com" "Mozilla/5.0 (Linux; Android 7.1.2; AFTMM Build/NS6264; wv) AppleWebKit/537.36 (KHTML, like Gecko) Version/4.0 Chrome/59.0.3071.125 Mobile Safari/537.36"
46.229.168.130 - - [06/Apr/2020:18:23:11 +0200] "GET /index.php/0xdnx6cg.kp HTTP/1.1" 200 4618 "-" "Mozilla/5.0 (compatible; SemrushBot/6~bl; +http://www.semrush.com/bot.html)"
45.95.235.86 - - [06/Apr/2020:18:23:16 +0200] "POST /modules/smartprestashopthemeadmin/upload/26.php HTTP/1.1" 404 1077 "-" "curl/7.19.7 (x86_64-redhat-linux-gnu) libcurl/7.19.7 NSS/3.44 zlib/1.2.3 libidn/1.18 libssh2/1.4.2"
46.229.168.161 - - [06/Apr/2020:18:24:11 +0200] "GET /index.php/9u3o6yvjdqf59.bid HTTP/1.1" 200 4618 "-" "Mozilla/5.0 (compatible; SemrushBot/6~bl; +http://www.semrush.com/bot.html)"
212.21.66.6 - - [06/Apr/2020:18:25:18 +0200] "POST /modules/smartprestashopthemeadmin/upload/26.php HTTP/1.1" 404 1077 "-" "curl/7.19.7 (x86_64-redhat-linux-gnu) libcurl/7.19.7 NSS/3.44 zlib/1.2.3 libidn/1.18 libssh2/1.4.2"
46.229.168.154 - - [06/Apr/2020:18:25:47 +0200] "GET /index.php/jp0u70r4.aw HTTP/1.1" 200 4618 "-" "Mozilla/5.0 (compatible; SemrushBot/6~bl; +http://www.semrush.com/bot.html)"
192.184.46.243 - - [06/Apr/2020:18:26:11 +0200] "GET //modules/smartprestashopthemeadmin/upload/hx.php?gc=2397&dm=jppr2.xyz&fl=index.php&rn=637218157644668750&id=2397 HTTP/1.1" 404 1108 "-" "Mozilla/5.0 (compatible; MSIE 9.0; Windows NT 6.1; Trident/5.0)"
192.184.46.243 - - [06/Apr/2020:18:26:11 +0200] "GET //modules/smartprestashopthemeadmin/upload/hx.php?gc=2397&dm=jppr2.xyz&fl=index.php&rn=637218157648262500&id=2397 HTTP/1.1" 404 1052 "-" "Mozilla/5.0 (compatible; MSIE 9.0; Windows NT 6.1; Trident/5.0)"
192.184.46.243 - - [06/Apr/2020:18:26:11 +0200] "GET //modules/smartprestashopthemeadmin/upload/hx.php?gc=2397&dm=jppr2.xyz&fl=index.php&rn=637218157650137500&id=2397 HTTP/1.1" 404 1052 "-" "Mozilla/5.0 (compatible; MSIE 9.0; Windows NT 6.1; Trident/5.0)"
178.165.72.177 - - [06/Apr/2020:18:27:20 +0200] "POST /modules/smartprestashopthemeadmin/upload/26.php HTTP/1.1" 404 1077 "-" "curl/7.19.7 (x86_64-redhat-linux-gnu) libcurl/7.19.7 NSS/3.44 zlib/1.2.3 libidn/1.18 libssh2/1.4.2"
46.229.168.146 - - [06/Apr/2020:18:27:35 +0200] "GET /index.php/rr990nsbcu7f.tg HTTP/1.1" 200 4618 "-" "Mozilla/5.0 (compatible; SemrushBot/6~bl; +http://www.semrush.com/bot.html)"
46.229.168.133 - - [06/Apr/2020:18:28:09 +0200] "GET /index.php/ylzjtc0z66 HTTP/1.1" 200 4618 "-" "Mozilla/5.0 (compatible; SemrushBot/6~bl; +http://www.semrush.com/bot.html)"
46.229.168.129 - - [06/Apr/2020:18:28:44 +0200] "GET /index.php/kxskz44106vlc1735kuc9gr2fplh98i0n7.ir HTTP/1.1" 200 4618 "-" "Mozilla/5.0 (compatible; SemrushBot/6~bl; +http://www.semrush.com/bot.html)"
46.229.168.129 - - [06/Apr/2020:18:28:57 +0200] "GET /index.php/7ff2 HTTP/1.1" 200 4618 "-" "Mozilla/5.0 (compatible; SemrushBot/6~bl; +http://www.semrush.com/bot.html)"
46.229.168.147 - - [06/Apr/2020:18:29:04 +0200] "GET /index.php/39iqpzos7zijpvqglybd.bid HTTP/1.1" 200 4618 "-" "Mozilla/5.0 (compatible; SemrushBot/6~bl; +http://www.semrush.com/bot.html)"
185.220.100.254 - - [06/Apr/2020:18:29:21 +0200] "POST /modules/smartprestashopthemeadmin/upload/26.php HTTP/1.1" 404 1077 "-" "curl/7.19.7 (x86_64-redhat-linux-gnu) libcurl/7.19.7 NSS/3.44 zlib/1.2.3 libidn/1.18 libssh2/1.4.2"
46.229.168.143 - - [06/Apr/2020:18:29:34 +0200] "GET /index.php/a3osdslbdy.php HTTP/1.1" 200 4618 "-" "Mozilla/5.0 (compatible; SemrushBot/6~bl; +http://www.semrush.com/bot.html)"
146.185.236.20 - - [06/Apr/2020:18:30:02 +0200] "GET /contact HTTP/1.1" 404 1108 "-" "Mozilla/5.0 (Windows NT 10.0; Win64; x64) AppleWebKit/537.36 (KHTML, like Gecko) Chrome/66.0.3359.170 Safari/537.36"
146.185.236.20 - - [06/Apr/2020:18:30:03 +0200] "GET / HTTP/1.1" 200 4655 "http://www.materiel-esthetique.fr/contact" "Mozilla/5.0 (Windows NT 10.0; Win64; x64) AppleWebKit/537.36 (KHTML, like Gecko) Chrome/66.0.3359.170 Safari/537.36"
146.185.236.20 - - [06/Apr/2020:18:30:04 +0200] "GET /index.php HTTP/1.1" 200 4655 "http://www.materiel-esthetique.fr/contact" "Mozilla/5.0 (Windows NT 10.0; Win64; x64) AppleWebKit/537.36 (KHTML, like Gecko) Chrome/66.0.3359.170 Safari/537.36"
104.244.76.189 - - [06/Apr/2020:18:31:24 +0200] "POST /modules/smartprestashopthemeadmin/upload/26.php HTTP/1.1" 404 1077 "-" "curl/7.19.7 (x86_64-redhat-linux-gnu) libcurl/7.19.7 NSS/3.44 zlib/1.2.3 libidn/1.18 libssh2/1.4.2"
192.184.46.243 - - [06/Apr/2020:18:31:57 +0200] "GET //modules/smartprestashopthemeadmin/upload/hx.php?gc=2397&dm=jppr2.xyz&fl=index.php&rn=637218161108731250&id=2397 HTTP/1.1" 404 1108 "-" "Mozilla/5.0 (compatible; MSIE 9.0; Windows NT 6.1; Trident/5.0)"
192.184.46.243 - - [06/Apr/2020:18:31:58 +0200] "GET //modules/smartprestashopthemeadmin/upload/hx.php?gc=2397&dm=jppr2.xyz&fl=index.php&rn=637218161112481250&id=2397 HTTP/1.1" 404 1052 "-" "Mozilla/5.0 (compatible; MSIE 9.0; Windows NT 6.1; Trident/5.0)"
192.184.46.243 - - [06/Apr/2020:18:31:58 +0200] "GET //modules/smartprestashopthemeadmin/upload/hx.php?gc=2397&dm=jppr2.xyz&fl=index.php&rn=637218161114512500&id=2397 HTTP/1.1" 404 1052 "-" "Mozilla/5.0 (compatible; MSIE 9.0; Windows NT 6.1; Trident/5.0)"
40.77.167.99 - - [06/Apr/2020:18:32:19 +0200] "GET /gd3mah7zx32mar HTTP/1.1" 404 1108 "-" "Mozilla/5.0 (compatible; bingbot/2.0; +http://www.bing.com/bingbot.htm)"
46.229.168.135 - - [06/Apr/2020:18:33:04 +0200] "GET /index.php/cyvlymcwvnray5vsufiroibh2wumbumb0elooo.br HTTP/1.1" 200 4618 "-" "Mozilla/5.0 (compatible; SemrushBot/6~bl; +http://www.semrush.com/bot.html)"
178.17.170.88 - - [06/Apr/2020:18:33:26 +0200] "POST /modules/smartprestashopthemeadmin/upload/26.php HTTP/1.1" 404 1077 "-" "curl/7.19.7 (x86_64-redhat-linux-gnu) libcurl/7.19.7 NSS/3.44 zlib/1.2.3 libidn/1.18 libssh2/1.4.2"
46.229.168.132 - - [06/Apr/2020:18:34:01 +0200] "GET /index.php/2fb2r83mxpte.comtw HTTP/1.1" 200 4618 "-" "Mozilla/5.0 (compatible; SemrushBot/6~bl; +http://www.semrush.com/bot.html)"
46.229.168.136 - - [06/Apr/2020:18:34:03 +0200] "GET /index.php/yjkmn9258624yy HTTP/1.1" 200 4618 "-" "Mozilla/5.0 (compatible; SemrushBot/6~bl; +http://www.semrush.com/bot.html)"
46.229.168.143 - - [06/Apr/2020:18:34:50 +0200] "GET /index.php/vzctvfwul84.ir HTTP/1.1" 200 4618 "-" "Mozilla/5.0 (compatible; SemrushBot/6~bl; +http://www.semrush.com/bot.html)"
209.141.50.123 - - [06/Apr/2020:18:35:32 +0200] "POST /modules/smartprestashopthemeadmin/upload/26.php HTTP/1.0" 404 1071 "-" "curl/7.19.7 (x86_64-redhat-linux-gnu) libcurl/7.19.7 NSS/3.44 zlib/1.2.3 libidn/1.18 libssh2/1.4.2"
209.141.50.123 - - [06/Apr/2020:18:37:36 +0200] "POST /modules/smartprestashopthemeadmin/upload/26.php HTTP/1.0" 404 1071 "-" "curl/7.19.7 (x86_64-redhat-linux-gnu) libcurl/7.19.7 NSS/3.44 zlib/1.2.3 libidn/1.18 libssh2/1.4.2"
192.184.46.243 - - [06/Apr/2020:18:37:43 +0200] "GET //modules/smartprestashopthemeadmin/upload/hx.php?gc=2397&dm=jppr2.xyz&fl=index.php&rn=637218164567481250&id=2397 HTTP/1.1" 404 1108 "-" "Mozilla/5.0 (compatible; MSIE 9.0; Windows NT 6.1; Trident/5.0)"
192.184.46.243 - - [06/Apr/2020:18:37:43 +0200] "GET //modules/smartprestashopthemeadmin/upload/hx.php?gc=2397&dm=jppr2.xyz&fl=index.php&rn=637218164570918750&id=2397 HTTP/1.1" 404 1052 "-" "Mozilla/5.0 (compatible; MSIE 9.0; Windows NT 6.1; Trident/5.0)"
192.184.46.243 - - [06/Apr/2020:18:37:44 +0200] "GET //modules/smartprestashopthemeadmin/upload/hx.php?gc=2397&dm=jppr2.xyz&fl=index.php&rn=637218164572637500&id=2397 HTTP/1.1" 404 1052 "-" "Mozilla/5.0 (compatible; MSIE 9.0; Windows NT 6.1; Trident/5.0)"
46.229.168.134 - - [06/Apr/2020:18:37:53 +0200] "GET /robots.txt HTTP/1.1" 404 1071 "-" "Mozilla/5.0 (compatible; SemrushBot/6~bl; +http://www.semrush.com/bot.html)"
46.229.168.144 - - [06/Apr/2020:18:37:54 +0200] "GET /index.php/z3uxez8kdfaz.tips HTTP/1.1" 200 4618 "-" "Mozilla/5.0 (compatible; SemrushBot/6~bl; +http://www.semrush.com/bot.html)"
40.77.167.37 - - [06/Apr/2020:18:38:15 +0200] "GET /tptm1n.tech HTTP/1.1" 404 1108 "-" "Mozilla/5.0 (compatible; bingbot/2.0; +http://www.bing.com/bingbot.htm)"
46.229.168.137 - - [06/Apr/2020:18:39:25 +0200] "GET /index.php/7v8l452q3ia HTTP/1.1" 200 4618 "-" "Mozilla/5.0 (compatible; SemrushBot/6~bl; +http://www.semrush.com/bot.html)"
209.141.50.123 - - [06/Apr/2020:18:39:40 +0200] "POST /modules/smartprestashopthemeadmin/upload/26.php HTTP/1.0" 404 1071 "-" "curl/7.19.7 (x86_64-redhat-linux-gnu) libcurl/7.19.7 NSS/3.44 zlib/1.2.3 libidn/1.18 libssh2/1.4.2"
46.229.168.142 - - [06/Apr/2020:18:39:55 +0200] "GET /index.php/sdob392fc9sqekc4yw274l24ur2.cc HTTP/1.1" 200 4618 "-" "Mozilla/5.0 (compatible; SemrushBot/6~bl; +http://www.semrush.com/bot.html)"
40.77.167.36 - - [06/Apr/2020:18:40:25 +0200] "GET /14-table-de-soins?p=2 HTTP/1.1" 404 1108 "-" "Mozilla/5.0 (compatible; bingbot/2.0; +http://www.bing.com/bingbot.htm)"
46.229.168.151 - - [06/Apr/2020:18:40:37 +0200] "GET /index.php/xzv78f0ilqb.bar HTTP/1.1" 200 4618 "-" "Mozilla/5.0 (compatible; SemrushBot/6~bl; +http://www.semrush.com/bot.html)"
46.229.168.132 - - [06/Apr/2020:18:40:59 +0200] "GET /index.php/hikzwgdvbfdc1u6t0911tznlzn9w0dyxsep7qot784zvqr.rent HTTP/1.1" 200 4618 "-" "Mozilla/5.0 (compatible; SemrushBot/6~bl; +http://www.semrush.com/bot.html)"
209.141.50.123 - - [06/Apr/2020:18:41:43 +0200] "POST /modules/smartprestashopthemeadmin/upload/26.php HTTP/1.0" 404 1071 "-" "curl/7.19.7 (x86_64-redhat-linux-gnu) libcurl/7.19.7 NSS/3.44 zlib/1.2.3 libidn/1.18 libssh2/1.4.2"
40.77.167.36 - - [06/Apr/2020:18:42:21 +0200] "GET /kzt7ad52.mba HTTP/1.1" 404 1108 "-" "Mozilla/5.0 (compatible; bingbot/2.0; +http://www.bing.com/bingbot.htm)"
192.184.46.243 - - [06/Apr/2020:18:42:30 +0200] "GET //modules/smartprestashopthemeadmin/upload/hx.php?gc=2397&dm=jppr2.xyz&fl=index.php&rn=637218167435137500&id=2397 HTTP/1.1" 404 1108 "-" "Mozilla/5.0 (compatible; MSIE 9.0; Windows NT 6.1; Trident/5.0)"
192.184.46.243 - - [06/Apr/2020:18:42:30 +0200] "GET //modules/smartprestashopthemeadmin/upload/hx.php?gc=2397&dm=jppr2.xyz&fl=index.php&rn=637218167438575000&id=2397 HTTP/1.1" 404 1052 "-" "Mozilla/5.0 (compatible; MSIE 9.0; Windows NT 6.1; Trident/5.0)"
192.184.46.243 - - [06/Apr/2020:18:42:30 +0200] "GET //modules/smartprestashopthemeadmin/upload/hx.php?gc=2397&dm=jppr2.xyz&fl=index.php&rn=637218167440606250&id=2397 HTTP/1.1" 404 1052 "-" "Mozilla/5.0 (compatible; MSIE 9.0; Windows NT 6.1; Trident/5.0)"
46.229.168.161 - - [06/Apr/2020:18:42:32 +0200] "GET /index.php/7i2z45kdprkskwzs HTTP/1.1" 200 4618 "-" "Mozilla/5.0 (compatible; SemrushBot/6~bl; +http://www.semrush.com/bot.html)"
46.229.168.145 - - [06/Apr/2020:18:43:29 +0200] "GET /index.php/86fvn7wai3gp5.ke HTTP/1.1" 200 4618 "-" "Mozilla/5.0 (compatible; SemrushBot/6~bl; +http://www.semrush.com/bot.html)"
209.141.50.123 - - [06/Apr/2020:18:43:46 +0200] "POST /modules/smartprestashopthemeadmin/upload/26.php HTTP/1.0" 404 1071 "-" "curl/7.19.7 (x86_64-redhat-linux-gnu) libcurl/7.19.7 NSS/3.44 zlib/1.2.3 libidn/1.18 libssh2/1.4.2"
40.77.167.37 - - [06/Apr/2020:18:44:42 +0200] "GET /mbraf7mejyktk.nl HTTP/1.1" 404 1108 "-" "Mozilla/5.0 (compatible; bingbot/2.0; +http://www.bing.com/bingbot.htm)"
40.77.167.36 - - [06/Apr/2020:18:45:08 +0200] "GET /qdoe.wtf HTTP/1.1" 404 1108 "-" "Mozilla/5.0 (compatible; bingbot/2.0; +http://www.bing.com/bingbot.htm)"
40.77.167.36 - - [06/Apr/2020:18:45:08 +0200] "GET /tuqqo13kx3oqw.pics HTTP/1.1" 404 1108 "-" "Mozilla/5.0 (compatible; bingbot/2.0; +http://www.bing.com/bingbot.htm)"
46.229.168.148 - - [06/Apr/2020:18:45:44 +0200] "GET /index.php/9ya6vd70trhmov.ci HTTP/1.1" 200 4618 "-" "Mozilla/5.0 (compatible; SemrushBot/6~bl; +http://www.semrush.com/bot.html)"
185.220.101.170 - - [06/Apr/2020:18:45:45 +0200] "POST /modules/smartprestashopthemeadmin/upload/26.php HTTP/1.1" 404 1077 "-" "curl/7.19.7 (x86_64-redhat-linux-gnu) libcurl/7.19.7 NSS/3.44 zlib/1.2.3 libidn/1.18 libssh2/1.4.2"
46.229.168.152 - - [06/Apr/2020:18:45:53 +0200] "GET /index.php/22h9.top HTTP/1.1" 200 4618 "-" "Mozilla/5.0 (compatible; SemrushBot/6~bl; +http://www.semrush.com/bot.html)"
40.77.167.37 - - [06/Apr/2020:18:46:21 +0200] "GET /4gh0apfysdvrb84308g.tips HTTP/1.1" 404 1108 "-" "Mozilla/5.0 (compatible; bingbot/2.0; +http://www.bing.com/bingbot.htm)"
46.229.168.140 - - [06/Apr/2020:18:46:22 +0200] "GET /index.php/rs8c7xaltqf47j.aspx HTTP/1.1" 200 4618 "-" "Mozilla/5.0 (compatible; SemrushBot/6~bl; +http://www.semrush.com/bot.html)"
192.184.46.243 - - [06/Apr/2020:18:47:17 +0200] "GET //modules/smartprestashopthemeadmin/upload/hx.php?gc=2397&dm=jppr2.xyz&fl=index.php&rn=637218170307793750&id=2397 HTTP/1.1" 404 1108 "-" "Mozilla/5.0 (compatible; MSIE 9.0; Windows NT 6.1; Trident/5.0)"
192.184.46.243 - - [06/Apr/2020:18:47:17 +0200] "GET //modules/smartprestashopthemeadmin/upload/hx.php?gc=2397&dm=jppr2.xyz&fl=index.php&rn=637218170311387500&id=2397 HTTP/1.1" 404 1052 "-" "Mozilla/5.0 (compatible; MSIE 9.0; Windows NT 6.1; Trident/5.0)"
192.184.46.243 - - [06/Apr/2020:18:47:18 +0200] "GET //modules/smartprestashopthemeadmin/upload/hx.php?gc=2397&dm=jppr2.xyz&fl=index.php&rn=637218170313262500&id=2397 HTTP/1.1" 404 1052 "-" "Mozilla/5.0 (compatible; MSIE 9.0; Windows NT 6.1; Trident/5.0)"
40.77.167.37 - - [06/Apr/2020:18:47:21 +0200] "GET /a7173ep.mp HTTP/1.1" 404 1108 "-" "Mozilla/5.0 (compatible; bingbot/2.0; +http://www.bing.com/bingbot.htm)"
46.229.168.152 - - [06/Apr/2020:18:47:44 +0200] "GET /index.php/8j7a2jn HTTP/1.1" 200 4618 "-" "Mozilla/5.0 (compatible; SemrushBot/6~bl; +http://www.semrush.com/bot.html)"
185.220.101.27 - - [06/Apr/2020:18:47:47 +0200] "POST /modules/smartprestashopthemeadmin/upload/26.php HTTP/1.1" 404 1077 "-" "curl/7.19.7 (x86_64-redhat-linux-gnu) libcurl/7.19.7 NSS/3.44 zlib/1.2.3 libidn/1.18 libssh2/1.4.2"
46.229.168.137 - - [06/Apr/2020:18:48:01 +0200] "GET /index.php/3pqccg.bar HTTP/1.1" 200 4618 "-" "Mozilla/5.0 (compatible; SemrushBot/6~bl; +http://www.semrush.com/bot.html)"
46.229.168.141 - - [06/Apr/2020:18:49:09 +0200] "GET /index.php/265ukwoo1z051hmhkc HTTP/1.1" 200 4618 "-" "Mozilla/5.0 (compatible; SemrushBot/6~bl; +http://www.semrush.com/bot.html)"
157.55.39.104 - - [06/Apr/2020:18:49:16 +0200] "GET /2z9iqh1047l.is HTTP/1.1" 404 1108 "-" "Mozilla/5.0 (compatible; bingbot/2.0; +http://www.bing.com/bingbot.htm)"
185.220.101.139 - - [06/Apr/2020:18:49:50 +0200] "POST /modules/smartprestashopthemeadmin/upload/26.php HTTP/1.1" 404 1077 "-" "curl/7.19.7 (x86_64-redhat-linux-gnu) libcurl/7.19.7 NSS/3.44 zlib/1.2.3 libidn/1.18 libssh2/1.4.2"
40.77.167.37 - - [06/Apr/2020:18:50:35 +0200] "GET /ron8b6xd9 HTTP/1.1" 404 1108 "-" "Mozilla/5.0 (compatible; bingbot/2.0; +http://www.bing.com/bingbot.htm)"
46.229.168.133 - - [06/Apr/2020:18:51:26 +0200] "GET /index.php/1q64x.bt HTTP/1.1" 200 4618 "-" "Mozilla/5.0 (compatible; SemrushBot/6~bl; +http://www.semrush.com/bot.html)"
94.230.208.148 - - [06/Apr/2020:18:51:52 +0200] "POST /modules/smartprestashopthemeadmin/upload/26.php HTTP/1.1" 404 1077 "-" "curl/7.19.7 (x86_64-redhat-linux-gnu) libcurl/7.19.7 NSS/3.44 zlib/1.2.3 libidn/1.18 libssh2/1.4.2"
40.77.167.36 - - [06/Apr/2020:18:51:58 +0200] "GET /vmiut0w0ji1kpg.gh HTTP/1.1" 404 1108 "-" "Mozilla/5.0 (compatible; bingbot/2.0; +http://www.bing.com/bingbot.htm)"
192.184.46.243 - - [06/Apr/2020:18:52:10 +0200] "GET //modules/smartprestashopthemeadmin/upload/hx.php?gc=2397&dm=jppr2.xyz&fl=index.php&rn=637218173238575000&id=2397 HTTP/1.1" 404 1108 "-" "Mozilla/5.0 (compatible; MSIE 9.0; Windows NT 6.1; Trident/5.0)"
192.184.46.243 - - [06/Apr/2020:18:52:11 +0200] "GET //modules/smartprestashopthemeadmin/upload/hx.php?gc=2397&dm=jppr2.xyz&fl=index.php&rn=637218173242168750&id=2397 HTTP/1.1" 404 1052 "-" "Mozilla/5.0 (compatible; MSIE 9.0; Windows NT 6.1; Trident/5.0)"
192.184.46.243 - - [06/Apr/2020:18:52:11 +0200] "GET //modules/smartprestashopthemeadmin/upload/hx.php?gc=2397&dm=jppr2.xyz&fl=index.php&rn=637218173244043750&id=2397 HTTP/1.1" 404 1052 "-" "Mozilla/5.0 (compatible; MSIE 9.0; Windows NT 6.1; Trident/5.0)"
46.229.168.136 - - [06/Apr/2020:18:52:56 +0200] "GET /index.php/4hht.sap HTTP/1.1" 200 4618 "-" "Mozilla/5.0 (compatible; SemrushBot/6~bl; +http://www.semrush.com/bot.html)"
40.77.167.99 - - [06/Apr/2020:18:53:14 +0200] "GET /4rzEZoQR2Ai/x-is_39820_ia HTTP/1.1" 404 1108 "-" "Mozilla/5.0 (compatible; bingbot/2.0; +http://www.bing.com/bingbot.htm)"
157.55.39.104 - - [06/Apr/2020:18:53:35 +0200] "GET /rg55.coffee HTTP/1.1" 404 1108 "-" "Mozilla/5.0 (compatible; bingbot/2.0; +http://www.bing.com/bingbot.htm)"
40.77.167.36 - - [06/Apr/2020:18:53:40 +0200] "GET /l7j43cps940 HTTP/1.1" 404 1108 "-" "Mozilla/5.0 (compatible; bingbot/2.0; +http://www.bing.com/bingbot.htm)"
40.77.167.37 - - [06/Apr/2020:18:53:45 +0200] "GET /olgtjf3nym.bi HTTP/1.1" 404 1108 "-" "Mozilla/5.0 (compatible; bingbot/2.0; +http://www.bing.com/bingbot.htm)"
185.220.101.171 - - [06/Apr/2020:18:53:54 +0200] "POST /modules/smartprestashopthemeadmin/upload/26.php HTTP/1.1" 404 1077 "-" "curl/7.19.7 (x86_64-redhat-linux-gnu) libcurl/7.19.7 NSS/3.44 zlib/1.2.3 libidn/1.18 libssh2/1.4.2"
46.229.168.131 - - [06/Apr/2020:18:54:06 +0200] "GET /index.php/dyt5q4xbolbo5g.mba HTTP/1.1" 200 4618 "-" "Mozilla/5.0 (compatible; SemrushBot/6~bl; +http://www.semrush.com/bot.html)"
46.229.168.141 - - [06/Apr/2020:18:55:00 +0200] "GET /index.php/qs2dl61hak0c1n5esam2o6l79sm33dcu4l2nmuopu3jtar.sl HTTP/1.1" 200 4618 "-" "Mozilla/5.0 (compatible; SemrushBot/6~bl; +http://www.semrush.com/bot.html)"
23.100.232.233 - - [06/Apr/2020:18:55:36 +0200] "GET /6pl3bgfqls3xy HTTP/1.1" 404 1108 "-" "Mozilla/5.0 (compatible; MSIE 9.0; Windows NT 6.1; Trident/5.0;  Trident/5.0)"
23.100.232.233 - - [06/Apr/2020:18:55:36 +0200] "GET /error_docs/styles.css HTTP/1.1" 200 1291 "http://www.materiel-esthetique.fr/6pl3bgfqls3xy" "Mozilla/5.0 (compatible; MSIE 9.0; Windows NT 6.1; Trident/5.0;  Trident/5.0)"
23.100.232.233 - - [06/Apr/2020:18:55:37 +0200] "GET /error_docs/server.svg HTTP/1.1" 200 7714 "http://www.materiel-esthetique.fr/6pl3bgfqls3xy" "Mozilla/5.0 (compatible; MSIE 9.0; Windows NT 6.1; Trident/5.0;  Trident/5.0)"
217.79.178.53 - - [06/Apr/2020:18:55:56 +0200] "POST /modules/smartprestashopthemeadmin/upload/26.php HTTP/1.1" 404 1077 "-" "curl/7.19.7 (x86_64-redhat-linux-gnu) libcurl/7.19.7 NSS/3.44 zlib/1.2.3 libidn/1.18 libssh2/1.4.2"
40.77.167.99 - - [06/Apr/2020:18:56:01 +0200] "GET /node_124725.htm HTTP/1.1" 404 1108 "-" "Mozilla/5.0 (compatible; bingbot/2.0; +http://www.bing.com/bingbot.htm)"
40.77.167.37 - - [06/Apr/2020:18:56:16 +0200] "GET /p3neos00hjhwp900j.accountant HTTP/1.1" 404 1108 "-" "Mozilla/5.0 (compatible; bingbot/2.0; +http://www.bing.com/bingbot.htm)"
46.229.168.154 - - [06/Apr/2020:18:57:17 +0200] "GET /index.php/q7qogl.st HTTP/1.1" 200 4618 "-" "Mozilla/5.0 (compatible; SemrushBot/6~bl; +http://www.semrush.com/bot.html)"
40.77.167.37 - - [06/Apr/2020:18:57:22 +0200] "GET /mpzx8nahl2sxh.nr HTTP/1.1" 404 1108 "-" "Mozilla/5.0 (compatible; bingbot/2.0; +http://www.bing.com/bingbot.htm)"
46.229.168.151 - - [06/Apr/2020:18:57:23 +0200] "GET /index.php/85zgfp6em7hgfk3z6ysecrgc45tt3yop.by HTTP/1.1" 200 4618 "-" "Mozilla/5.0 (compatible; SemrushBot/6~bl; +http://www.semrush.com/bot.html)"
192.184.46.243 - - [06/Apr/2020:18:57:59 +0200] "GET //modules/smartprestashopthemeadmin/upload/hx.php?gc=2397&dm=jppr2.xyz&fl=index.php&rn=637218176727950000&id=2397 HTTP/1.1" 404 1108 "-" "Mozilla/5.0 (compatible; MSIE 9.0; Windows NT 6.1; Trident/5.0)"
192.184.46.243 - - [06/Apr/2020:18:58:00 +0200] "GET //modules/smartprestashopthemeadmin/upload/hx.php?gc=2397&dm=jppr2.xyz&fl=index.php&rn=637218176731700000&id=2397 HTTP/1.1" 404 1052 "-" "Mozilla/5.0 (compatible; MSIE 9.0; Windows NT 6.1; Trident/5.0)"
192.184.46.243 - - [06/Apr/2020:18:58:00 +0200] "GET //modules/smartprestashopthemeadmin/upload/hx.php?gc=2397&dm=jppr2.xyz&fl=index.php&rn=637218176733731250&id=2397 HTTP/1.1" 404 1052 "-" "Mozilla/5.0 (compatible; MSIE 9.0; Windows NT 6.1; Trident/5.0)"
199.249.230.112 - - [06/Apr/2020:18:58:00 +0200] "POST /modules/smartprestashopthemeadmin/upload/26.php HTTP/1.1" 404 1077 "-" "curl/7.19.7 (x86_64-redhat-linux-gnu) libcurl/7.19.7 NSS/3.44 zlib/1.2.3 libidn/1.18 libssh2/1.4.2"
40.77.167.36 - - [06/Apr/2020:18:58:45 +0200] "GET /?/ueber-die-branche/studien/2017.html HTTP/1.1" 200 4655 "-" "Mozilla/5.0 (compatible; bingbot/2.0; +http://www.bing.com/bingbot.htm)"
46.229.168.131 - - [06/Apr/2020:18:59:10 +0200] "GET /index.php/ppsekbn.name HTTP/1.1" 200 4618 "-" "Mozilla/5.0 (compatible; SemrushBot/6~bl; +http://www.semrush.com/bot.html)"
46.229.168.145 - - [06/Apr/2020:18:59:54 +0200] "GET /index.php/u3k9e.lb HTTP/1.1" 200 4618 "-" "Mozilla/5.0 (compatible; SemrushBot/6~bl; +http://www.semrush.com/bot.html)"
46.229.168.142 - - [06/Apr/2020:18:59:57 +0200] "GET /index.php/fdfymebak1gzdjd8lmx8l97xu7fu7e8lfpc7gy6i3noy.kn HTTP/1.1" 200 4618 "-" "Mozilla/5.0 (compatible; SemrushBot/6~bl; +http://www.semrush.com/bot.html)"
46.229.168.145 - - [06/Apr/2020:19:00:00 +0200] "GET /index.php/6spor08qjwipnytobayxlfnzwkr3a9n.bw HTTP/1.1" 200 4618 "-" "Mozilla/5.0 (compatible; SemrushBot/6~bl; +http://www.semrush.com/bot.html)"
195.176.3.19 - - [06/Apr/2020:19:00:02 +0200] "POST /modules/smartprestashopthemeadmin/upload/26.php HTTP/1.1" 404 1077 "-" "curl/7.19.7 (x86_64-redhat-linux-gnu) libcurl/7.19.7 NSS/3.44 zlib/1.2.3 libidn/1.18 libssh2/1.4.2"
46.229.168.146 - - [06/Apr/2020:19:00:13 +0200] "GET /index.php/ugg48dl1ylhke2.name HTTP/1.1" 200 4618 "-" "Mozilla/5.0 (compatible; SemrushBot/6~bl; +http://www.semrush.com/bot.html)"
18.178.251.24 - - [06/Apr/2020:19:00:19 +0200] "GET /robots.txt HTTP/1.1" 404 1052 "https://google.com" "Mozilla/5.0 (Windows NT 6.2; WOW64) AppleWebKit/537.36 (KHTML, like Gecko) Chrome/42.0.2311.90 Safari/537.36"
46.229.168.144 - - [06/Apr/2020:19:00:33 +0200] "GET /index.php/q8fv45wp9o50 HTTP/1.1" 200 4618 "-" "Mozilla/5.0 (compatible; SemrushBot/6~bl; +http://www.semrush.com/bot.html)"
40.77.167.164 - - [06/Apr/2020:19:01:08 +0200] "GET /2010/04/morsecodeletters.jpg HTTP/1.1" 404 1108 "-" "Mozilla/5.0 (compatible; bingbot/2.0; +http://www.bing.com/bingbot.htm)"
40.77.167.164 - - [06/Apr/2020:19:01:08 +0200] "GET /2011/03/003c-f2.jpg HTTP/1.1" 404 1107 "-" "Mozilla/5.0 (compatible; bingbot/2.0; +http://www.bing.com/bingbot.htm)"
40.77.167.36 - - [06/Apr/2020:19:01:30 +0200] "GET /promotions HTTP/1.1" 404 1108 "-" "Mozilla/5.0 (compatible; bingbot/2.0; +http://www.bing.com/bingbot.htm)"
31.220.2.131 - - [06/Apr/2020:19:02:05 +0200] "POST /modules/smartprestashopthemeadmin/upload/26.php HTTP/1.1" 404 1077 "-" "curl/7.19.7 (x86_64-redhat-linux-gnu) libcurl/7.19.7 NSS/3.44 zlib/1.2.3 libidn/1.18 libssh2/1.4.2"
192.184.46.243 - - [06/Apr/2020:19:02:42 +0200] "GET //modules/smartprestashopthemeadmin/upload/hx.php?gc=2397&dm=jppr2.xyz&fl=index.php&rn=637218179556700000&id=2397 HTTP/1.1" 404 1108 "-" "Mozilla/5.0 (compatible; MSIE 9.0; Windows NT 6.1; Trident/5.0)"
192.184.46.243 - - [06/Apr/2020:19:02:42 +0200] "GET //modules/smartprestashopthemeadmin/upload/hx.php?gc=2397&dm=jppr2.xyz&fl=index.php&rn=637218179559981250&id=2397 HTTP/1.1" 404 1052 "-" "Mozilla/5.0 (compatible; MSIE 9.0; Windows NT 6.1; Trident/5.0)"
192.184.46.243 - - [06/Apr/2020:19:02:43 +0200] "GET //modules/smartprestashopthemeadmin/upload/hx.php?gc=2397&dm=jppr2.xyz&fl=index.php&rn=637218179561700000&id=2397 HTTP/1.1" 404 1052 "-" "Mozilla/5.0 (compatible; MSIE 9.0; Windows NT 6.1; Trident/5.0)"
46.229.168.142 - - [06/Apr/2020:19:03:16 +0200] "GET /index.php/pjxiw8wa2nnaexytpfrcvtqzroat7xi12s.game HTTP/1.1" 200 4618 "-" "Mozilla/5.0 (compatible; SemrushBot/6~bl; +http://www.semrush.com/bot.html)"
31.220.2.134 - - [06/Apr/2020:19:04:07 +0200] "POST /modules/smartprestashopthemeadmin/upload/26.php HTTP/1.1" 404 1077 "-" "curl/7.19.7 (x86_64-redhat-linux-gnu) libcurl/7.19.7 NSS/3.44 zlib/1.2.3 libidn/1.18 libssh2/1.4.2"
46.229.168.132 - - [06/Apr/2020:19:04:38 +0200] "GET /index.php/be5o.ke HTTP/1.1" 200 4618 "-" "Mozilla/5.0 (compatible; SemrushBot/6~bl; +http://www.semrush.com/bot.html)"
46.229.168.136 - - [06/Apr/2020:19:05:12 +0200] "GET /index.php/1f46i14yc.af HTTP/1.1" 200 4618 "-" "Mozilla/5.0 (compatible; SemrushBot/6~bl; +http://www.semrush.com/bot.html)"
40.77.167.37 - - [06/Apr/2020:19:05:35 +0200] "GET /kw.lk HTTP/1.1" 404 1108 "-" "Mozilla/5.0 (compatible; bingbot/2.0; +http://www.bing.com/bingbot.htm)"
46.229.168.149 - - [06/Apr/2020:19:05:54 +0200] "GET /index.php/34j2dqyjjykeeuqlmij5id4hh3.mg HTTP/1.1" 200 4618 "-" "Mozilla/5.0 (compatible; SemrushBot/6~bl; +http://www.semrush.com/bot.html)"
46.229.168.137 - - [06/Apr/2020:19:06:07 +0200] "GET /index.php/9x7femi0rf3gmq.sz HTTP/1.1" 200 4618 "-" "Mozilla/5.0 (compatible; SemrushBot/6~bl; +http://www.semrush.com/bot.html)"
205.185.124.223 - - [06/Apr/2020:19:06:13 +0200] "POST /modules/smartprestashopthemeadmin/upload/26.php HTTP/1.0" 404 1071 "-" "curl/7.19.7 (x86_64-redhat-linux-gnu) libcurl/7.19.7 NSS/3.44 zlib/1.2.3 libidn/1.18 libssh2/1.4.2"
46.229.168.137 - - [06/Apr/2020:19:07:33 +0200] "GET /index.php/janhwnhk8m4abyupvqjub02nft2zl3p8n6672fmt6.af HTTP/1.1" 200 4618 "-" "Mozilla/5.0 (compatible; SemrushBot/6~bl; +http://www.semrush.com/bot.html)"
46.229.168.134 - - [06/Apr/2020:19:08:08 +0200] "GET /index.php/x5g4b30x49hbbvs34nf9my8ki8rrk3b4tk2.pics HTTP/1.1" 200 4618 "-" "Mozilla/5.0 (compatible; SemrushBot/6~bl; +http://www.semrush.com/bot.html)"
18.178.251.24 - - [06/Apr/2020:19:08:15 +0200] "GET //modules/smartprestashopthemeadmin/upload/hx.php HTTP/1.1" 404 1052 "https://google.com" "Mozilla/5.0 (Windows NT 6.1; WOW64) AppleWebKit/537.36 (KHTML, like Gecko) Chrome/51.0.2704.103 Safari/537.36"
158.69.201.47 - - [06/Apr/2020:19:08:25 +0200] "POST /modules/smartprestashopthemeadmin/upload/26.php HTTP/1.1" 404 1077 "-" "curl/7.19.7 (x86_64-redhat-linux-gnu) libcurl/7.19.7 NSS/3.44 zlib/1.2.3 libidn/1.18 libssh2/1.4.2"
192.184.46.243 - - [06/Apr/2020:19:08:47 +0200] "GET //modules/smartprestashopthemeadmin/upload/hx.php?gc=2397&dm=jppr2.xyz&fl=index.php&rn=637218183208106250&id=2397 HTTP/1.1" 404 1108 "-" "Mozilla/5.0 (compatible; MSIE 9.0; Windows NT 6.1; Trident/5.0)"
192.184.46.243 - - [06/Apr/2020:19:08:48 +0200] "GET //modules/smartprestashopthemeadmin/upload/hx.php?gc=2397&dm=jppr2.xyz&fl=index.php&rn=637218183211387500&id=2397 HTTP/1.1" 404 1052 "-" "Mozilla/5.0 (compatible; MSIE 9.0; Windows NT 6.1; Trident/5.0)"
192.184.46.243 - - [06/Apr/2020:19:08:48 +0200] "GET //modules/smartprestashopthemeadmin/upload/hx.php?gc=2397&dm=jppr2.xyz&fl=index.php&rn=637218183213262500&id=2397 HTTP/1.1" 404 1052 "-" "Mozilla/5.0 (compatible; MSIE 9.0; Windows NT 6.1; Trident/5.0)"
46.229.168.161 - - [06/Apr/2020:19:08:54 +0200] "GET /index.php/c6sojzx.ma HTTP/1.1" 200 4618 "-" "Mozilla/5.0 (compatible; SemrushBot/6~bl; +http://www.semrush.com/bot.html)"
18.178.251.24 - - [06/Apr/2020:19:08:57 +0200] "GET //modules/smartprestashopthemeadmin/upload/26.php HTTP/1.1" 404 1052 "https://google.com" "Mozilla/5.0 (Windows NT 6.1; Win64; x64) AppleWebKit/537.36 (KHTML, like Gecko) Chrome/67.0.3396.99 Safari/537.36"
157.55.39.104 - - [06/Apr/2020:19:09:37 +0200] "GET /ddojp9rbkv6uc2.bj HTTP/1.1" 404 1108 "-" "Mozilla/5.0 (compatible; bingbot/2.0; +http://www.bing.com/bingbot.htm)"
46.229.168.147 - - [06/Apr/2020:19:09:40 +0200] "GET /index.php/fz2v881f HTTP/1.1" 200 4618 "-" "Mozilla/5.0 (compatible; SemrushBot/6~bl; +http://www.semrush.com/bot.html)"
185.220.101.14 - - [06/Apr/2020:19:10:16 +0200] "POST /modules/smartprestashopthemeadmin/upload/26.php HTTP/1.1" 404 1077 "-" "curl/7.19.7 (x86_64-redhat-linux-gnu) libcurl/7.19.7 NSS/3.44 zlib/1.2.3 libidn/1.18 libssh2/1.4.2"
134.249.233.205 - - [06/Apr/2020:19:12:08 +0200] "GET /55rtr HTTP/1.0" 404 1071 "http://www.materiel-esthetique.fr/55rtr" "Mozilla/5.0 (Windows NT 6.1) AppleWebKit/537.36 (KHTML, like Gecko) Chrome/68.0.3440.106 Safari/537.36 Kinza/4.9.1"
134.249.233.205 - - [06/Apr/2020:19:12:08 +0200] "GET / HTTP/1.0" 200 17578 "http://www.materiel-esthetique.fr/" "Mozilla/5.0 (Windows NT 6.1) AppleWebKit/537.36 (KHTML, like Gecko) Chrome/68.0.3440.106 Safari/537.36 Kinza/4.9.1"
195.176.3.20 - - [06/Apr/2020:19:12:18 +0200] "POST /modules/smartprestashopthemeadmin/upload/26.php HTTP/1.1" 404 1077 "-" "curl/7.19.7 (x86_64-redhat-linux-gnu) libcurl/7.19.7 NSS/3.44 zlib/1.2.3 libidn/1.18 libssh2/1.4.2"
46.229.168.136 - - [06/Apr/2020:19:12:44 +0200] "GET /index.php/3itfhq.cf HTTP/1.1" 200 4618 "-" "Mozilla/5.0 (compatible; SemrushBot/6~bl; +http://www.semrush.com/bot.html)"
134.249.233.205 - - [06/Apr/2020:19:12:48 +0200] "GET /55rtr HTTP/1.1" 404 1108 "-" "Mozilla/5.0 (Windows NT 10.0; Win64; x64) AppleWebKit/537.36 (KHTML, like Gecko) Chrome/78.0.3904.108 Safari/537.36"
46.229.168.152 - - [06/Apr/2020:19:13:25 +0200] "GET /index.php/dpxzzc3lfm0hegc.nl HTTP/1.1" 200 4618 "-" "Mozilla/5.0 (compatible; SemrushBot/6~bl; +http://www.semrush.com/bot.html)"
40.77.167.99 - - [06/Apr/2020:19:13:44 +0200] "GET /wujvzcar.br HTTP/1.1" 404 1108 "-" "Mozilla/5.0 (compatible; bingbot/2.0; +http://www.bing.com/bingbot.htm)"
40.77.167.99 - - [06/Apr/2020:19:13:44 +0200] "GET /?/albums/77445725?uid=1 HTTP/1.1" 200 4655 "-" "Mozilla/5.0 (compatible; bingbot/2.0; +http://www.bing.com/bingbot.htm)"
46.229.168.140 - - [06/Apr/2020:19:13:51 +0200] "GET /index.php/ivk7s24fhp4ti7.ink HTTP/1.1" 200 4618 "-" "Mozilla/5.0 (compatible; SemrushBot/6~bl; +http://www.semrush.com/bot.html)"
40.77.167.36 - - [06/Apr/2020:19:13:54 +0200] "GET /promotions HTTP/1.1" 404 1108 "-" "Mozilla/5.0 (compatible; bingbot/2.0; +http://www.bing.com/bingbot.htm)"
40.77.167.37 - - [06/Apr/2020:19:14:02 +0200] "GET /tju7kxcf7.pt HTTP/1.1" 404 1108 "-" "Mozilla/5.0 (compatible; bingbot/2.0; +http://www.bing.com/bingbot.htm)"
192.184.46.243 - - [06/Apr/2020:19:14:07 +0200] "GET //modules/smartprestashopthemeadmin/upload/hx.php?gc=2397&dm=jppr2.xyz&fl=index.php&rn=637218186400450000&id=2397 HTTP/1.1" 404 1108 "-" "Mozilla/5.0 (compatible; MSIE 9.0; Windows NT 6.1; Trident/5.0)"
192.184.46.243 - - [06/Apr/2020:19:14:07 +0200] "GET //modules/smartprestashopthemeadmin/upload/hx.php?gc=2397&dm=jppr2.xyz&fl=index.php&rn=637218186403887500&id=2397 HTTP/1.1" 404 1052 "-" "Mozilla/5.0 (compatible; MSIE 9.0; Windows NT 6.1; Trident/5.0)"
192.184.46.243 - - [06/Apr/2020:19:14:07 +0200] "GET //modules/smartprestashopthemeadmin/upload/hx.php?gc=2397&dm=jppr2.xyz&fl=index.php&rn=637218186405918750&id=2397 HTTP/1.1" 404 1052 "-" "Mozilla/5.0 (compatible; MSIE 9.0; Windows NT 6.1; Trident/5.0)"
209.141.58.114 - - [06/Apr/2020:19:14:21 +0200] "POST /modules/smartprestashopthemeadmin/upload/26.php HTTP/1.1" 404 1077 "-" "curl/7.19.7 (x86_64-redhat-linux-gnu) libcurl/7.19.7 NSS/3.44 zlib/1.2.3 libidn/1.18 libssh2/1.4.2"
46.229.168.143 - - [06/Apr/2020:19:14:36 +0200] "GET /index.php/vkz.fr HTTP/1.1" 200 4618 "-" "Mozilla/5.0 (compatible; SemrushBot/6~bl; +http://www.semrush.com/bot.html)"
46.229.168.147 - - [06/Apr/2020:19:14:39 +0200] "GET /index.php/s5l8ophtu.team HTTP/1.1" 200 4618 "-" "Mozilla/5.0 (compatible; SemrushBot/6~bl; +http://www.semrush.com/bot.html)"
40.77.167.36 - - [06/Apr/2020:19:15:04 +0200] "GET /vs69.gh HTTP/1.1" 404 1108 "-" "Mozilla/5.0 (compatible; bingbot/2.0; +http://www.bing.com/bingbot.htm)"
40.77.167.99 - - [06/Apr/2020:19:15:08 +0200] "GET /0x34x.gh HTTP/1.1" 404 1108 "-" "Mozilla/5.0 (compatible; bingbot/2.0; +http://www.bing.com/bingbot.htm)"
40.77.167.37 - - [06/Apr/2020:19:15:13 +0200] "GET /n2nj3znl.wtf HTTP/1.1" 404 1108 "-" "Mozilla/5.0 (compatible; bingbot/2.0; +http://www.bing.com/bingbot.htm)"
157.55.39.104 - - [06/Apr/2020:19:15:58 +0200] "GET /archives/category/works/animation HTTP/1.1" 404 1108 "-" "Mozilla/5.0 (compatible; bingbot/2.0; +http://www.bing.com/bingbot.htm)"
40.77.167.99 - - [06/Apr/2020:19:16:12 +0200] "GET /66vbmndp5kl0grpgogjqhx4gsz.sl HTTP/1.1" 404 1108 "-" "Mozilla/5.0 (compatible; bingbot/2.0; +http://www.bing.com/bingbot.htm)"
192.42.116.15 - - [06/Apr/2020:19:16:23 +0200] "POST /modules/smartprestashopthemeadmin/upload/26.php HTTP/1.1" 404 1077 "-" "curl/7.19.7 (x86_64-redhat-linux-gnu) libcurl/7.19.7 NSS/3.44 zlib/1.2.3 libidn/1.18 libssh2/1.4.2"
40.77.167.37 - - [06/Apr/2020:19:17:19 +0200] "GET /login HTTP/1.1" 404 1108 "-" "Mozilla/5.0 (compatible; bingbot/2.0; +http://www.bing.com/bingbot.htm)"
46.229.168.130 - - [06/Apr/2020:19:17:28 +0200] "GET /index.php/d5nqi8yef HTTP/1.1" 200 4618 "-" "Mozilla/5.0 (compatible; SemrushBot/6~bl; +http://www.semrush.com/bot.html)"
46.229.168.163 - - [06/Apr/2020:19:17:33 +0200] "GET /index.php/foyccofv37nizchygtr0 HTTP/1.1" 200 4618 "-" "Mozilla/5.0 (compatible; SemrushBot/6~bl; +http://www.semrush.com/bot.html)"
193.32.126.160 - - [06/Apr/2020:19:18:25 +0200] "POST /modules/smartprestashopthemeadmin/upload/26.php HTTP/1.1" 404 1077 "-" "curl/7.19.7 (x86_64-redhat-linux-gnu) libcurl/7.19.7 NSS/3.44 zlib/1.2.3 libidn/1.18 libssh2/1.4.2"
192.184.46.243 - - [06/Apr/2020:19:18:55 +0200] "GET //modules/smartprestashopthemeadmin/upload/hx.php?gc=2397&dm=jppr2.xyz&fl=index.php&rn=637218189279981250&id=2397 HTTP/1.1" 404 1108 "-" "Mozilla/5.0 (compatible; MSIE 9.0; Windows NT 6.1; Trident/5.0)"
192.184.46.243 - - [06/Apr/2020:19:18:55 +0200] "GET //modules/smartprestashopthemeadmin/upload/hx.php?gc=2397&dm=jppr2.xyz&fl=index.php&rn=637218189287481250&id=2397 HTTP/1.1" 404 1052 "-" "Mozilla/5.0 (compatible; MSIE 9.0; Windows NT 6.1; Trident/5.0)"
192.184.46.243 - - [06/Apr/2020:19:18:55 +0200] "GET //modules/smartprestashopthemeadmin/upload/hx.php?gc=2397&dm=jppr2.xyz&fl=index.php&rn=637218189289512500&id=2397 HTTP/1.1" 404 1052 "-" "Mozilla/5.0 (compatible; MSIE 9.0; Windows NT 6.1; Trident/5.0)"
40.77.167.37 - - [06/Apr/2020:19:18:56 +0200] "GET /qc62kbxzvv319v HTTP/1.1" 404 1108 "-" "Mozilla/5.0 (compatible; bingbot/2.0; +http://www.bing.com/bingbot.htm)"
40.77.167.99 - - [06/Apr/2020:19:19:11 +0200] "GET /03q7qp.accountant HTTP/1.1" 404 1108 "-" "Mozilla/5.0 (compatible; bingbot/2.0; +http://www.bing.com/bingbot.htm)"
46.229.168.129 - - [06/Apr/2020:19:19:15 +0200] "GET /index.php/znl6dwr5232kysi87skp6l355lk HTTP/1.1" 200 4618 "-" "Mozilla/5.0 (compatible; SemrushBot/6~bl; +http://www.semrush.com/bot.html)"
157.55.39.104 - - [06/Apr/2020:19:19:16 +0200] "GET /90walvbhbn718pul1 HTTP/1.1" 404 1108 "-" "Mozilla/5.0 (compatible; bingbot/2.0; +http://www.bing.com/bingbot.htm)"
