109.215.180.16 - - [06/Apr/2020:11:12:10 +0200] "GET /tarteaucitron/css/tarteaucitron.css?v=323 HTTP/1.1" 200 2494 "http://materiel-esthetique.fr.62-210-196-167.preview03.netizis.fr/" "Mozilla/5.0 (Windows NT 10.0; Win64; x64) AppleWebKit/537.36 (KHTML, like Gecko) Chrome/80.0.3987.149 Safari/537.36"
109.215.180.16 - - [06/Apr/2020:11:12:10 +0200] "GET /tarteaucitron/tarteaucitron.services.js?v=323 HTTP/1.1" 200 10569 "http://materiel-esthetique.fr.62-210-196-167.preview03.netizis.fr/" "Mozilla/5.0 (Windows NT 10.0; Win64; x64) AppleWebKit/537.36 (KHTML, like Gecko) Chrome/80.0.3987.149 Safari/537.36"
109.215.180.16 - - [06/Apr/2020:11:12:10 +0200] "GET /images/cookie.png HTTP/1.1" 404 1107 "http://materiel-esthetique.fr.62-210-196-167.preview03.netizis.fr/assets/styles.css" "Mozilla/5.0 (Windows NT 10.0; Win64; x64) AppleWebKit/537.36 (KHTML, like Gecko) Chrome/80.0.3987.149 Safari/537.36"
82.252.135.249 - - [06/Apr/2020:11:15:31 +0200] "GET / HTTP/1.1" 200 4918 "-" "Mozilla/5.0 (Windows NT 10.0; Win64; x64) AppleWebKit/537.36 (KHTML, like Gecko) Chrome/80.0.3987.149 Safari/537.36"
82.252.135.249 - - [06/Apr/2020:11:15:31 +0200] "GET /assets/style.css HTTP/1.1" 200 4652 "http://materiel-esthetique.fr.62-210-196-167.preview03.netizis.fr/" "Mozilla/5.0 (Windows NT 10.0; Win64; x64) AppleWebKit/537.36 (KHTML, like Gecko) Chrome/80.0.3987.149 Safari/537.36"
82.252.135.249 - - [06/Apr/2020:11:15:31 +0200] "GET /assets/styles.css HTTP/1.1" 200 3019 "http://materiel-esthetique.fr.62-210-196-167.preview03.netizis.fr/" "Mozilla/5.0 (Windows NT 10.0; Win64; x64) AppleWebKit/537.36 (KHTML, like Gecko) Chrome/80.0.3987.149 Safari/537.36"
82.252.135.249 - - [06/Apr/2020:11:15:31 +0200] "GET /tarteaucitron/tarteaucitron.js HTTP/1.1" 200 9764 "http://materiel-esthetique.fr.62-210-196-167.preview03.netizis.fr/" "Mozilla/5.0 (Windows NT 10.0; Win64; x64) AppleWebKit/537.36 (KHTML, like Gecko) Chrome/80.0.3987.149 Safari/537.36"
82.252.135.249 - - [06/Apr/2020:11:15:31 +0200] "GET /visuels/logo.png HTTP/1.1" 200 4435 "http://materiel-esthetique.fr.62-210-196-167.preview03.netizis.fr/" "Mozilla/5.0 (Windows NT 10.0; Win64; x64) AppleWebKit/537.36 (KHTML, like Gecko) Chrome/80.0.3987.149 Safari/537.36"
82.252.135.249 - - [06/Apr/2020:11:15:31 +0200] "GET /visuels/logo-esthetiquepro.png HTTP/1.1" 200 6507 "http://materiel-esthetique.fr.62-210-196-167.preview03.netizis.fr/" "Mozilla/5.0 (Windows NT 10.0; Win64; x64) AppleWebKit/537.36 (KHTML, like Gecko) Chrome/80.0.3987.149 Safari/537.36"
82.252.135.249 - - [06/Apr/2020:11:15:31 +0200] "GET /visuels/vagues-bottom.png HTTP/1.1" 200 19720 "http://materiel-esthetique.fr.62-210-196-167.preview03.netizis.fr/" "Mozilla/5.0 (Windows NT 10.0; Win64; x64) AppleWebKit/537.36 (KHTML, like Gecko) Chrome/80.0.3987.149 Safari/537.36"
82.252.135.249 - - [06/Apr/2020:11:15:31 +0200] "GET /visuels/vagues-top.png HTTP/1.1" 200 19592 "http://materiel-esthetique.fr.62-210-196-167.preview03.netizis.fr/" "Mozilla/5.0 (Windows NT 10.0; Win64; x64) AppleWebKit/537.36 (KHTML, like Gecko) Chrome/80.0.3987.149 Safari/537.36"
82.252.135.249 - - [06/Apr/2020:11:15:31 +0200] "GET /assets/index.js HTTP/1.1" 200 1816 "http://materiel-esthetique.fr.62-210-196-167.preview03.netizis.fr/" "Mozilla/5.0 (Windows NT 10.0; Win64; x64) AppleWebKit/537.36 (KHTML, like Gecko) Chrome/80.0.3987.149 Safari/537.36"
82.252.135.249 - - [06/Apr/2020:11:15:31 +0200] "GET /visuels/amincissement-cryolipolyse.jpg HTTP/1.1" 200 47151 "http://materiel-esthetique.fr.62-210-196-167.preview03.netizis.fr/" "Mozilla/5.0 (Windows NT 10.0; Win64; x64) AppleWebKit/537.36 (KHTML, like Gecko) Chrome/80.0.3987.149 Safari/537.36"
82.252.135.249 - - [06/Apr/2020:11:15:31 +0200] "GET /visuels/slide.jpg HTTP/1.1" 200 66640 "http://materiel-esthetique.fr.62-210-196-167.preview03.netizis.fr/assets/style.css" "Mozilla/5.0 (Windows NT 10.0; Win64; x64) AppleWebKit/537.36 (KHTML, like Gecko) Chrome/80.0.3987.149 Safari/537.36"
82.252.135.249 - - [06/Apr/2020:11:15:32 +0200] "GET /visuels/bg-qui-sommes-nous.jpg HTTP/1.1" 200 161421 "http://materiel-esthetique.fr.62-210-196-167.preview03.netizis.fr/assets/style.css" "Mozilla/5.0 (Windows NT 10.0; Win64; x64) AppleWebKit/537.36 (KHTML, like Gecko) Chrome/80.0.3987.149 Safari/537.36"
82.252.135.249 - - [06/Apr/2020:11:15:32 +0200] "GET /tarteaucitron/lang/tarteaucitron.fr.js?v=323 HTTP/1.1" 200 1499 "http://materiel-esthetique.fr.62-210-196-167.preview03.netizis.fr/" "Mozilla/5.0 (Windows NT 10.0; Win64; x64) AppleWebKit/537.36 (KHTML, like Gecko) Chrome/80.0.3987.149 Safari/537.36"
82.252.135.249 - - [06/Apr/2020:11:15:32 +0200] "GET /tarteaucitron/css/tarteaucitron.css?v=323 HTTP/1.1" 200 2494 "http://materiel-esthetique.fr.62-210-196-167.preview03.netizis.fr/" "Mozilla/5.0 (Windows NT 10.0; Win64; x64) AppleWebKit/537.36 (KHTML, like Gecko) Chrome/80.0.3987.149 Safari/537.36"
82.252.135.249 - - [06/Apr/2020:11:15:32 +0200] "GET /favicon.ico HTTP/1.1" 404 1107 "http://materiel-esthetique.fr.62-210-196-167.preview03.netizis.fr/" "Mozilla/5.0 (Windows NT 10.0; Win64; x64) AppleWebKit/537.36 (KHTML, like Gecko) Chrome/80.0.3987.149 Safari/537.36"
82.252.135.249 - - [06/Apr/2020:11:15:32 +0200] "GET /tarteaucitron/tarteaucitron.services.js?v=323 HTTP/1.1" 200 10569 "http://materiel-esthetique.fr.62-210-196-167.preview03.netizis.fr/" "Mozilla/5.0 (Windows NT 10.0; Win64; x64) AppleWebKit/537.36 (KHTML, like Gecko) Chrome/80.0.3987.149 Safari/537.36"
82.252.135.249 - - [06/Apr/2020:11:15:37 +0200] "GET /images/cookie.png HTTP/1.1" 404 1107 "http://materiel-esthetique.fr.62-210-196-167.preview03.netizis.fr/assets/styles.css" "Mozilla/5.0 (Windows NT 10.0; Win64; x64) AppleWebKit/537.36 (KHTML, like Gecko) Chrome/80.0.3987.149 Safari/537.36"
82.252.135.249 - - [06/Apr/2020:11:15:40 +0200] "GET / HTTP/1.1" 200 4917 "-" "Mozilla/5.0 (Windows NT 10.0; Win64; x64) AppleWebKit/537.36 (KHTML, like Gecko) Chrome/80.0.3987.149 Safari/537.36"
82.252.135.249 - - [06/Apr/2020:11:15:40 +0200] "GET /assets/style.css HTTP/1.1" 200 4652 "http://materiel-esthetique.fr.62-210-196-167.preview03.netizis.fr/" "Mozilla/5.0 (Windows NT 10.0; Win64; x64) AppleWebKit/537.36 (KHTML, like Gecko) Chrome/80.0.3987.149 Safari/537.36"
82.252.135.249 - - [06/Apr/2020:11:15:40 +0200] "GET /assets/styles.css HTTP/1.1" 200 3019 "http://materiel-esthetique.fr.62-210-196-167.preview03.netizis.fr/" "Mozilla/5.0 (Windows NT 10.0; Win64; x64) AppleWebKit/537.36 (KHTML, like Gecko) Chrome/80.0.3987.149 Safari/537.36"
82.252.135.249 - - [06/Apr/2020:11:15:40 +0200] "GET / HTTP/1.1" 200 4918 "-" "Mozilla/5.0 (Windows NT 10.0; Win64; x64) AppleWebKit/537.36 (KHTML, like Gecko) Chrome/80.0.3987.149 Safari/537.36"
82.252.135.249 - - [06/Apr/2020:11:15:40 +0200] "GET /visuels/logo.png HTTP/1.1" 200 4435 "http://materiel-esthetique.fr.62-210-196-167.preview03.netizis.fr/" "Mozilla/5.0 (Windows NT 10.0; Win64; x64) AppleWebKit/537.36 (KHTML, like Gecko) Chrome/80.0.3987.149 Safari/537.36"
82.252.135.249 - - [06/Apr/2020:11:15:40 +0200] "GET /tarteaucitron/tarteaucitron.js HTTP/1.1" 200 9764 "http://materiel-esthetique.fr.62-210-196-167.preview03.netizis.fr/" "Mozilla/5.0 (Windows NT 10.0; Win64; x64) AppleWebKit/537.36 (KHTML, like Gecko) Chrome/80.0.3987.149 Safari/537.36"
82.252.135.249 - - [06/Apr/2020:11:15:40 +0200] "GET /visuels/logo-esthetiquepro.png HTTP/1.1" 200 6507 "http://materiel-esthetique.fr.62-210-196-167.preview03.netizis.fr/" "Mozilla/5.0 (Windows NT 10.0; Win64; x64) AppleWebKit/537.36 (KHTML, like Gecko) Chrome/80.0.3987.149 Safari/537.36"
82.252.135.249 - - [06/Apr/2020:11:15:40 +0200] "GET / HTTP/1.1" 200 4917 "-" "Mozilla/5.0 (Windows NT 10.0; Win64; x64) AppleWebKit/537.36 (KHTML, like Gecko) Chrome/80.0.3987.149 Safari/537.36"
82.252.135.249 - - [06/Apr/2020:11:15:40 +0200] "GET / HTTP/1.1" 200 4917 "-" "Mozilla/5.0 (Windows NT 10.0; Win64; x64) AppleWebKit/537.36 (KHTML, like Gecko) Chrome/80.0.3987.149 Safari/537.36"
82.252.135.249 - - [06/Apr/2020:11:15:40 +0200] "GET /assets/style.css HTTP/1.1" 200 4652 "http://materiel-esthetique.fr.62-210-196-167.preview03.netizis.fr/" "Mozilla/5.0 (Windows NT 10.0; Win64; x64) AppleWebKit/537.36 (KHTML, like Gecko) Chrome/80.0.3987.149 Safari/537.36"
82.252.135.249 - - [06/Apr/2020:11:15:40 +0200] "GET /assets/styles.css HTTP/1.1" 200 3018 "http://materiel-esthetique.fr.62-210-196-167.preview03.netizis.fr/" "Mozilla/5.0 (Windows NT 10.0; Win64; x64) AppleWebKit/537.36 (KHTML, like Gecko) Chrome/80.0.3987.149 Safari/537.36"
82.252.135.249 - - [06/Apr/2020:11:15:40 +0200] "GET /tarteaucitron/tarteaucitron.js HTTP/1.1" 200 9763 "http://materiel-esthetique.fr.62-210-196-167.preview03.netizis.fr/" "Mozilla/5.0 (Windows NT 10.0; Win64; x64) AppleWebKit/537.36 (KHTML, like Gecko) Chrome/80.0.3987.149 Safari/537.36"
82.252.135.249 - - [06/Apr/2020:11:15:40 +0200] "GET /visuels/logo.png HTTP/1.1" 200 4434 "http://materiel-esthetique.fr.62-210-196-167.preview03.netizis.fr/" "Mozilla/5.0 (Windows NT 10.0; Win64; x64) AppleWebKit/537.36 (KHTML, like Gecko) Chrome/80.0.3987.149 Safari/537.36"
82.252.135.249 - - [06/Apr/2020:11:15:40 +0200] "GET /visuels/logo-esthetiquepro.png HTTP/1.1" 200 6506 "http://materiel-esthetique.fr.62-210-196-167.preview03.netizis.fr/" "Mozilla/5.0 (Windows NT 10.0; Win64; x64) AppleWebKit/537.36 (KHTML, like Gecko) Chrome/80.0.3987.149 Safari/537.36"
82.252.135.249 - - [06/Apr/2020:11:15:40 +0200] "GET /assets/index.js HTTP/1.1" 200 1816 "http://materiel-esthetique.fr.62-210-196-167.preview03.netizis.fr/" "Mozilla/5.0 (Windows NT 10.0; Win64; x64) AppleWebKit/537.36 (KHTML, like Gecko) Chrome/80.0.3987.149 Safari/537.36"
82.252.135.249 - - [06/Apr/2020:11:15:40 +0200] "GET /visuels/vagues-top.png HTTP/1.1" 200 19592 "http://materiel-esthetique.fr.62-210-196-167.preview03.netizis.fr/" "Mozilla/5.0 (Windows NT 10.0; Win64; x64) AppleWebKit/537.36 (KHTML, like Gecko) Chrome/80.0.3987.149 Safari/537.36"
82.252.135.249 - - [06/Apr/2020:11:15:41 +0200] "GET /visuels/vagues-bottom.png HTTP/1.1" 200 19720 "http://materiel-esthetique.fr.62-210-196-167.preview03.netizis.fr/" "Mozilla/5.0 (Windows NT 10.0; Win64; x64) AppleWebKit/537.36 (KHTML, like Gecko) Chrome/80.0.3987.149 Safari/537.36"
82.252.135.249 - - [06/Apr/2020:11:15:41 +0200] "GET /visuels/slide.jpg HTTP/1.1" 200 66640 "http://materiel-esthetique.fr.62-210-196-167.preview03.netizis.fr/assets/style.css" "Mozilla/5.0 (Windows NT 10.0; Win64; x64) AppleWebKit/537.36 (KHTML, like Gecko) Chrome/80.0.3987.149 Safari/537.36"
82.252.135.249 - - [06/Apr/2020:11:15:40 +0200] "GET /visuels/amincissement-cryolipolyse.jpg HTTP/1.1" 200 47151 "http://materiel-esthetique.fr.62-210-196-167.preview03.netizis.fr/" "Mozilla/5.0 (Windows NT 10.0; Win64; x64) AppleWebKit/537.36 (KHTML, like Gecko) Chrome/80.0.3987.149 Safari/537.36"
82.252.135.249 - - [06/Apr/2020:11:15:41 +0200] "GET /visuels/bg-qui-sommes-nous.jpg HTTP/1.1" 200 161421 "http://materiel-esthetique.fr.62-210-196-167.preview03.netizis.fr/assets/style.css" "Mozilla/5.0 (Windows NT 10.0; Win64; x64) AppleWebKit/537.36 (KHTML, like Gecko) Chrome/80.0.3987.149 Safari/537.36"
82.252.135.249 - - [06/Apr/2020:11:15:41 +0200] "GET /tarteaucitron/css/tarteaucitron.css?v=323 HTTP/1.1" 200 2494 "http://materiel-esthetique.fr.62-210-196-167.preview03.netizis.fr/" "Mozilla/5.0 (Windows NT 10.0; Win64; x64) AppleWebKit/537.36 (KHTML, like Gecko) Chrome/80.0.3987.149 Safari/537.36"
82.252.135.249 - - [06/Apr/2020:11:15:41 +0200] "GET /tarteaucitron/lang/tarteaucitron.fr.js?v=323 HTTP/1.1" 200 1499 "http://materiel-esthetique.fr.62-210-196-167.preview03.netizis.fr/" "Mozilla/5.0 (Windows NT 10.0; Win64; x64) AppleWebKit/537.36 (KHTML, like Gecko) Chrome/80.0.3987.149 Safari/537.36"
82.252.135.249 - - [06/Apr/2020:11:15:41 +0200] "GET /favicon.ico HTTP/1.1" 404 1107 "http://materiel-esthetique.fr.62-210-196-167.preview03.netizis.fr/" "Mozilla/5.0 (Windows NT 10.0; Win64; x64) AppleWebKit/537.36 (KHTML, like Gecko) Chrome/80.0.3987.149 Safari/537.36"
82.252.135.249 - - [06/Apr/2020:11:15:41 +0200] "GET /images/cookie.png HTTP/1.1" 404 1107 "http://materiel-esthetique.fr.62-210-196-167.preview03.netizis.fr/assets/styles.css" "Mozilla/5.0 (Windows NT 10.0; Win64; x64) AppleWebKit/537.36 (KHTML, like Gecko) Chrome/80.0.3987.149 Safari/537.36"
23.100.232.233 - - [06/Apr/2020:11:38:27 +0200] "GET /ww08reu7ux3.aspx HTTP/1.1" 404 1108 "-" "Mozilla/5.0 (compatible; MSIE 9.0; Windows NT 6.1; Trident/5.0;  Trident/5.0)"
23.100.232.233 - - [06/Apr/2020:11:38:27 +0200] "GET /error_docs/styles.css HTTP/1.1" 200 1291 "http://www.materiel-esthetique.fr/ww08reu7ux3.aspx" "Mozilla/5.0 (compatible; MSIE 9.0; Windows NT 6.1; Trident/5.0;  Trident/5.0)"
23.100.232.233 - - [06/Apr/2020:11:38:27 +0200] "GET /error_docs/server.svg HTTP/1.1" 200 7714 "http://www.materiel-esthetique.fr/ww08reu7ux3.aspx" "Mozilla/5.0 (compatible; MSIE 9.0; Windows NT 6.1; Trident/5.0;  Trident/5.0)"
103.233.83.230 - - [06/Apr/2020:11:46:00 +0200] "GET /index.php?xxnew2018_url1=test0308.txt%7Ctest0308.txt%7Clafei.txt&writerfilename=wp-config-sample.php%7Cwp-admin/css/index.php%7Cxmlrpcs.php HTTP/1.1" 200 19092 "-" "Mozilla/5.0 (compatible; MSIE 9.0; Windows NT 6.1; WOW64; Trident/5.0)"
192.184.46.243 - - [06/Apr/2020:11:47:21 +0200] "GET //modules/smartprestashopthemeadmin/upload/hx.php?gc=2397&dm=jppr2.xyz&fl=index.php&rn=637217918353262500&id=2397 HTTP/1.1" 404 1108 "-" "Mozilla/5.0 (compatible; MSIE 9.0; Windows NT 6.1; Trident/5.0)"
192.184.46.243 - - [06/Apr/2020:11:47:21 +0200] "GET //modules/smartprestashopthemeadmin/upload/hx.php?gc=2397&dm=jppr2.xyz&fl=index.php&rn=637217918360918750&id=2397 HTTP/1.1" 404 1052 "-" "Mozilla/5.0 (compatible; MSIE 9.0; Windows NT 6.1; Trident/5.0)"
192.184.46.243 - - [06/Apr/2020:11:47:22 +0200] "GET //modules/smartprestashopthemeadmin/upload/hx.php?gc=2397&dm=jppr2.xyz&fl=index.php&rn=637217918362950000&id=2397 HTTP/1.1" 404 1052 "-" "Mozilla/5.0 (compatible; MSIE 9.0; Windows NT 6.1; Trident/5.0)"
192.184.46.243 - - [06/Apr/2020:11:51:46 +0200] "GET //modules/smartprestashopthemeadmin/upload/hx.php?gc=2397&dm=jppr2.xyz&fl=index.php&rn=637217921009668750&id=2397 HTTP/1.1" 404 1108 "-" "Mozilla/5.0 (compatible; MSIE 9.0; Windows NT 6.1; Trident/5.0)"
192.184.46.243 - - [06/Apr/2020:11:51:47 +0200] "GET //modules/smartprestashopthemeadmin/upload/hx.php?gc=2397&dm=jppr2.xyz&fl=index.php&rn=637217921013106250&id=2397 HTTP/1.1" 404 1052 "-" "Mozilla/5.0 (compatible; MSIE 9.0; Windows NT 6.1; Trident/5.0)"
192.184.46.243 - - [06/Apr/2020:11:51:47 +0200] "GET //modules/smartprestashopthemeadmin/upload/hx.php?gc=2397&dm=jppr2.xyz&fl=index.php&rn=637217921014981250&id=2397 HTTP/1.1" 404 1052 "-" "Mozilla/5.0 (compatible; MSIE 9.0; Windows NT 6.1; Trident/5.0)"
103.121.60.67 - - [06/Apr/2020:11:54:00 +0200] "GET //modules/smartprestashopthemeadmin/upload/26.php HTTP/1.1" 404 1071 "-" "Python-urllib/2.7"
46.229.168.136 - - [06/Apr/2020:11:54:05 +0200] "GET /index.php/lwibmpu4nlpjuhnq.accountant HTTP/1.1" 200 4881 "-" "Mozilla/5.0 (compatible; SemrushBot/6~bl; +http://www.semrush.com/bot.html)"
103.121.60.67 - - [06/Apr/2020:11:54:42 +0200] "GET /modules/smartprestashopthemeadmin/upload/26.php HTTP/1.1" 404 1071 "-" "Python-urllib/2.7"
216.244.66.248 - - [06/Apr/2020:11:54:53 +0200] "GET /119-thickbox_default/bodystat-1500.jpg HTTP/1.1" 404 1052 "-" "Mozilla/5.0 (compatible; DotBot/1.1; http://www.opensiteexplorer.org/dotbot, help@moz.com)"
192.184.46.243 - - [06/Apr/2020:11:56:27 +0200] "GET //modules/smartprestashopthemeadmin/upload/hx.php?gc=2397&dm=jppr2.xyz&fl=index.php&rn=637217923816231250&id=2397 HTTP/1.1" 404 1108 "-" "Mozilla/5.0 (compatible; MSIE 9.0; Windows NT 6.1; Trident/5.0)"
192.184.46.243 - - [06/Apr/2020:11:56:27 +0200] "GET //modules/smartprestashopthemeadmin/upload/hx.php?gc=2397&dm=jppr2.xyz&fl=index.php&rn=637217923819825000&id=2397 HTTP/1.1" 404 1052 "-" "Mozilla/5.0 (compatible; MSIE 9.0; Windows NT 6.1; Trident/5.0)"
192.184.46.243 - - [06/Apr/2020:11:56:27 +0200] "GET //modules/smartprestashopthemeadmin/upload/hx.php?gc=2397&dm=jppr2.xyz&fl=index.php&rn=637217923821856250&id=2397 HTTP/1.1" 404 1052 "-" "Mozilla/5.0 (compatible; MSIE 9.0; Windows NT 6.1; Trident/5.0)"
46.229.168.147 - - [06/Apr/2020:11:56:54 +0200] "GET /index.php/43qquqds.pics HTTP/1.1" 200 4881 "-" "Mozilla/5.0 (compatible; SemrushBot/6~bl; +http://www.semrush.com/bot.html)"
46.229.168.153 - - [06/Apr/2020:11:57:12 +0200] "GET /index.php/6ttmt.mp HTTP/1.1" 200 4881 "-" "Mozilla/5.0 (compatible; SemrushBot/6~bl; +http://www.semrush.com/bot.html)"
46.229.168.152 - - [06/Apr/2020:11:57:38 +0200] "GET /index.php/j9292llpz3xi0.com HTTP/1.1" 200 4881 "-" "Mozilla/5.0 (compatible; SemrushBot/6~bl; +http://www.semrush.com/bot.html)"
46.229.168.152 - - [06/Apr/2020:11:57:44 +0200] "GET /index.php/c0oo3pz6p.mc HTTP/1.1" 200 4881 "-" "Mozilla/5.0 (compatible; SemrushBot/6~bl; +http://www.semrush.com/bot.html)"
46.229.168.149 - - [06/Apr/2020:11:58:01 +0200] "GET /index.php/xheq2m.tech HTTP/1.1" 200 4881 "-" "Mozilla/5.0 (compatible; SemrushBot/6~bl; +http://www.semrush.com/bot.html)"
46.229.168.150 - - [06/Apr/2020:11:58:19 +0200] "GET /index.php/dw6wkfqbjr HTTP/1.1" 200 4881 "-" "Mozilla/5.0 (compatible; SemrushBot/6~bl; +http://www.semrush.com/bot.html)"
192.184.46.243 - - [06/Apr/2020:12:01:25 +0200] "GET //modules/smartprestashopthemeadmin/upload/hx.php?gc=2397&dm=jppr2.xyz&fl=index.php&rn=637217926793418750&id=2397 HTTP/1.1" 404 1108 "-" "Mozilla/5.0 (compatible; MSIE 9.0; Windows NT 6.1; Trident/5.0)"
192.184.46.243 - - [06/Apr/2020:12:01:25 +0200] "GET //modules/smartprestashopthemeadmin/upload/hx.php?gc=2397&dm=jppr2.xyz&fl=index.php&rn=637217926797168750&id=2397 HTTP/1.1" 404 1052 "-" "Mozilla/5.0 (compatible; MSIE 9.0; Windows NT 6.1; Trident/5.0)"
192.184.46.243 - - [06/Apr/2020:12:01:25 +0200] "GET //modules/smartprestashopthemeadmin/upload/hx.php?gc=2397&dm=jppr2.xyz&fl=index.php&rn=637217926798887500&id=2397 HTTP/1.1" 404 1052 "-" "Mozilla/5.0 (compatible; MSIE 9.0; Windows NT 6.1; Trident/5.0)"
46.229.168.136 - - [06/Apr/2020:12:03:02 +0200] "GET /index.php/bmf39 HTTP/1.1" 200 4881 "-" "Mozilla/5.0 (compatible; SemrushBot/6~bl; +http://www.semrush.com/bot.html)"
46.229.168.163 - - [06/Apr/2020:12:03:34 +0200] "GET /index.php/xgq1hfjghubcb.mp HTTP/1.1" 200 4881 "-" "Mozilla/5.0 (compatible; SemrushBot/6~bl; +http://www.semrush.com/bot.html)"
46.229.168.148 - - [06/Apr/2020:12:04:09 +0200] "GET /index.php/pa44r0gu HTTP/1.1" 200 4881 "-" "Mozilla/5.0 (compatible; SemrushBot/6~bl; +http://www.semrush.com/bot.html)"
157.55.39.104 - - [06/Apr/2020:12:04:46 +0200] "GET /kaitori/ HTTP/1.1" 404 1108 "-" "Mozilla/5.0 (compatible; bingbot/2.0; +http://www.bing.com/bingbot.htm)"
192.184.46.243 - - [06/Apr/2020:12:05:56 +0200] "GET //modules/smartprestashopthemeadmin/upload/hx.php?gc=2397&dm=jppr2.xyz&fl=index.php&rn=637217929509356250&id=2397 HTTP/1.1" 404 1108 "-" "Mozilla/5.0 (compatible; MSIE 9.0; Windows NT 6.1; Trident/5.0)"
192.184.46.243 - - [06/Apr/2020:12:05:57 +0200] "GET //modules/smartprestashopthemeadmin/upload/hx.php?gc=2397&dm=jppr2.xyz&fl=index.php&rn=637217929513106250&id=2397 HTTP/1.1" 404 1052 "-" "Mozilla/5.0 (compatible; MSIE 9.0; Windows NT 6.1; Trident/5.0)"
192.184.46.243 - - [06/Apr/2020:12:05:57 +0200] "GET //modules/smartprestashopthemeadmin/upload/hx.php?gc=2397&dm=jppr2.xyz&fl=index.php&rn=637217929514981250&id=2397 HTTP/1.1" 404 1052 "-" "Mozilla/5.0 (compatible; MSIE 9.0; Windows NT 6.1; Trident/5.0)"
46.229.168.130 - - [06/Apr/2020:12:07:10 +0200] "GET /index.php/0dlo1fte4bez.sz HTTP/1.1" 200 4881 "-" "Mozilla/5.0 (compatible; SemrushBot/6~bl; +http://www.semrush.com/bot.html)"
46.229.168.144 - - [06/Apr/2020:12:08:43 +0200] "GET /index.php/ange4i.pics HTTP/1.1" 200 4881 "-" "Mozilla/5.0 (compatible; SemrushBot/6~bl; +http://www.semrush.com/bot.html)"
18.178.251.24 - - [06/Apr/2020:12:09:04 +0200] "GET //modules/smartprestashopthemeadmin/upload/26.php HTTP/1.1" 404 1052 "https://google.com" "Mozilla/5.0 (Windows NT 6.1) AppleWebKit/537.36 (KHTML, like Gecko) Chrome/78.0.3904.108 Safari/537.36"
46.229.168.163 - - [06/Apr/2020:12:09:55 +0200] "GET /index.php/atm24wup8u0txsa.kim HTTP/1.1" 200 4881 "-" "Mozilla/5.0 (compatible; SemrushBot/6~bl; +http://www.semrush.com/bot.html)"
46.229.168.140 - - [06/Apr/2020:12:09:59 +0200] "GET /index.php/rtv3tvmellis0.bt HTTP/1.1" 200 4881 "-" "Mozilla/5.0 (compatible; SemrushBot/6~bl; +http://www.semrush.com/bot.html)"
46.229.168.135 - - [06/Apr/2020:12:10:06 +0200] "GET /index.php/edjxjz0nwi26.bw HTTP/1.1" 200 4881 "-" "Mozilla/5.0 (compatible; SemrushBot/6~bl; +http://www.semrush.com/bot.html)"
46.229.168.139 - - [06/Apr/2020:12:10:16 +0200] "GET /index.php/h9cn8p4xa.tk HTTP/1.1" 200 4881 "-" "Mozilla/5.0 (compatible; SemrushBot/6~bl; +http://www.semrush.com/bot.html)"
192.184.46.243 - - [06/Apr/2020:12:10:26 +0200] "GET //modules/smartprestashopthemeadmin/upload/hx.php?gc=2397&dm=jppr2.xyz&fl=index.php&rn=637217932202012500&id=2397 HTTP/1.1" 404 1108 "-" "Mozilla/5.0 (compatible; MSIE 9.0; Windows NT 6.1; Trident/5.0)"
192.184.46.243 - - [06/Apr/2020:12:10:26 +0200] "GET //modules/smartprestashopthemeadmin/upload/hx.php?gc=2397&dm=jppr2.xyz&fl=index.php&rn=637217932205450000&id=2397 HTTP/1.1" 404 1052 "-" "Mozilla/5.0 (compatible; MSIE 9.0; Windows NT 6.1; Trident/5.0)"
192.184.46.243 - - [06/Apr/2020:12:10:26 +0200] "GET //modules/smartprestashopthemeadmin/upload/hx.php?gc=2397&dm=jppr2.xyz&fl=index.php&rn=637217932207325000&id=2397 HTTP/1.1" 404 1052 "-" "Mozilla/5.0 (compatible; MSIE 9.0; Windows NT 6.1; Trident/5.0)"
157.55.39.104 - - [06/Apr/2020:12:10:35 +0200] "GET /rzl8w72rmlzqa9vqvcisk HTTP/1.1" 404 1108 "-" "Mozilla/5.0 (compatible; bingbot/2.0; +http://www.bing.com/bingbot.htm)"
46.229.168.140 - - [06/Apr/2020:12:11:09 +0200] "GET /index.php/fys6phrios9i HTTP/1.1" 200 4881 "-" "Mozilla/5.0 (compatible; SemrushBot/6~bl; +http://www.semrush.com/bot.html)"
40.77.167.99 - - [06/Apr/2020:12:11:17 +0200] "GET /search?category12Id=2601 HTTP/1.1" 404 1108 "-" "Mozilla/5.0 (compatible; bingbot/2.0; +http://www.bing.com/bingbot.htm)"
40.77.167.99 - - [06/Apr/2020:12:11:57 +0200] "GET /q5gy.mc HTTP/1.1" 404 1108 "-" "Mozilla/5.0 (compatible; bingbot/2.0; +http://www.bing.com/bingbot.htm)"
89.38.99.5 - - [06/Apr/2020:12:13:17 +0200] "GET //modules/smartprestashopthemeadmin/upload/26.php HTTP/1.1" 404 1108 "-" "Mozilla/5.0 (Macintosh; Intel Mac OS X 10_14_5) AppleWebKit/605.1.15 (KHTML, like Gecko) Version/12.1.1 Safari/605.1.15"
46.229.168.130 - - [06/Apr/2020:12:14:20 +0200] "GET /index.php/177mu04lle8197rzo7cp.gl HTTP/1.1" 200 4881 "-" "Mozilla/5.0 (compatible; SemrushBot/6~bl; +http://www.semrush.com/bot.html)"
192.184.46.243 - - [06/Apr/2020:12:14:57 +0200] "GET //modules/smartprestashopthemeadmin/upload/hx.php?gc=2397&dm=jppr2.xyz&fl=index.php&rn=637217934916543750&id=2397 HTTP/1.1" 404 1108 "-" "Mozilla/5.0 (compatible; MSIE 9.0; Windows NT 6.1; Trident/5.0)"
192.184.46.243 - - [06/Apr/2020:12:14:57 +0200] "GET //modules/smartprestashopthemeadmin/upload/hx.php?gc=2397&dm=jppr2.xyz&fl=index.php&rn=637217934919981250&id=2397 HTTP/1.1" 404 1052 "-" "Mozilla/5.0 (compatible; MSIE 9.0; Windows NT 6.1; Trident/5.0)"
192.184.46.243 - - [06/Apr/2020:12:14:58 +0200] "GET //modules/smartprestashopthemeadmin/upload/hx.php?gc=2397&dm=jppr2.xyz&fl=index.php&rn=637217934922168750&id=2397 HTTP/1.1" 404 1052 "-" "Mozilla/5.0 (compatible; MSIE 9.0; Windows NT 6.1; Trident/5.0)"
46.229.168.144 - - [06/Apr/2020:12:15:13 +0200] "GET /index.php/ws2nnto.lu HTTP/1.1" 200 4881 "-" "Mozilla/5.0 (compatible; SemrushBot/6~bl; +http://www.semrush.com/bot.html)"
77.75.77.72 - - [06/Apr/2020:12:15:27 +0200] "GET /robots.txt HTTP/1.1" 404 1108 "-" "Mozilla/5.0 (compatible; SeznamBot/3.2; +http://napoveda.seznam.cz/en/seznambot-intro/)"
77.75.77.72 - - [06/Apr/2020:12:15:28 +0200] "GET /index.php/sitemap55.xml HTTP/1.1" 200 4918 "-" "Mozilla/5.0 (compatible; SeznamBot/3.2; +http://napoveda.seznam.cz/en/seznambot-intro/)"
46.229.168.139 - - [06/Apr/2020:12:15:28 +0200] "GET /index.php/808qaq0zjezmk4aqnrypqgjujpv5i12w.game HTTP/1.1" 200 4881 "-" "Mozilla/5.0 (compatible; SemrushBot/6~bl; +http://www.semrush.com/bot.html)"
46.229.168.132 - - [06/Apr/2020:12:15:56 +0200] "GET /index.php/294hiasz9y2k3yozfuh.lv HTTP/1.1" 200 4881 "-" "Mozilla/5.0 (compatible; SemrushBot/6~bl; +http://www.semrush.com/bot.html)"
46.229.168.139 - - [06/Apr/2020:12:16:56 +0200] "GET /index.php/gqo7bgm HTTP/1.1" 200 4881 "-" "Mozilla/5.0 (compatible; SemrushBot/6~bl; +http://www.semrush.com/bot.html)"
37.187.144.208 - - [06/Apr/2020:12:17:44 +0200] "GET /test/ HTTP/1.1" 404 1052 "http://materiel-esthetique.fr/" "Mozilla/5.0 (Windows NT 10.0; Win64; x64) AppleWebKit/537.36 (KHTML, like Gecko) Chrome/78.0.3904.97 Safari/537.36"
40.77.167.36 - - [06/Apr/2020:12:18:18 +0200] "GET /zyao9sagmbes8oqqut9y.at HTTP/1.1" 404 1108 "-" "Mozilla/5.0 (compatible; bingbot/2.0; +http://www.bing.com/bingbot.htm)"
46.229.168.153 - - [06/Apr/2020:12:18:22 +0200] "GET /index.php/xedo7hehforju0uh2z7snlfhvu.aw HTTP/1.1" 200 4881 "-" "Mozilla/5.0 (compatible; SemrushBot/6~bl; +http://www.semrush.com/bot.html)"
40.77.167.36 - - [06/Apr/2020:12:18:47 +0200] "GET /dbrgcm0onpbb4 HTTP/1.1" 404 1108 "-" "msnbot/2.0b (+http://search.msn.com/msnbot.htm)"
40.77.167.36 - - [06/Apr/2020:12:18:47 +0200] "GET /za9h.tr HTTP/1.1" 404 1108 "-" "Mozilla/5.0 (compatible; bingbot/2.0; +http://www.bing.com/bingbot.htm)"
51.158.70.53 - - [06/Apr/2020:12:19:20 +0200] "HEAD / HTTP/1.1" 200 162 "-" "Mozilla/5.0 (Windows NT 10.0; Win64; x64) AppleWebKit/537.36 (KHTML, like Gecko) Chrome/71.0.3578.80 Safari/537.36"
51.158.70.53 - - [06/Apr/2020:12:19:20 +0200] "HEAD / HTTP/1.1" 200 162 "-" "Mozilla/5.0 (Windows NT 10.0; Win64; x64) AppleWebKit/537.36 (KHTML, like Gecko) Chrome/71.0.3578.80 Safari/537.36"
51.158.70.53 - - [06/Apr/2020:12:19:20 +0200] "HEAD /1586168268461984843 HTTP/1.1" 404 244 "-" "Mozilla/5.0 (Windows NT 10.0; Win64; x64) AppleWebKit/537.36 (KHTML, like Gecko) Chrome/71.0.3578.80 Safari/537.36"
51.158.70.53 - - [06/Apr/2020:12:19:20 +0200] "GET / HTTP/1.1" 200 4862 "-" "Mozilla/5.0 (Windows NT 10.0; Win64; x64) AppleWebKit/537.36 (KHTML, like Gecko) Chrome/71.0.3578.80 Safari/537.36"
51.158.70.53 - - [06/Apr/2020:12:19:20 +0200] "GET /wp-includes/wlwmanifest.xml HTTP/1.1" 404 1052 "-" "Mozilla/5.0 (Windows NT 10.0; Win64; x64) AppleWebKit/537.36 (KHTML, like Gecko) Chrome/71.0.3578.80 Safari/537.36"
51.158.70.53 - - [06/Apr/2020:12:19:20 +0200] "GET /wp-admin HTTP/1.1" 404 1052 "-" "Mozilla/5.0 (Windows NT 10.0; Win64; x64) AppleWebKit/537.36 (KHTML, like Gecko) Chrome/71.0.3578.80 Safari/537.36"
51.158.70.53 - - [06/Apr/2020:12:19:20 +0200] "GET /feed/ HTTP/1.1" 404 1052 "-" "Mozilla/5.0 (Windows NT 10.0; Win64; x64) AppleWebKit/537.36 (KHTML, like Gecko) Chrome/71.0.3578.80 Safari/537.36"
51.158.70.53 - - [06/Apr/2020:12:19:20 +0200] "GET /images/wlw/wp-icon.png HTTP/1.1" 404 1052 "-" "Mozilla/5.0 (Windows NT 10.0; Win64; x64) AppleWebKit/537.36 (KHTML, like Gecko) Chrome/71.0.3578.80 Safari/537.36"
51.158.70.53 - - [06/Apr/2020:12:19:20 +0200] "GET / HTTP/1.1" 200 4862 "-" "Mozilla/5.0 (Windows NT 10.0; Win64; x64) AppleWebKit/537.36 (KHTML, like Gecko) Chrome/71.0.3578.80 Safari/537.36"
51.158.70.53 - - [06/Apr/2020:12:19:20 +0200] "GET /js/varien/js.js HTTP/1.1" 404 1052 "-" "Mozilla/5.0 (Windows NT 10.0; Win64; x64) AppleWebKit/537.36 (KHTML, like Gecko) Chrome/71.0.3578.80 Safari/537.36"
51.158.70.53 - - [06/Apr/2020:12:19:20 +0200] "GET /js/mage/adminhtml/sales.js HTTP/1.1" 404 1052 "-" "Mozilla/5.0 (Windows NT 10.0; Win64; x64) AppleWebKit/537.36 (KHTML, like Gecko) Chrome/71.0.3578.80 Safari/537.36"
51.158.70.53 - - [06/Apr/2020:12:19:20 +0200] "GET /js/mage/adminhtml/tools.js HTTP/1.1" 404 1052 "-" "Mozilla/5.0 (Windows NT 10.0; Win64; x64) AppleWebKit/537.36 (KHTML, like Gecko) Chrome/71.0.3578.80 Safari/537.36"
51.158.70.53 - - [06/Apr/2020:12:19:20 +0200] "GET /js/mage/translate_inline.js HTTP/1.1" 404 1052 "-" "Mozilla/5.0 (Windows NT 10.0; Win64; x64) AppleWebKit/537.36 (KHTML, like Gecko) Chrome/71.0.3578.80 Safari/537.36"
51.158.70.53 - - [06/Apr/2020:12:19:20 +0200] "GET / HTTP/1.1" 200 4862 "-" "Mozilla/5.0 (Windows NT 10.0; Win64; x64) AppleWebKit/537.36 (KHTML, like Gecko) Chrome/71.0.3578.80 Safari/537.36"
51.158.70.53 - - [06/Apr/2020:12:19:20 +0200] "GET /skin/adminhtml/default/default/boxes.css HTTP/1.1" 404 1052 "-" "Mozilla/5.0 (Windows NT 10.0; Win64; x64) AppleWebKit/537.36 (KHTML, like Gecko) Chrome/71.0.3578.80 Safari/537.36"
51.158.70.53 - - [06/Apr/2020:12:19:20 +0200] "GET /magento_version HTTP/1.1" 404 1052 "-" "Mozilla/5.0 (Windows NT 10.0; Win64; x64) AppleWebKit/537.36 (KHTML, like Gecko) Chrome/71.0.3578.80 Safari/537.36"
51.158.70.53 - - [06/Apr/2020:12:19:20 +0200] "GET /admin HTTP/1.1" 404 1052 "-" "Mozilla/5.0 (Windows NT 10.0; Win64; x64) AppleWebKit/537.36 (KHTML, like Gecko) Chrome/71.0.3578.80 Safari/537.36"
51.158.70.53 - - [06/Apr/2020:12:19:20 +0200] "GET / HTTP/1.1" 200 4862 "-" "Mozilla/5.0 (Windows NT 10.0; Win64; x64) AppleWebKit/537.36 (KHTML, like Gecko) Chrome/71.0.3578.80 Safari/537.36"
51.158.70.53 - - [06/Apr/2020:12:19:20 +0200] "GET /catalog/view/theme/default/stylesheet/stylesheet.css HTTP/1.1" 404 1052 "-" "Mozilla/5.0 (Windows NT 10.0; Win64; x64) AppleWebKit/537.36 (KHTML, like Gecko) Chrome/71.0.3578.80 Safari/537.36"
51.158.70.53 - - [06/Apr/2020:12:19:20 +0200] "GET /order/catalog/view/theme/default/stylesheet/stylesheet.css HTTP/1.1" 404 1052 "-" "Mozilla/5.0 (Windows NT 10.0; Win64; x64) AppleWebKit/537.36 (KHTML, like Gecko) Chrome/71.0.3578.80 Safari/537.36"
51.158.70.53 - - [06/Apr/2020:12:19:20 +0200] "GET /catalog/view/javascript/common.js HTTP/1.1" 404 1052 "-" "Mozilla/5.0 (Windows NT 10.0; Win64; x64) AppleWebKit/537.36 (KHTML, like Gecko) Chrome/71.0.3578.80 Safari/537.36"
51.158.70.53 - - [06/Apr/2020:12:19:20 +0200] "GET /CHANGELOG.txt HTTP/1.1" 404 1052 "-" "Mozilla/5.0 (Windows NT 10.0; Win64; x64) AppleWebKit/537.36 (KHTML, like Gecko) Chrome/71.0.3578.80 Safari/537.36"
51.158.70.53 - - [06/Apr/2020:12:19:20 +0200] "GET /core/CHANGELOG.txt HTTP/1.1" 404 1052 "-" "Mozilla/5.0 (Windows NT 10.0; Win64; x64) AppleWebKit/537.36 (KHTML, like Gecko) Chrome/71.0.3578.80 Safari/537.36"
51.158.70.53 - - [06/Apr/2020:12:19:20 +0200] "GET / HTTP/1.1" 200 4862 "-" "Mozilla/5.0 (Windows NT 10.0; Win64; x64) AppleWebKit/537.36 (KHTML, like Gecko) Chrome/71.0.3578.80 Safari/537.36"
51.158.70.53 - - [06/Apr/2020:12:19:20 +0200] "GET /misc/druplicon.png HTTP/1.1" 404 1052 "-" "Mozilla/5.0 (Windows NT 10.0; Win64; x64) AppleWebKit/537.36 (KHTML, like Gecko) Chrome/71.0.3578.80 Safari/537.36"
51.158.70.53 - - [06/Apr/2020:12:19:20 +0200] "GET /misc/drupal.js HTTP/1.1" 404 1052 "-" "Mozilla/5.0 (Windows NT 10.0; Win64; x64) AppleWebKit/537.36 (KHTML, like Gecko) Chrome/71.0.3578.80 Safari/537.36"
51.158.70.53 - - [06/Apr/2020:12:19:20 +0200] "GET / HTTP/1.1" 200 4862 "-" "Mozilla/5.0 (Windows NT 10.0; Win64; x64) AppleWebKit/537.36 (KHTML, like Gecko) Chrome/71.0.3578.80 Safari/537.36"
51.158.70.53 - - [06/Apr/2020:12:19:20 +0200] "GET /js/mage/adminhtml/product.js HTTP/1.1" 404 1052 "-" "Mozilla/5.0 (Windows NT 10.0; Win64; x64) AppleWebKit/537.36 (KHTML, like Gecko) Chrome/71.0.3578.80 Safari/537.36"
51.158.70.53 - - [06/Apr/2020:12:19:20 +0200] "GET / HTTP/1.1" 200 4862 "-" "Mozilla/5.0 (Windows NT 10.0; Win64; x64) AppleWebKit/537.36 (KHTML, like Gecko) Chrome/71.0.3578.80 Safari/537.36"
51.158.70.53 - - [06/Apr/2020:12:19:20 +0200] "GET /js/eccube.js HTTP/1.1" 404 1052 "-" "Mozilla/5.0 (Windows NT 10.0; Win64; x64) AppleWebKit/537.36 (KHTML, like Gecko) Chrome/71.0.3578.80 Safari/537.36"
51.158.70.53 - - [06/Apr/2020:12:19:20 +0200] "GET /js/eccube.legacy.js HTTP/1.1" 404 1052 "-" "Mozilla/5.0 (Windows NT 10.0; Win64; x64) AppleWebKit/537.36 (KHTML, like Gecko) Chrome/71.0.3578.80 Safari/537.36"
51.158.70.53 - - [06/Apr/2020:12:19:20 +0200] "GET /js/css.js HTTP/1.1" 404 1052 "-" "Mozilla/5.0 (Windows NT 10.0; Win64; x64) AppleWebKit/537.36 (KHTML, like Gecko) Chrome/71.0.3578.80 Safari/537.36"
51.158.70.53 - - [06/Apr/2020:12:19:20 +0200] "GET /js/navi.js HTTP/1.1" 404 1052 "-" "Mozilla/5.0 (Windows NT 10.0; Win64; x64) AppleWebKit/537.36 (KHTML, like Gecko) Chrome/71.0.3578.80 Safari/537.36"
51.158.70.53 - - [06/Apr/2020:12:19:20 +0200] "GET /js/win_op.js HTTP/1.1" 404 1052 "-" "Mozilla/5.0 (Windows NT 10.0; Win64; x64) AppleWebKit/537.36 (KHTML, like Gecko) Chrome/71.0.3578.80 Safari/537.36"
51.158.70.53 - - [06/Apr/2020:12:19:20 +0200] "GET /js/site.js HTTP/1.1" 404 1052 "-" "Mozilla/5.0 (Windows NT 10.0; Win64; x64) AppleWebKit/537.36 (KHTML, like Gecko) Chrome/71.0.3578.80 Safari/537.36"
51.158.70.53 - - [06/Apr/2020:12:19:20 +0200] "GET /js/locale.js HTTP/1.1" 404 1052 "-" "Mozilla/5.0 (Windows NT 10.0; Win64; x64) AppleWebKit/537.36 (KHTML, like Gecko) Chrome/71.0.3578.80 Safari/537.36"
51.158.70.53 - - [06/Apr/2020:12:19:20 +0200] "GET /admin/ HTTP/1.1" 404 1052 "-" "Mozilla/5.0 (Windows NT 10.0; Win64; x64) AppleWebKit/537.36 (KHTML, like Gecko) Chrome/71.0.3578.80 Safari/537.36"
51.158.70.53 - - [06/Apr/2020:12:19:20 +0200] "GET /user_data/css/common.css HTTP/1.1" 404 1052 "-" "Mozilla/5.0 (Windows NT 10.0; Win64; x64) AppleWebKit/537.36 (KHTML, like Gecko) Chrome/71.0.3578.80 Safari/537.36"
51.158.70.53 - - [06/Apr/2020:12:19:20 +0200] "GET /template/admin/assets/img/logo2.png HTTP/1.1" 404 1052 "-" "Mozilla/5.0 (Windows NT 10.0; Win64; x64) AppleWebKit/537.36 (KHTML, like Gecko) Chrome/71.0.3578.80 Safari/537.36"
51.158.70.53 - - [06/Apr/2020:12:19:20 +0200] "GET /user_data/packages/default/img/common/favicon.ico HTTP/1.1" 404 1052 "-" "Mozilla/5.0 (Windows NT 10.0; Win64; x64) AppleWebKit/537.36 (KHTML, like Gecko) Chrome/71.0.3578.80 Safari/537.36"
51.158.70.53 - - [06/Apr/2020:12:19:20 +0200] "GET / HTTP/1.1" 200 4862 "-" "Mozilla/5.0 (Windows NT 10.0; Win64; x64) AppleWebKit/537.36 (KHTML, like Gecko) Chrome/71.0.3578.80 Safari/537.36"
51.158.70.53 - - [06/Apr/2020:12:19:20 +0200] "GET / HTTP/1.1" 200 4862 "-" "Mozilla/5.0 (Windows NT 10.0; Win64; x64) AppleWebKit/537.36 (KHTML, like Gecko) Chrome/71.0.3578.80 Safari/537.36"
51.158.70.53 - - [06/Apr/2020:12:19:20 +0200] "GET /js/lib/flex.js HTTP/1.1" 404 1052 "-" "Mozilla/5.0 (Windows NT 10.0; Win64; x64) AppleWebKit/537.36 (KHTML, like Gecko) Chrome/71.0.3578.80 Safari/537.36"
51.158.70.53 - - [06/Apr/2020:12:19:20 +0200] "GET / HTTP/1.1" 200 4862 "-" "Mozilla/5.0 (Windows NT 10.0; Win64; x64) AppleWebKit/537.36 (KHTML, like Gecko) Chrome/71.0.3578.80 Safari/537.36"
51.158.70.53 - - [06/Apr/2020:12:19:20 +0200] "GET /INSTALL.txt HTTP/1.1" 404 1052 "-" "Mozilla/5.0 (Windows NT 10.0; Win64; x64) AppleWebKit/537.36 (KHTML, like Gecko) Chrome/71.0.3578.80 Safari/537.36"
51.158.70.53 - - [06/Apr/2020:12:19:20 +0200] "GET / HTTP/1.1" 200 4862 "-" "Mozilla/5.0 (Windows NT 10.0; Win64; x64) AppleWebKit/537.36 (KHTML, like Gecko) Chrome/71.0.3578.80 Safari/537.36"
51.158.70.53 - - [06/Apr/2020:12:19:20 +0200] "GET / HTTP/1.1" 200 4862 "-" "Mozilla/5.0 (Windows NT 10.0; Win64; x64) AppleWebKit/537.36 (KHTML, like Gecko) Chrome/71.0.3578.80 Safari/537.36"
51.158.70.53 - - [06/Apr/2020:12:19:20 +0200] "GET /administrator/manifests/files/joomla.xml HTTP/1.1" 404 1052 "-" "Mozilla/5.0 (Windows NT 10.0; Win64; x64) AppleWebKit/537.36 (KHTML, like Gecko) Chrome/71.0.3578.80 Safari/537.36"
51.158.70.53 - - [06/Apr/2020:12:19:20 +0200] "GET /a/j/volusion.js HTTP/1.1" 404 1052 "-" "Mozilla/5.0 (Windows NT 10.0; Win64; x64) AppleWebKit/537.36 (KHTML, like Gecko) Chrome/71.0.3578.80 Safari/537.36"
51.158.70.53 - - [06/Apr/2020:12:19:20 +0200] "GET / HTTP/1.1" 200 4862 "-" "Mozilla/5.0 (Windows NT 10.0; Win64; x64) AppleWebKit/537.36 (KHTML, like Gecko) Chrome/71.0.3578.80 Safari/537.36"
51.158.70.53 - - [06/Apr/2020:12:19:20 +0200] "GET / HTTP/1.1" 200 4862 "-" "Mozilla/5.0 (Windows NT 10.0; Win64; x64) AppleWebKit/537.36 (KHTML, like Gecko) Chrome/71.0.3578.80 Safari/537.36"
51.158.70.53 - - [06/Apr/2020:12:19:20 +0200] "GET /README.md HTTP/1.1" 404 1052 "-" "Mozilla/5.0 (Windows NT 10.0; Win64; x64) AppleWebKit/537.36 (KHTML, like Gecko) Chrome/71.0.3578.80 Safari/537.36"
51.158.70.53 - - [06/Apr/2020:12:19:20 +0200] "GET /js/prototype/validation.js HTTP/1.1" 404 1052 "-" "Mozilla/5.0 (Windows NT 10.0; Win64; x64) AppleWebKit/537.36 (KHTML, like Gecko) Chrome/71.0.3578.80 Safari/537.36"
51.158.70.53 - - [06/Apr/2020:12:19:20 +0200] "GET /RELEASE_NOTES.txt HTTP/1.1" 404 1052 "-" "Mozilla/5.0 (Windows NT 10.0; Win64; x64) AppleWebKit/537.36 (KHTML, like Gecko) Chrome/71.0.3578.80 Safari/537.36"
51.158.70.53 - - [06/Apr/2020:12:19:20 +0200] "GET /js/varien/js.js HTTP/1.1" 404 1052 "-" "Mozilla/5.0 (Windows NT 10.0; Win64; x64) AppleWebKit/537.36 (KHTML, like Gecko) Chrome/71.0.3578.80 Safari/537.36"
51.158.70.53 - - [06/Apr/2020:12:19:20 +0200] "GET /js/mage/cookies.js HTTP/1.1" 404 1052 "-" "Mozilla/5.0 (Windows NT 10.0; Win64; x64) AppleWebKit/537.36 (KHTML, like Gecko) Chrome/71.0.3578.80 Safari/537.36"
51.158.70.53 - - [06/Apr/2020:12:19:20 +0200] "GET /js/varien/js.js HTTP/1.1" 404 1052 "-" "Mozilla/5.0 (Windows NT 10.0; Win64; x64) AppleWebKit/537.36 (KHTML, like Gecko) Chrome/71.0.3578.80 Safari/537.36"
51.158.70.53 - - [06/Apr/2020:12:19:20 +0200] "GET /js/js.js HTTP/1.1" 404 1052 "-" "Mozilla/5.0 (Windows NT 10.0; Win64; x64) AppleWebKit/537.36 (KHTML, like Gecko) Chrome/71.0.3578.80 Safari/537.36"
51.158.70.53 - - [06/Apr/2020:12:19:20 +0200] "GET / HTTP/1.1" 200 4862 "-" "Mozilla/5.0 (Windows NT 10.0; Win64; x64) AppleWebKit/537.36 (KHTML, like Gecko) Chrome/71.0.3578.80 Safari/537.36"
51.158.70.53 - - [06/Apr/2020:12:19:20 +0200] "HEAD / HTTP/1.1" 200 162 "-" "Mozilla/5.0 (Windows NT 10.0; Win64; x64) AppleWebKit/537.36 (KHTML, like Gecko) Chrome/71.0.3578.80 Safari/537.36"
51.158.70.53 - - [06/Apr/2020:12:19:20 +0200] "GET / HTTP/1.1" 200 4862 "-" "Mozilla/5.0 (Windows NT 10.0; Win64; x64) AppleWebKit/537.36 (KHTML, like Gecko) Chrome/71.0.3578.80 Safari/537.36"
51.158.70.53 - - [06/Apr/2020:12:19:20 +0200] "GET / HTTP/1.1" 200 4862 "-" "Mozilla/5.0 (Windows NT 10.0; Win64; x64) AppleWebKit/537.36 (KHTML, like Gecko) Chrome/71.0.3578.80 Safari/537.36"
51.158.70.53 - - [06/Apr/2020:12:19:20 +0200] "GET / HTTP/1.1" 200 4862 "-" "Mozilla/5.0 (Windows NT 10.0; Win64; x64) AppleWebKit/537.36 (KHTML, like Gecko) Chrome/71.0.3578.80 Safari/537.36"
51.158.70.53 - - [06/Apr/2020:12:19:20 +0200] "GET / HTTP/1.1" 200 4862 "-" "Mozilla/5.0 (Windows NT 10.0; Win64; x64) AppleWebKit/537.36 (KHTML, like Gecko) Chrome/71.0.3578.80 Safari/537.36"
51.158.70.53 - - [06/Apr/2020:12:19:20 +0200] "GET / HTTP/1.1" 200 4862 "-" "Mozilla/5.0 (Windows NT 10.0; Win64; x64) AppleWebKit/537.36 (KHTML, like Gecko) Chrome/71.0.3578.80 Safari/537.36"
51.158.70.53 - - [06/Apr/2020:12:19:20 +0200] "GET / HTTP/1.1" 200 4862 "-" "Mozilla/5.0 (Windows NT 10.0; Win64; x64) AppleWebKit/537.36 (KHTML, like Gecko) Chrome/71.0.3578.80 Safari/537.36"
51.158.70.53 - - [06/Apr/2020:12:19:20 +0200] "GET / HTTP/1.1" 200 4862 "-" "Mozilla/5.0 (Windows NT 10.0; Win64; x64) AppleWebKit/537.36 (KHTML, like Gecko) Chrome/71.0.3578.80 Safari/537.36"
51.158.70.53 - - [06/Apr/2020:12:19:20 +0200] "GET / HTTP/1.1" 200 4862 "-" "Mozilla/5.0 (Windows NT 10.0; Win64; x64) AppleWebKit/537.36 (KHTML, like Gecko) Chrome/71.0.3578.80 Safari/537.36"
51.158.70.53 - - [06/Apr/2020:12:19:20 +0200] "GET / HTTP/1.1" 200 4918 "-" "Mozilla/5.0 (Windows NT 10.0; Win64; x64) AppleWebKit/537.36 (KHTML, like Gecko) Chrome/71.0.3578.80 Safari/537.36"
51.158.70.53 - - [06/Apr/2020:12:19:20 +0200] "GET /assets/style.css HTTP/1.1" 200 4652 "http://materiel-esthetique.fr/" "Mozilla/5.0 (Windows NT 10.0; Win64; x64) AppleWebKit/537.36 (KHTML, like Gecko) Chrome/71.0.3578.80 Safari/537.36"
51.158.70.53 - - [06/Apr/2020:12:19:20 +0200] "GET /assets/styles.css HTTP/1.1" 200 3019 "http://materiel-esthetique.fr/" "Mozilla/5.0 (Windows NT 10.0; Win64; x64) AppleWebKit/537.36 (KHTML, like Gecko) Chrome/71.0.3578.80 Safari/537.36"
51.158.70.53 - - [06/Apr/2020:12:19:20 +0200] "GET /visuels/logo.png HTTP/1.1" 200 4435 "http://materiel-esthetique.fr/" "Mozilla/5.0 (Windows NT 10.0; Win64; x64) AppleWebKit/537.36 (KHTML, like Gecko) Chrome/71.0.3578.80 Safari/537.36"
51.158.70.53 - - [06/Apr/2020:12:19:20 +0200] "GET /tarteaucitron/tarteaucitron.js HTTP/1.1" 200 9764 "http://materiel-esthetique.fr/" "Mozilla/5.0 (Windows NT 10.0; Win64; x64) AppleWebKit/537.36 (KHTML, like Gecko) Chrome/71.0.3578.80 Safari/537.36"
51.158.70.53 - - [06/Apr/2020:12:19:20 +0200] "GET /visuels/logo-esthetiquepro.png HTTP/1.1" 200 6507 "http://materiel-esthetique.fr/" "Mozilla/5.0 (Windows NT 10.0; Win64; x64) AppleWebKit/537.36 (KHTML, like Gecko) Chrome/71.0.3578.80 Safari/537.36"
51.158.70.53 - - [06/Apr/2020:12:19:21 +0200] "GET /assets/index.js HTTP/1.1" 200 1816 "http://materiel-esthetique.fr/" "Mozilla/5.0 (Windows NT 10.0; Win64; x64) AppleWebKit/537.36 (KHTML, like Gecko) Chrome/71.0.3578.80 Safari/537.36"
51.158.70.53 - - [06/Apr/2020:12:19:21 +0200] "GET /visuels/amincissement-cryolipolyse.jpg HTTP/1.1" 200 47151 "http://materiel-esthetique.fr/" "Mozilla/5.0 (Windows NT 10.0; Win64; x64) AppleWebKit/537.36 (KHTML, like Gecko) Chrome/71.0.3578.80 Safari/537.36"
51.158.70.53 - - [06/Apr/2020:12:19:21 +0200] "GET /visuels/vagues-top.png HTTP/1.1" 200 19592 "http://materiel-esthetique.fr/" "Mozilla/5.0 (Windows NT 10.0; Win64; x64) AppleWebKit/537.36 (KHTML, like Gecko) Chrome/71.0.3578.80 Safari/537.36"
51.158.70.53 - - [06/Apr/2020:12:19:21 +0200] "GET /visuels/vagues-bottom.png HTTP/1.1" 200 19720 "http://materiel-esthetique.fr/" "Mozilla/5.0 (Windows NT 10.0; Win64; x64) AppleWebKit/537.36 (KHTML, like Gecko) Chrome/71.0.3578.80 Safari/537.36"
51.158.70.53 - - [06/Apr/2020:12:19:21 +0200] "GET /visuels/slide.jpg HTTP/1.1" 200 66640 "http://materiel-esthetique.fr/assets/style.css" "Mozilla/5.0 (Windows NT 10.0; Win64; x64) AppleWebKit/537.36 (KHTML, like Gecko) Chrome/71.0.3578.80 Safari/537.36"
51.158.70.53 - - [06/Apr/2020:12:19:21 +0200] "GET /visuels/bg-qui-sommes-nous.jpg HTTP/1.1" 200 161420 "http://materiel-esthetique.fr/assets/style.css" "Mozilla/5.0 (Windows NT 10.0; Win64; x64) AppleWebKit/537.36 (KHTML, like Gecko) Chrome/71.0.3578.80 Safari/537.36"
51.158.70.53 - - [06/Apr/2020:12:19:22 +0200] "GET /tarteaucitron/css/tarteaucitron.css?v=323 HTTP/1.1" 200 2494 "http://materiel-esthetique.fr/" "Mozilla/5.0 (Windows NT 10.0; Win64; x64) AppleWebKit/537.36 (KHTML, like Gecko) Chrome/71.0.3578.80 Safari/537.36"
51.158.70.53 - - [06/Apr/2020:12:19:22 +0200] "GET /tarteaucitron/lang/tarteaucitron.en.js?v=323 HTTP/1.1" 200 1391 "http://materiel-esthetique.fr/" "Mozilla/5.0 (Windows NT 10.0; Win64; x64) AppleWebKit/537.36 (KHTML, like Gecko) Chrome/71.0.3578.80 Safari/537.36"
51.158.70.53 - - [06/Apr/2020:12:19:22 +0200] "GET /tarteaucitron/tarteaucitron.services.js?v=323 HTTP/1.1" 200 10569 "http://materiel-esthetique.fr/" "Mozilla/5.0 (Windows NT 10.0; Win64; x64) AppleWebKit/537.36 (KHTML, like Gecko) Chrome/71.0.3578.80 Safari/537.36"
40.77.167.99 - - [06/Apr/2020:12:19:28 +0200] "GET /wrap HTTP/1.1" 404 1108 "-" "Mozilla/5.0 (compatible; bingbot/2.0; +http://www.bing.com/bingbot.htm)"
192.184.46.243 - - [06/Apr/2020:12:19:41 +0200] "GET //modules/smartprestashopthemeadmin/upload/hx.php?gc=2397&dm=jppr2.xyz&fl=index.php&rn=637217937758106250&id=2397 HTTP/1.1" 404 1108 "-" "Mozilla/5.0 (compatible; MSIE 9.0; Windows NT 6.1; Trident/5.0)"
192.184.46.243 - - [06/Apr/2020:12:19:42 +0200] "GET //modules/smartprestashopthemeadmin/upload/hx.php?gc=2397&dm=jppr2.xyz&fl=index.php&rn=637217937762012500&id=2397 HTTP/1.1" 404 1052 "-" "Mozilla/5.0 (compatible; MSIE 9.0; Windows NT 6.1; Trident/5.0)"
192.184.46.243 - - [06/Apr/2020:12:19:42 +0200] "GET //modules/smartprestashopthemeadmin/upload/hx.php?gc=2397&dm=jppr2.xyz&fl=index.php&rn=637217937764043750&id=2397 HTTP/1.1" 404 1052 "-" "Mozilla/5.0 (compatible; MSIE 9.0; Windows NT 6.1; Trident/5.0)"
46.229.168.146 - - [06/Apr/2020:12:19:42 +0200] "GET /index.php/d4uz9f118s.af HTTP/1.1" 200 4881 "-" "Mozilla/5.0 (compatible; SemrushBot/6~bl; +http://www.semrush.com/bot.html)"
66.249.68.10 - - [06/Apr/2020:12:19:50 +0200] "GET /1x6rs.mp HTTP/1.1" 404 1108 "-" "Mozilla/5.0 (Linux; Android 6.0.1; Nexus 5X Build/MMB29P) AppleWebKit/537.36 (KHTML, like Gecko) Chrome/41.0.2272.96 Mobile Safari/537.36 (compatible; Googlebot/2.1; +http://www.google.com/bot.html)"
157.55.39.104 - - [06/Apr/2020:12:20:05 +0200] "GET /akm2m1m HTTP/1.1" 404 1108 "-" "Mozilla/5.0 (compatible; bingbot/2.0; +http://www.bing.com/bingbot.htm)"
40.77.167.36 - - [06/Apr/2020:12:21:02 +0200] "GET /7ap6o7.com HTTP/1.1" 404 1108 "-" "Mozilla/5.0 (compatible; bingbot/2.0; +http://www.bing.com/bingbot.htm)"
157.55.39.104 - - [06/Apr/2020:12:21:26 +0200] "GET /lvzakq7veml3ahxtid1l84b.za HTTP/1.1" 404 1108 "-" "Mozilla/5.0 (compatible; bingbot/2.0; +http://www.bing.com/bingbot.htm)"
40.77.167.36 - - [06/Apr/2020:12:21:47 +0200] "GET /?mj9de.nl HTTP/1.1" 200 4918 "-" "Mozilla/5.0 (compatible; bingbot/2.0; +http://www.bing.com/bingbot.htm)"
192.184.46.243 - - [06/Apr/2020:12:24:10 +0200] "GET //modules/smartprestashopthemeadmin/upload/hx.php?gc=2397&dm=jppr2.xyz&fl=index.php&rn=637217940446231250&id=2397 HTTP/1.1" 404 1108 "-" "Mozilla/5.0 (compatible; MSIE 9.0; Windows NT 6.1; Trident/5.0)"
192.184.46.243 - - [06/Apr/2020:12:24:10 +0200] "GET //modules/smartprestashopthemeadmin/upload/hx.php?gc=2397&dm=jppr2.xyz&fl=index.php&rn=637217940449668750&id=2397 HTTP/1.1" 404 1052 "-" "Mozilla/5.0 (compatible; MSIE 9.0; Windows NT 6.1; Trident/5.0)"
192.184.46.243 - - [06/Apr/2020:12:24:11 +0200] "GET //modules/smartprestashopthemeadmin/upload/hx.php?gc=2397&dm=jppr2.xyz&fl=index.php&rn=637217940451856250&id=2397 HTTP/1.1" 404 1052 "-" "Mozilla/5.0 (compatible; MSIE 9.0; Windows NT 6.1; Trident/5.0)"
46.229.168.131 - - [06/Apr/2020:12:24:56 +0200] "GET /index.php/ix2jl6j HTTP/1.1" 200 4881 "-" "Mozilla/5.0 (compatible; SemrushBot/6~bl; +http://www.semrush.com/bot.html)"
40.77.167.99 - - [06/Apr/2020:12:25:20 +0200] "GET /0yah23qphpljwqfpzo9l8j2us.ltd HTTP/1.1" 404 1108 "-" "Mozilla/5.0 (compatible; bingbot/2.0; +http://www.bing.com/bingbot.htm)"
157.55.39.104 - - [06/Apr/2020:12:25:48 +0200] "GET /5kk1mao5.tax HTTP/1.1" 404 1108 "-" "Mozilla/5.0 (compatible; bingbot/2.0; +http://www.bing.com/bingbot.htm)"
66.249.79.230 - - [06/Apr/2020:12:25:50 +0200] "GET /xwsr7zp HTTP/1.1" 404 1108 "-" "Mozilla/5.0 (Linux; Android 6.0.1; Nexus 5X Build/MMB29P) AppleWebKit/537.36 (KHTML, like Gecko) Chrome/41.0.2272.96 Mobile Safari/537.36 (compatible; Googlebot/2.1; +http://www.google.com/bot.html)"
66.249.79.232 - - [06/Apr/2020:12:26:16 +0200] "GET /?za59ajnqw53ck3qwqnk.vin HTTP/1.1" 200 4918 "-" "Mozilla/5.0 (Linux; Android 6.0.1; Nexus 5X Build/MMB29P) AppleWebKit/537.36 (KHTML, like Gecko) Chrome/80.0.3987.92 Mobile Safari/537.36 (compatible; Googlebot/2.1; +http://www.google.com/bot.html)"
40.77.167.36 - - [06/Apr/2020:12:26:43 +0200] "GET /obsjq1cps8i18rhggzvyk2m.nl HTTP/1.1" 404 1108 "-" "Mozilla/5.0 (compatible; bingbot/2.0; +http://www.bing.com/bingbot.htm)"
46.229.168.161 - - [06/Apr/2020:12:26:45 +0200] "GET /index.php/ccsram16h4yn3i.aspx HTTP/1.1" 200 4881 "-" "Mozilla/5.0 (compatible; SemrushBot/6~bl; +http://www.semrush.com/bot.html)"
157.55.39.104 - - [06/Apr/2020:12:26:47 +0200] "GET /k3qn0823.watch HTTP/1.1" 404 1108 "-" "Mozilla/5.0 (compatible; bingbot/2.0; +http://www.bing.com/bingbot.htm)"
40.77.167.36 - - [06/Apr/2020:12:27:03 +0200] "GET /qj0w8u1.accountant HTTP/1.1" 404 1108 "-" "Mozilla/5.0 (compatible; bingbot/2.0; +http://www.bing.com/bingbot.htm)"
157.55.39.104 - - [06/Apr/2020:12:28:04 +0200] "GET /13sfxle6yx.tech HTTP/1.1" 404 1108 "-" "Mozilla/5.0 (compatible; bingbot/2.0; +http://www.bing.com/bingbot.htm)"
23.100.232.233 - - [06/Apr/2020:12:28:19 +0200] "GET /ww08reu7ux3.aspx HTTP/1.1" 404 1108 "-" "Mozilla/5.0 (compatible; MSIE 9.0; Windows NT 6.0; Trident/5.0;  Trident/5.0)"
23.100.232.233 - - [06/Apr/2020:12:28:20 +0200] "GET /error_docs/styles.css HTTP/1.1" 200 1291 "http://www.materiel-esthetique.fr/ww08reu7ux3.aspx" "Mozilla/5.0 (compatible; MSIE 9.0; Windows NT 6.0; Trident/5.0;  Trident/5.0)"
23.100.232.233 - - [06/Apr/2020:12:28:20 +0200] "GET /error_docs/server.svg HTTP/1.1" 200 7714 "http://www.materiel-esthetique.fr/ww08reu7ux3.aspx" "Mozilla/5.0 (compatible; MSIE 9.0; Windows NT 6.0; Trident/5.0;  Trident/5.0)"
46.229.168.142 - - [06/Apr/2020:12:28:51 +0200] "GET /index.php/9q92691xcexencza649a.science HTTP/1.1" 200 4881 "-" "Mozilla/5.0 (compatible; SemrushBot/6~bl; +http://www.semrush.com/bot.html)"
46.229.168.161 - - [06/Apr/2020:12:29:05 +0200] "GET /index.php/r9oasa HTTP/1.1" 200 4881 "-" "Mozilla/5.0 (compatible; SemrushBot/6~bl; +http://www.semrush.com/bot.html)"
192.184.46.243 - - [06/Apr/2020:12:29:11 +0200] "GET //modules/smartprestashopthemeadmin/upload/hx.php?gc=2397&dm=jppr2.xyz&fl=index.php&rn=637217943453575000&id=2397 HTTP/1.1" 404 1108 "-" "Mozilla/5.0 (compatible; MSIE 9.0; Windows NT 6.1; Trident/5.0)"
192.184.46.243 - - [06/Apr/2020:12:29:11 +0200] "GET //modules/smartprestashopthemeadmin/upload/hx.php?gc=2397&dm=jppr2.xyz&fl=index.php&rn=637217943457012500&id=2397 HTTP/1.1" 404 1052 "-" "Mozilla/5.0 (compatible; MSIE 9.0; Windows NT 6.1; Trident/5.0)"
192.184.46.243 - - [06/Apr/2020:12:29:11 +0200] "GET //modules/smartprestashopthemeadmin/upload/hx.php?gc=2397&dm=jppr2.xyz&fl=index.php&rn=637217943458887500&id=2397 HTTP/1.1" 404 1052 "-" "Mozilla/5.0 (compatible; MSIE 9.0; Windows NT 6.1; Trident/5.0)"
40.77.167.99 - - [06/Apr/2020:12:29:24 +0200] "GET /krntl.taipei HTTP/1.1" 404 1108 "-" "Mozilla/5.0 (compatible; bingbot/2.0; +http://www.bing.com/bingbot.htm)"
